10-22 13:04:29.102  2490  3194 W System.err: 	at com.askey.AzureDeviceManager.DPSClient.DpsActivating.getToken(DpsActivating.java:120)
10-22 13:04:29.102  2490  3194 W System.err: 	at com.askey.AzureDeviceManager.DPSClient.DpsActivating.activateToDps(DpsActivating.java:250)
10-22 13:04:29.102  2490  3194 W System.err: 	at com.askey.AzureDeviceManager.DPSClient.DpsActivating.run(DpsActivating.java:77)
10-22 13:04:29.102  2490  3194 W System.err: 	at java.lang.Thread.run(Thread.java:764)
10-22 13:04:29.109  2490  3194 D ManageSharedData:: isExistDir:   savePath:  /storage/emulated/0/AzureDMC
10-22 13:04:29.110  2490  3194 W System.err: org.json.JSONException: End of input at character 0 of 
10-22 13:04:29.111  2490  3194 W System.err: 	at org.json.JSONTokener.syntaxError(JSONTokener.java:449)
10-22 13:04:29.111  2490  3194 W System.err: 	at org.json.JSONTokener.nextValue(JSONTokener.java:97)
10-22 13:04:29.111  2490  3194 W System.err: 	at org.json.JSONObject.<init>(JSONObject.java:159)
10-22 13:04:29.112  2490  3194 W System.err: 	at org.json.JSONObject.<init>(JSONObject.java:176)
10-22 13:04:29.112  2490  3194 W System.err: 	at com.askey.AzureDeviceManager.DPSClient.DpsActivating.getScopeConfig(DpsActivating.java:98)
10-22 13:04:29.112  2490  3194 W System.err: 	at com.askey.AzureDeviceManager.DPSClient.DpsActivating.getToken(DpsActivating.java:120)
10-22 13:04:29.112  2490  3194 W System.err: 	at com.askey.AzureDeviceManager.DPSClient.DpsActivating.activateToDps(DpsActivating.java:250)
10-22 13:04:29.112  2490  3194 W System.err: 	at com.askey.AzureDeviceManager.DPSClient.DpsActivating.run(DpsActivating.java:77)
10-22 13:04:29.113  2490  3194 W System.err: 	at java.lang.Thread.run(Thread.java:764)
10-22 13:04:29.113  2490  3194 E DpsActivating: activateToDps: failed :
10-22 13:04:29.113  2490  3194 E DpsActivating: Attempt to invoke virtual method 'int java.lang.String.length()' on a null object reference
10-22 13:04:29.113  2490  3194 W System.err: java.lang.NullPointerException: Attempt to invoke virtual method 'int java.lang.String.length()' on a null object reference
10-22 13:04:29.113  2490  3194 W System.err: 	at okhttp3.HttpUrl.canonicalize(HttpUrl.java:1868)
10-22 13:04:29.113  2490  3194 W System.err: 	at okhttp3.FormBody$Builder.add(FormBody.java:110)
10-22 13:04:29.114  2490  3194 W System.err: 	at com.askey.AzureDeviceManager.DPSClient.DpsActivating.getToken(DpsActivating.java:124)
10-22 13:04:29.114  2490  3194 W System.err: 	at com.askey.AzureDeviceManager.DPSClient.DpsActivating.activateToDps(DpsActivating.java:250)
10-22 13:04:29.114  2490  3194 W System.err: 	at com.askey.AzureDeviceManager.DPSClient.DpsActivating.run(DpsActivating.java:77)
10-22 13:04:29.114  2490  3194 W System.err: 	at java.lang.Thread.run(Thread.java:764)
10-22 13:04:29.114  2490  3194 D DpsActivating: activateToDps reconnect2
10-22 13:04:29.124  2490  3194 D ManageSharedData:: isExistDir:   savePath:  /storage/emulated/0/AzureDMC
10-22 13:04:30.052   564  2154 I LocSvc_ApiV02: <--- globalEventCb line 124 QMI_LOC_EVENT_GNSS_SV_INFO_IND_V02
10-22 13:04:30.053  1520  1742 I GnssLocationProvider: WakeLock acquired by sendMessage(REPORT_SV_STATUS, 0, com.android.server.location.GnssLocationProvider$SvStatusInfo@8b2768d)
10-22 13:04:30.054  1520  1569 I GnssLocationProvider: WakeLock released by handleMessage(REPORT_SV_STATUS, 0, com.android.server.location.GnssLocationProvider$SvStatusInfo@8b2768d)
10-22 13:04:30.057  2694  2694 I GpsHelper: ===gpsSignalStrength===0
10-22 13:04:30.057  2694  2694 D CameraRecordFragment: onMessageEvent code =2,data = 0
10-22 13:04:30.058  2694  2694 D EventManager: checkDrivingSupportAlertSettingOnOff, eventType=109 off
10-22 13:04:30.059  2694  2694 I GPSStatusManager:  gpsStatusListener GPS_EVENT_SATELLITE_STATUS.-> mGpsUsedInFix : 0
10-22 13:04:30.060   564  2154 I LocSvc_ApiV02: <--- globalEventCb line 124 QMI_LOC_EVENT_POSITION_REPORT_IND_V02
10-22 13:04:30.252  2238  2893 D ---WebRTCService: isMQTTConnected=falsedevice_id=51286E66576DBDD952200BE5E9C1F59E07EEA94A
10-22 13:04:31.053   564  2154 I LocSvc_ApiV02: <--- globalEventCb line 124 QMI_LOC_EVENT_GNSS_SV_INFO_IND_V02
10-22 13:04:31.053   564  2154 I LocSvc_ApiV02: <--- globalEventCb line 124 QMI_LOC_EVENT_POSITION_REPORT_IND_V02
10-22 13:04:31.054  1520  1742 I GnssLocationProvider: WakeLock acquired by sendMessage(REPORT_SV_STATUS, 0, com.android.server.location.GnssLocationProvider$SvStatusInfo@229a042)
10-22 13:04:31.055  1520  1569 I GnssLocationProvider: WakeLock released by handleMessage(REPORT_SV_STATUS, 0, com.android.server.location.GnssLocationProvider$SvStatusInfo@229a042)
10-22 13:04:31.057  2694  2694 I GpsHelper: ===gpsSignalStrength===0
10-22 13:04:31.057  2694  2694 D CameraRecordFragment: onMessageEvent code =2,data = 0
10-22 13:04:31.058  2694  2694 D EventManager: checkDrivingSupportAlertSettingOnOff, eventType=109 off
10-22 13:04:31.059  2694  2694 I GPSStatusManager:  gpsStatusListener GPS_EVENT_SATELLITE_STATUS.-> mGpsUsedInFix : 0
10-22 13:04:31.645  1520  1800 W BestClock: java.time.DateTimeException: Missing NTP fix
10-22 13:04:31.664  1520  1800 W BestClock: java.time.DateTimeException: Missing NTP fix
10-22 13:04:31.667  1520  1765 W BestClock: java.time.DateTimeException: Missing NTP fix
10-22 13:04:31.667  2184  2210 E PhoneInterfaceManager: [PhoneIntfMgr] checkCarrierPrivilegesForPackage: No UICC
10-22 13:04:31.673  2814  2847 I chatty  : uid=1000(system) Binder:2814_1 expire 66 lines
10-22 13:04:31.679  2694  2887 D DeviceReportService: getGpsLatitude...
10-22 13:04:31.680  2694  2887 D DeviceReportService: loc==null
10-22 13:04:31.680  2694  2887 E DeviceReportService: location is null and 0 will be return
10-22 13:04:31.683  2694  2887 D DeviceReportService: getGpsAltitude...
10-22 13:04:31.683  2694  2887 D DeviceReportService: loc==null
10-22 13:04:31.683  2694  2887 E DeviceReportService: location is null and 0 will be return
10-22 13:04:31.686  2694  2887 D DeviceReportService: getGpsLongitude...
10-22 13:04:31.687  2694  2887 D DeviceReportService: loc==null
10-22 13:04:31.687  2694  2887 E DeviceReportService: location is null and 0 will be return
10-22 13:04:31.693  2814  3657 I chatty  : uid=1000(system) Binder:2814_4 expire 17 lines
10-22 13:04:31.699  2694  2887 D DeviceReportService: getGpsSatellites...
10-22 13:04:31.699  2694  2887 D DeviceReportService: gpsStatusList.size ==16
10-22 13:04:31.707  1520  1800 I WifiService: getWifiApConfiguration uid=1000
10-22 13:04:32.054   564  2154 I LocSvc_ApiV02: <--- globalEventCb line 124 QMI_LOC_EVENT_GNSS_SV_INFO_IND_V02
10-22 13:04:32.054   564  2154 I LocSvc_ApiV02: <--- globalEventCb line 124 QMI_LOC_EVENT_POSITION_REPORT_IND_V02
10-22 13:04:32.055  1520  1742 I GnssLocationProvider: WakeLock acquired by sendMessage(REPORT_SV_STATUS, 0, com.android.server.location.GnssLocationProvider$SvStatusInfo@f998853)
10-22 13:04:32.057  1520  1569 I GnssLocationProvider: WakeLock released by handleMessage(REPORT_SV_STATUS, 0, com.android.server.location.GnssLocationProvider$SvStatusInfo@f998853)
10-22 13:04:32.063  2694  2694 I GpsHelper: ===gpsSignalStrength===0
10-22 13:04:32.063  2694  2694 D CameraRecordFragment: onMessageEvent code =2,data = 0
10-22 13:04:32.063  2694  2694 D EventManager: checkDrivingSupportAlertSettingOnOff, eventType=109 off
10-22 13:04:32.064  2694  2694 I GPSStatusManager:  gpsStatusListener GPS_EVENT_SATELLITE_STATUS.-> mGpsUsedInFix : 0
10-22 13:04:33.053   564  2154 I LocSvc_ApiV02: <--- globalEventCb line 124 QMI_LOC_EVENT_GNSS_SV_INFO_IND_V02
10-22 13:04:33.054   564  2154 I LocSvc_ApiV02: <--- globalEventCb line 124 QMI_LOC_EVENT_POSITION_REPORT_IND_V02
10-22 13:04:33.054  1520  1742 I GnssLocationProvider: WakeLock acquired by sendMessage(REPORT_SV_STATUS, 0, com.android.server.location.GnssLocationProvider$SvStatusInfo@f1a8590)
10-22 13:04:33.055  1520  1569 I GnssLocationProvider: WakeLock released by handleMessage(REPORT_SV_STATUS, 0, com.android.server.location.GnssLocationProvider$SvStatusInfo@f1a8590)
10-22 13:04:33.058  2694  2694 I GpsHelper: ===gpsSignalStrength===0
10-22 13:04:33.058  2694  2694 D CameraRecordFragment: onMessageEvent code =2,data = 0
10-22 13:04:33.058  2694  2694 D EventManager: checkDrivingSupportAlertSettingOnOff, eventType=109 off
10-22 13:04:33.060  2694  2694 I GPSStatusManager:  gpsStatusListener GPS_EVENT_SATELLITE_STATUS.-> mGpsUsedInFix : 0
10-22 13:04:34.053   564  2154 I LocSvc_ApiV02: <--- globalEventCb line 124 QMI_LOC_EVENT_GNSS_SV_INFO_IND_V02
10-22 13:04:34.054  1520  1742 I GnssLocationProvider: WakeLock acquired by sendMessage(REPORT_SV_STATUS, 0, com.android.server.location.GnssLocationProvider$SvStatusInfo@5cee89)
10-22 13:04:34.054   564  2154 I LocSvc_ApiV02: <--- globalEventCb line 124 QMI_LOC_EVENT_POSITION_REPORT_IND_V02
10-22 13:04:34.055  1520  1569 I GnssLocationProvider: WakeLock released by handleMessage(REPORT_SV_STATUS, 0, com.android.server.location.GnssLocationProvider$SvStatusInfo@5cee89)
10-22 13:04:34.058  2694  2694 I GpsHelper: ===gpsSignalStrength===0
10-22 13:04:34.058  2694  2694 D CameraRecordFragment: onMessageEvent code =2,data = 0
10-22 13:04:34.059  2694  2694 D EventManager: checkDrivingSupportAlertSettingOnOff, eventType=109 off
10-22 13:04:34.059  2694  2694 I GPSStatusManager:  gpsStatusListener GPS_EVENT_SATELLITE_STATUS.-> mGpsUsedInFix : 0
10-22 13:04:34.669   544  3445 I chatty  : uid=1047(cameraserver) CAM_AECAWB expire 143 lines
10-22 13:04:35.053   564  2154 I LocSvc_ApiV02: <--- globalEventCb line 124 QMI_LOC_EVENT_GNSS_SV_INFO_IND_V02
10-22 13:04:35.054   564  2154 I LocSvc_ApiV02: <--- globalEventCb line 124 QMI_LOC_EVENT_POSITION_REPORT_IND_V02
10-22 13:04:35.054  1520  2579 I GnssLocationProvider: WakeLock acquired by sendMessage(REPORT_SV_STATUS, 0, com.android.server.location.GnssLocationProvider$SvStatusInfo@f357e8e)
10-22 13:04:35.055  1520  1569 I GnssLocationProvider: WakeLock released by handleMessage(REPORT_SV_STATUS, 0, com.android.server.location.GnssLocationProvider$SvStatusInfo@f357e8e)
10-22 13:04:35.058   544  3412 I chatty  : uid=1047(cameraserver) CAM_AECAWB expire 138 lines
10-22 13:04:35.059  2694  2694 I GpsHelper: ===gpsSignalStrength===0
10-22 13:04:35.059  2694  2694 D CameraRecordFragment: onMessageEvent code =2,data = 0
10-22 13:04:35.060  2694  2694 D EventManager: checkDrivingSupportAlertSettingOnOff, eventType=109 off
10-22 13:04:35.061  2694  2694 I GPSStatusManager:  gpsStatusListener GPS_EVENT_SATELLITE_STATUS.-> mGpsUsedInFix : 0
10-22 13:04:35.304  2238  2893 D ---WebRTCService: isMQTTConnected=falsedevice_id=51286E66576DBDD952200BE5E9C1F59E07EEA94A
10-22 13:04:36.056   564  2154 I LocSvc_ApiV02: <--- globalEventCb line 124 QMI_LOC_EVENT_GNSS_SV_INFO_IND_V02
10-22 13:04:36.057  1520  2579 I GnssLocationProvider: WakeLock acquired by sendMessage(REPORT_SV_STATUS, 0, com.android.server.location.GnssLocationProvider$SvStatusInfo@62a56af)
10-22 13:04:36.057  1520  1569 I GnssLocationProvider: WakeLock released by handleMessage(REPORT_SV_STATUS, 0, com.android.server.location.GnssLocationProvider$SvStatusInfo@62a56af)
10-22 13:04:36.058   564  2154 I LocSvc_ApiV02: <--- globalEventCb line 124 QMI_LOC_EVENT_POSITION_REPORT_IND_V02
10-22 13:04:36.060  2694  2694 I GpsHelper: ===gpsSignalStrength===0
10-22 13:04:36.060  2694  2694 D CameraRecordFragment: onMessageEvent code =2,data = 0
10-22 13:04:36.061  2694  2694 D EventManager: checkDrivingSupportAlertSettingOnOff, eventType=109 off
10-22 13:04:36.061  2694  2694 I GPSStatusManager:  gpsStatusListener GPS_EVENT_SATELLITE_STATUS.-> mGpsUsedInFix : 0
10-22 13:04:36.755  1520  1800 W BestClock: java.time.DateTimeException: Missing NTP fix
10-22 13:04:36.771  1520  1800 W BestClock: java.time.DateTimeException: Missing NTP fix
10-22 13:04:36.774  1520  1765 W BestClock: java.time.DateTimeException: Missing NTP fix
10-22 13:04:36.774  2184  2210 E PhoneInterfaceManager: [PhoneIntfMgr] checkCarrierPrivilegesForPackage: No UICC
10-22 13:04:36.780  2814  2867 I chatty  : uid=1000(system) Binder:2814_3 expire 14 lines
10-22 13:04:36.788  2694  3739 D DeviceReportService: getGpsLatitude...
10-22 13:04:36.788  2694  3739 D DeviceReportService: loc==null
10-22 13:04:36.788  2694  3739 E DeviceReportService: location is null and 0 will be return
10-22 13:04:36.791  2694  2887 D DeviceReportService: getGpsAltitude...
10-22 13:04:36.791  2694  2887 D DeviceReportService: loc==null
10-22 13:04:36.791  2694  2887 E DeviceReportService: location is null and 0 will be return
10-22 13:04:36.793  2694  3739 D DeviceReportService: getGpsLongitude...
10-22 13:04:36.793  2694  3739 D DeviceReportService: loc==null
10-22 13:04:36.793  2694  3739 E DeviceReportService: location is null and 0 will be return
10-22 13:04:36.798  2694  3739 D DeviceReportService: getGpsSatellites...
10-22 13:04:36.798  2694  3739 D DeviceReportService: gpsStatusList.size ==16
10-22 13:04:36.805  1520  1800 I WifiService: getWifiApConfiguration uid=1000
10-22 13:04:37.053   564  2154 I LocSvc_ApiV02: <--- globalEventCb line 124 QMI_LOC_EVENT_GNSS_SV_INFO_IND_V02
10-22 13:04:37.054  1520  2579 I GnssLocationProvider: WakeLock acquired by sendMessage(REPORT_SV_STATUS, 0, com.android.server.location.GnssLocationProvider$SvStatusInfo@ca6abc)
10-22 13:04:37.055  1520  1569 I GnssLocationProvider: WakeLock released by handleMessage(REPORT_SV_STATUS, 0, com.android.server.location.GnssLocationProvider$SvStatusInfo@ca6abc)
10-22 13:04:37.055   564  2154 I LocSvc_ApiV02: <--- globalEventCb line 124 QMI_LOC_EVENT_POSITION_REPORT_IND_V02
10-22 13:04:37.058  2694  2694 I GpsHelper: ===gpsSignalStrength===0
10-22 13:04:37.058  2694  2694 D CameraRecordFragment: onMessageEvent code =2,data = 0
10-22 13:04:37.058  2694  2694 D EventManager: checkDrivingSupportAlertSettingOnOff, eventType=109 off
10-22 13:04:37.059  2694  2694 I GPSStatusManager:  gpsStatusListener GPS_EVENT_SATELLITE_STATUS.-> mGpsUsedInFix : 0
10-22 13:04:38.054   564  2154 I LocSvc_ApiV02: <--- globalEventCb line 124 QMI_LOC_EVENT_GNSS_SV_INFO_IND_V02
10-22 13:04:38.055   564  2154 I LocSvc_ApiV02: <--- globalEventCb line 124 QMI_LOC_EVENT_POSITION_REPORT_IND_V02
10-22 13:04:38.055  1520  2579 I GnssLocationProvider: WakeLock acquired by sendMessage(REPORT_SV_STATUS, 0, com.android.server.location.GnssLocationProvider$SvStatusInfo@c1cea45)
10-22 13:04:38.056  1520  1569 I GnssLocationProvider: WakeLock released by handleMessage(REPORT_SV_STATUS, 0, com.android.server.location.GnssLocationProvider$SvStatusInfo@c1cea45)
10-22 13:04:38.058  2694  2694 I GpsHelper: ===gpsSignalStrength===0
10-22 13:04:38.058  2694  2694 D CameraRecordFragment: onMessageEvent code =2,data = 0
10-22 13:04:38.059  2694  2694 D EventManager: checkDrivingSupportAlertSettingOnOff, eventType=109 off
10-22 13:04:38.060  2694  2694 I GPSStatusManager:  gpsStatusListener GPS_EVENT_SATELLITE_STATUS.-> mGpsUsedInFix : 0
10-22 13:04:39.053   564  2154 I LocSvc_ApiV02: <--- globalEventCb line 124 QMI_LOC_EVENT_GNSS_SV_INFO_IND_V02
10-22 13:04:39.054   564  2154 I LocSvc_ApiV02: <--- globalEventCb line 124 QMI_LOC_EVENT_POSITION_REPORT_IND_V02
10-22 13:04:39.054  1520  2579 I GnssLocationProvider: WakeLock acquired by sendMessage(REPORT_SV_STATUS, 0, com.android.server.location.GnssLocationProvider$SvStatusInfo@e0ef59a)
10-22 13:04:39.055  1520  1569 I GnssLocationProvider: WakeLock released by handleMessage(REPORT_SV_STATUS, 0, com.android.server.location.GnssLocationProvider$SvStatusInfo@e0ef59a)
10-22 13:04:39.057  2694  2694 I GpsHelper: ===gpsSignalStrength===0
10-22 13:04:39.057  2694  2694 D CameraRecordFragment: onMessageEvent code =2,data = 0
10-22 13:04:39.057  2694  2694 D EventManager: checkDrivingSupportAlertSettingOnOff, eventType=109 off
10-22 13:04:39.058  2694  2694 I GPSStatusManager:  gpsStatusListener GPS_EVENT_SATELLITE_STATUS.-> mGpsUsedInFix : 0
10-22 13:04:40.053   564  2154 I LocSvc_ApiV02: <--- globalEventCb line 124 QMI_LOC_EVENT_GNSS_SV_INFO_IND_V02
10-22 13:04:40.053   564  2154 I LocSvc_ApiV02: <--- globalEventCb line 124 QMI_LOC_EVENT_POSITION_REPORT_IND_V02
10-22 13:04:40.054  1520  2579 I GnssLocationProvider: WakeLock acquired by sendMessage(REPORT_SV_STATUS, 0, com.android.server.location.GnssLocationProvider$SvStatusInfo@a4faecb)
10-22 13:04:40.054  1520  1569 I GnssLocationProvider: WakeLock released by handleMessage(REPORT_SV_STATUS, 0, com.android.server.location.GnssLocationProvider$SvStatusInfo@a4faecb)
10-22 13:04:40.056  2694  2694 I GpsHelper: ===gpsSignalStrength===0
10-22 13:04:40.056  2694  2694 D CameraRecordFragment: onMessageEvent code =2,data = 0
10-22 13:04:40.057  2694  2694 D EventManager: checkDrivingSupportAlertSettingOnOff, eventType=109 off
10-22 13:04:40.058  2694  2694 I GPSStatusManager:  gpsStatusListener GPS_EVENT_SATELLITE_STATUS.-> mGpsUsedInFix : 0
10-22 13:04:40.346  2238  2893 D ---WebRTCService: isMQTTConnected=falsedevice_id=51286E66576DBDD952200BE5E9C1F59E07EEA94A
10-22 13:04:41.053   564  2154 I LocSvc_ApiV02: <--- globalEventCb line 124 QMI_LOC_EVENT_GNSS_SV_INFO_IND_V02
10-22 13:04:41.054  1520  1742 I GnssLocationProvider: WakeLock acquired by sendMessage(REPORT_SV_STATUS, 0, com.android.server.location.GnssLocationProvider$SvStatusInfo@73176a8)
10-22 13:04:41.055  1520  1569 I GnssLocationProvider: WakeLock released by handleMessage(REPORT_SV_STATUS, 0, com.android.server.location.GnssLocationProvider$SvStatusInfo@73176a8)
10-22 13:04:41.056   564  2154 I LocSvc_ApiV02: <--- globalEventCb line 124 QMI_LOC_EVENT_POSITION_REPORT_IND_V02
10-22 13:04:41.057  2694  2694 I GpsHelper: ===gpsSignalStrength===0
10-22 13:04:41.057  2694  2694 D CameraRecordFragment: onMessageEvent code =2,data = 0
10-22 13:04:41.057  2694  2694 D EventManager: checkDrivingSupportAlertSettingOnOff, eventType=109 off
10-22 13:04:41.058  2694  2694 I GPSStatusManager:  gpsStatusListener GPS_EVENT_SATELLITE_STATUS.-> mGpsUsedInFix : 0
10-22 13:04:41.858  1520  1800 W BestClock: java.time.DateTimeException: Missing NTP fix
10-22 13:04:41.880  1520  1800 W BestClock: java.time.DateTimeException: Missing NTP fix
10-22 13:04:41.882  1520  1765 W BestClock: java.time.DateTimeException: Missing NTP fix
10-22 13:04:41.883  2184  2210 E PhoneInterfaceManager: [PhoneIntfMgr] checkCarrierPrivilegesForPackage: No UICC
10-22 13:04:41.893  2814  3657 I chatty  : uid=1000(system) Binder:2814_4 expire 82 lines
10-22 13:04:41.894  2694  3643 D DeviceReportService: getGpsLatitude...
10-22 13:04:41.894  2694  3643 D DeviceReportService: loc==null
10-22 13:04:41.894  2694  3643 E DeviceReportService: location is null and 0 will be return
10-22 13:04:41.897  2694  3643 D DeviceReportService: getGpsAltitude...
10-22 13:04:41.897  2694  3643 D DeviceReportService: loc==null
10-22 13:04:41.897  2694  3643 E DeviceReportService: location is null and 0 will be return
10-22 13:04:41.899  2694  3643 D DeviceReportService: getGpsLongitude...
10-22 13:04:41.899  2694  3643 D DeviceReportService: loc==null
10-22 13:04:41.899  2694  3643 E DeviceReportService: location is null and 0 will be return
10-22 13:04:41.903  2694  3732 D DeviceReportService: getGpsSatellites...
10-22 13:04:41.903  2694  3732 D DeviceReportService: gpsStatusList.size ==16
10-22 13:04:41.914  1520  3669 I WifiService: getWifiApConfiguration uid=1000
10-22 13:04:42.053   564  2154 I LocSvc_ApiV02: <--- globalEventCb line 124 QMI_LOC_EVENT_GNSS_SV_INFO_IND_V02
10-22 13:04:42.054   564  2154 I LocSvc_ApiV02: <--- globalEventCb line 124 QMI_LOC_EVENT_POSITION_REPORT_IND_V02
10-22 13:04:42.054  1520  1742 I GnssLocationProvider: WakeLock acquired by sendMessage(REPORT_SV_STATUS, 0, com.android.server.location.GnssLocationProvider$SvStatusInfo@26e5c1)
10-22 13:04:42.055  1520  1569 I GnssLocationProvider: WakeLock released by handleMessage(REPORT_SV_STATUS, 0, com.android.server.location.GnssLocationProvider$SvStatusInfo@26e5c1)
10-22 13:04:42.060  2694  2694 I GpsHelper: ===gpsSignalStrength===0
10-22 13:04:42.061  2694  2694 D CameraRecordFragment: onMessageEvent code =2,data = 0
10-22 13:04:42.061  2694  2694 D EventManager: checkDrivingSupportAlertSettingOnOff, eventType=109 off
10-22 13:04:42.062  2694  2694 I GPSStatusManager:  gpsStatusListener GPS_EVENT_SATELLITE_STATUS.-> mGpsUsedInFix : 0
10-22 13:04:42.846  2814  2847 I chatty  : uid=1000(system) Binder:2814_1 expire 57 lines
10-22 13:04:43.053   564  2154 I LocSvc_ApiV02: <--- globalEventCb line 124 QMI_LOC_EVENT_GNSS_SV_INFO_IND_V02
10-22 13:04:43.054  1520  1742 I GnssLocationProvider: WakeLock acquired by sendMessage(REPORT_SV_STATUS, 0, com.android.server.location.GnssLocationProvider$SvStatusInfo@ed6d166)
10-22 13:04:43.054   564  2154 I LocSvc_ApiV02: <--- globalEventCb line 124 QMI_LOC_EVENT_POSITION_REPORT_IND_V02
10-22 13:04:43.055  1520  1569 I GnssLocationProvider: WakeLock released by handleMessage(REPORT_SV_STATUS, 0, com.android.server.location.GnssLocationProvider$SvStatusInfo@ed6d166)
10-22 13:04:43.057  2694  2694 I GpsHelper: ===gpsSignalStrength===0
10-22 13:04:43.057  2694  2694 D CameraRecordFragment: onMessageEvent code =2,data = 0
10-22 13:04:43.057  2694  2694 D EventManager: checkDrivingSupportAlertSettingOnOff, eventType=109 off
10-22 13:04:43.058  2694  2694 I GPSStatusManager:  gpsStatusListener GPS_EVENT_SATELLITE_STATUS.-> mGpsUsedInFix : 0
10-22 13:04:44.053   564  2154 I LocSvc_ApiV02: <--- globalEventCb line 124 QMI_LOC_EVENT_GNSS_SV_INFO_IND_V02
10-22 13:04:44.053   564  2154 I LocSvc_ApiV02: <--- globalEventCb line 124 QMI_LOC_EVENT_POSITION_REPORT_IND_V02
10-22 13:04:44.054  1520  1742 I GnssLocationProvider: WakeLock acquired by sendMessage(REPORT_SV_STATUS, 0, com.android.server.location.GnssLocationProvider$SvStatusInfo@286ca7)
10-22 13:04:44.055  1520  1569 I GnssLocationProvider: WakeLock released by handleMessage(REPORT_SV_STATUS, 0, com.android.server.location.GnssLocationProvider$SvStatusInfo@286ca7)
10-22 13:04:44.056  2694  2694 I GpsHelper: ===gpsSignalStrength===0
10-22 13:04:44.057  2694  2694 D CameraRecordFragment: onMessageEvent code =2,data = 0
10-22 13:04:44.057  2694  2694 D EventManager: checkDrivingSupportAlertSettingOnOff, eventType=109 off
10-22 13:04:44.058  2694  2694 I GPSStatusManager:  gpsStatusListener GPS_EVENT_SATELLITE_STATUS.-> mGpsUsedInFix : 0
10-22 13:04:45.054   564  2154 I LocSvc_ApiV02: <--- globalEventCb line 124 QMI_LOC_EVENT_GNSS_SV_INFO_IND_V02
10-22 13:04:45.054   564  2154 I LocSvc_ApiV02: <--- globalEventCb line 124 QMI_LOC_EVENT_POSITION_REPORT_IND_V02
10-22 13:04:45.055  1520  2579 I GnssLocationProvider: WakeLock acquired by sendMessage(REPORT_SV_STATUS, 0, com.android.server.location.GnssLocationProvider$SvStatusInfo@27b5554)
10-22 13:04:45.056  1520  1569 I GnssLocationProvider: WakeLock released by handleMessage(REPORT_SV_STATUS, 0, com.android.server.location.GnssLocationProvider$SvStatusInfo@27b5554)
10-22 13:04:45.058  2694  2694 I GpsHelper: ===gpsSignalStrength===0
10-22 13:04:45.058  2694  2694 D CameraRecordFragment: onMessageEvent code =2,data = 0
10-22 13:04:45.058  2694  2694 D EventManager: checkDrivingSupportAlertSettingOnOff, eventType=109 off
10-22 13:04:45.059  2694  2694 I GPSStatusManager:  gpsStatusListener GPS_EVENT_SATELLITE_STATUS.-> mGpsUsedInFix : 0
10-22 13:04:45.061   544  3445 I chatty  : uid=1047(cameraserver) CAM_AECAWB expire 132 lines
10-22 13:04:45.064   544  3412 I chatty  : uid=1047(cameraserver) CAM_AECAWB expire 135 lines
10-22 13:04:45.401  2238  2893 D ---WebRTCService: isMQTTConnected=falsedevice_id=51286E66576DBDD952200BE5E9C1F59E07EEA94A
10-22 13:04:45.671   564  2154 I LocSvc_ApiV02: <--- globalEventCb line 124 QMI_LOC_EVENT_POSITION_REPORT_IND_V02
10-22 13:04:46.053   564  2154 I LocSvc_ApiV02: <--- globalEventCb line 124 QMI_LOC_EVENT_GNSS_SV_INFO_IND_V02
10-22 13:04:46.053   564  2154 I LocSvc_ApiV02: <--- globalEventCb line 124 QMI_LOC_EVENT_POSITION_REPORT_IND_V02
10-22 13:04:46.054  1520  2579 I GnssLocationProvider: WakeLock acquired by sendMessage(REPORT_SV_STATUS, 0, com.android.server.location.GnssLocationProvider$SvStatusInfo@57b1cfd)
10-22 13:04:46.054  1520  1569 I GnssLocationProvider: WakeLock released by handleMessage(REPORT_SV_STATUS, 0, com.android.server.location.GnssLocationProvider$SvStatusInfo@57b1cfd)
10-22 13:04:46.059  2694  2694 I GpsHelper: ===gpsSignalStrength===0
10-22 13:04:46.059  2694  2694 D CameraRecordFragment: onMessageEvent code =2,data = 0
10-22 13:04:46.060  2694  2694 D EventManager: checkDrivingSupportAlertSettingOnOff, eventType=109 off
10-22 13:04:46.061  2694  2694 I GPSStatusManager:  gpsStatusListener GPS_EVENT_SATELLITE_STATUS.-> mGpsUsedInFix : 0
10-22 13:04:46.948  1520  3669 W BestClock: java.time.DateTimeException: Missing NTP fix
10-22 13:04:46.967  1520  3669 W BestClock: java.time.DateTimeException: Missing NTP fix
10-22 13:04:46.969  1520  1765 W BestClock: java.time.DateTimeException: Missing NTP fix
10-22 13:04:46.970  2184  2210 E PhoneInterfaceManager: [PhoneIntfMgr] checkCarrierPrivilegesForPackage: No UICC
10-22 13:04:46.987  2694  2887 D DeviceReportService: getGpsLatitude...
10-22 13:04:46.987  2694  2887 D DeviceReportService: loc==null
10-22 13:04:46.987  2694  2887 E DeviceReportService: location is null and 0 will be return
10-22 13:04:46.992  2694  3643 D DeviceReportService: getGpsAltitude...
10-22 13:04:46.992  2694  3643 D DeviceReportService: loc==null
10-22 13:04:46.992  2694  3643 E DeviceReportService: location is null and 0 will be return
10-22 13:04:46.996  2694  3643 D DeviceReportService: getGpsLongitude...
10-22 13:04:46.996  2694  3643 D DeviceReportService: loc==null
10-22 13:04:46.996  2694  3643 E DeviceReportService: location is null and 0 will be return
10-22 13:04:47.003  2694  3732 D DeviceReportService: getGpsSatellites...
10-22 13:04:47.004  2694  3732 D DeviceReportService: gpsStatusList.size ==16
10-22 13:04:47.012  1520  3669 I WifiService: getWifiApConfiguration uid=1000
10-22 13:04:47.053   564  2154 I LocSvc_ApiV02: <--- globalEventCb line 124 QMI_LOC_EVENT_GNSS_SV_INFO_IND_V02
10-22 13:04:47.054  1520  2579 I GnssLocationProvider: WakeLock acquired by sendMessage(REPORT_SV_STATUS, 0, com.android.server.location.GnssLocationProvider$SvStatusInfo@ee9df2)
10-22 13:04:47.054   564  2154 I LocSvc_ApiV02: <--- globalEventCb line 124 QMI_LOC_EVENT_POSITION_REPORT_IND_V02
10-22 13:04:47.055  1520  1569 I GnssLocationProvider: WakeLock released by handleMessage(REPORT_SV_STATUS, 0, com.android.server.location.GnssLocationProvider$SvStatusInfo@ee9df2)
10-22 13:04:47.062  2694  2694 I GpsHelper: ===gpsSignalStrength===0
10-22 13:04:47.062  2694  2694 D CameraRecordFragment: onMessageEvent code =2,data = 0
10-22 13:04:47.063  2694  2694 D EventManager: checkDrivingSupportAlertSettingOnOff, eventType=109 off
10-22 13:04:47.064  2694  2694 I GPSStatusManager:  gpsStatusListener GPS_EVENT_SATELLITE_STATUS.-> mGpsUsedInFix : 0
10-22 13:04:48.053   564  2154 I LocSvc_ApiV02: <--- globalEventCb line 124 QMI_LOC_EVENT_GNSS_SV_INFO_IND_V02
10-22 13:04:48.054  1520  2579 I GnssLocationProvider: WakeLock acquired by sendMessage(REPORT_SV_STATUS, 0, com.android.server.location.GnssLocationProvider$SvStatusInfo@4e52c43)
10-22 13:04:48.054  1520  1569 I GnssLocationProvider: WakeLock released by handleMessage(REPORT_SV_STATUS, 0, com.android.server.location.GnssLocationProvider$SvStatusInfo@4e52c43)
10-22 13:04:48.055   564  2154 I LocSvc_ApiV02: <--- globalEventCb line 124 QMI_LOC_EVENT_POSITION_REPORT_IND_V02
10-22 13:04:48.056  2694  2694 I GpsHelper: ===gpsSignalStrength===0
10-22 13:04:48.057  2694  2694 D CameraRecordFragment: onMessageEvent code =2,data = 0
10-22 13:04:48.057  2694  2694 D EventManager: checkDrivingSupportAlertSettingOnOff, eventType=109 off
10-22 13:04:48.058  2694  2694 I GPSStatusManager:  gpsStatusListener GPS_EVENT_SATELLITE_STATUS.-> mGpsUsedInFix : 0
10-22 13:04:49.055   564  2154 I LocSvc_ApiV02: <--- globalEventCb line 124 QMI_LOC_EVENT_GNSS_SV_INFO_IND_V02
10-22 13:04:49.055   564  2154 I LocSvc_ApiV02: <--- globalEventCb line 124 QMI_LOC_EVENT_POSITION_REPORT_IND_V02
10-22 13:04:49.056  1520  2579 I GnssLocationProvider: WakeLock acquired by sendMessage(REPORT_SV_STATUS, 0, com.android.server.location.GnssLocationProvider$SvStatusInfo@7e272c0)
10-22 13:04:49.056  1520  1569 I GnssLocationProvider: WakeLock released by handleMessage(REPORT_SV_STATUS, 0, com.android.server.location.GnssLocationProvider$SvStatusInfo@7e272c0)
10-22 13:04:49.058  2694  2694 I GpsHelper: ===gpsSignalStrength===0
10-22 13:04:49.058  2694  2694 D CameraRecordFragment: onMessageEvent code =2,data = 0
10-22 13:04:49.059  2694  2694 D EventManager: checkDrivingSupportAlertSettingOnOff, eventType=109 off
10-22 13:04:49.059  2694  2694 I GPSStatusManager:  gpsStatusListener GPS_EVENT_SATELLITE_STATUS.-> mGpsUsedInFix : 0
10-22 13:04:50.053   564  2154 I LocSvc_ApiV02: <--- globalEventCb line 124 QMI_LOC_EVENT_GNSS_SV_INFO_IND_V02
10-22 13:04:50.054   564  2154 I LocSvc_ApiV02: <--- globalEventCb line 124 QMI_LOC_EVENT_POSITION_REPORT_IND_V02
10-22 13:04:50.054  1520  2579 I GnssLocationProvider: WakeLock acquired by sendMessage(REPORT_SV_STATUS, 0, com.android.server.location.GnssLocationProvider$SvStatusInfo@ae18bf9)
10-22 13:04:50.054  1520  1569 I GnssLocationProvider: WakeLock released by handleMessage(REPORT_SV_STATUS, 0, com.android.server.location.GnssLocationProvider$SvStatusInfo@ae18bf9)
10-22 13:04:50.056  2694  2694 I GpsHelper: ===gpsSignalStrength===0
10-22 13:04:50.056  2694  2694 D CameraRecordFragment: onMessageEvent code =2,data = 0
10-22 13:04:50.056  2694  2694 D EventManager: checkDrivingSupportAlertSettingOnOff, eventType=109 off
10-22 13:04:50.057  2694  2694 I GPSStatusManager:  gpsStatusListener GPS_EVENT_SATELLITE_STATUS.-> mGpsUsedInFix : 0
10-22 13:04:50.449  2238  2893 D ---WebRTCService: isMQTTConnected=falsedevice_id=51286E66576DBDD952200BE5E9C1F59E07EEA94A
10-22 13:04:51.053   564  2154 I LocSvc_ApiV02: <--- globalEventCb line 124 QMI_LOC_EVENT_GNSS_SV_INFO_IND_V02
10-22 13:04:51.054  1520  2579 I GnssLocationProvider: WakeLock acquired by sendMessage(REPORT_SV_STATUS, 0, com.android.server.location.GnssLocationProvider$SvStatusInfo@644a73e)
10-22 13:04:51.056  1520  1569 I GnssLocationProvider: WakeLock released by handleMessage(REPORT_SV_STATUS, 0, com.android.server.location.GnssLocationProvider$SvStatusInfo@644a73e)
10-22 13:04:51.057   564  2154 I LocSvc_ApiV02: <--- globalEventCb line 124 QMI_LOC_EVENT_POSITION_REPORT_IND_V02
10-22 13:04:51.059  2694  2694 I GpsHelper: ===gpsSignalStrength===0
10-22 13:04:51.059  2694  2694 D CameraRecordFragment: onMessageEvent code =2,data = 0
10-22 13:04:51.060  2694  2694 D EventManager: checkDrivingSupportAlertSettingOnOff, eventType=109 off
10-22 13:04:51.062  2694  2694 I GPSStatusManager:  gpsStatusListener GPS_EVENT_SATELLITE_STATUS.-> mGpsUsedInFix : 0
10-22 13:04:52.014  1520  3669 W BestClock: java.time.DateTimeException: Missing NTP fix
10-22 13:04:52.032  1520  3669 W BestClock: java.time.DateTimeException: Missing NTP fix
10-22 13:04:52.035  1520  1765 W BestClock: java.time.DateTimeException: Missing NTP fix
10-22 13:04:52.036  2184  2210 E PhoneInterfaceManager: [PhoneIntfMgr] checkCarrierPrivilegesForPackage: No UICC
10-22 13:04:52.051  2694  3695 D DeviceReportService: getGpsLatitude...
10-22 13:04:52.051  2694  3695 D DeviceReportService: loc==null
10-22 13:04:52.051  2694  3695 E DeviceReportService: location is null and 0 will be return
10-22 13:04:52.054   564  2154 I LocSvc_ApiV02: <--- globalEventCb line 124 QMI_LOC_EVENT_GNSS_SV_INFO_IND_V02
10-22 13:04:52.055   564  2154 I LocSvc_ApiV02: <--- globalEventCb line 124 QMI_LOC_EVENT_POSITION_REPORT_IND_V02
10-22 13:04:52.055  1520  2579 I GnssLocationProvider: WakeLock acquired by sendMessage(REPORT_SV_STATUS, 0, com.android.server.location.GnssLocationProvider$SvStatusInfo@e24499f)
10-22 13:04:52.055  2694  3695 D DeviceReportService: getGpsAltitude...
10-22 13:04:52.055  2694  3695 D DeviceReportService: loc==null
10-22 13:04:52.055  2694  3695 E DeviceReportService: location is null and 0 will be return
10-22 13:04:52.055  1520  1569 I GnssLocationProvider: WakeLock released by handleMessage(REPORT_SV_STATUS, 0, com.android.server.location.GnssLocationProvider$SvStatusInfo@e24499f)
10-22 13:04:52.057  2694  2694 I GpsHelper: ===gpsSignalStrength===0
10-22 13:04:52.058  2694  2694 D CameraRecordFragment: onMessageEvent code =2,data = 0
10-22 13:04:52.058  2694  2694 D EventManager: checkDrivingSupportAlertSettingOnOff, eventType=109 off
10-22 13:04:52.059  2694  3732 D DeviceReportService: getGpsLongitude...
10-22 13:04:52.059  2694  3732 D DeviceReportService: loc==null
10-22 13:04:52.059  2694  3732 E DeviceReportService: location is null and 0 will be return
10-22 13:04:52.059  2694  2694 I GPSStatusManager:  gpsStatusListener GPS_EVENT_SATELLITE_STATUS.-> mGpsUsedInFix : 0
10-22 13:04:52.062  2814  3657 I chatty  : uid=1000(system) Binder:2814_4 expire 38 lines
10-22 13:04:52.066  2694  3695 D DeviceReportService: getGpsSatellites...
10-22 13:04:52.066  2694  3695 D DeviceReportService: gpsStatusList.size ==16
10-22 13:04:52.075  1520  1800 I WifiService: getWifiApConfiguration uid=1000
10-22 13:04:53.053   564  2154 I LocSvc_ApiV02: <--- globalEventCb line 124 QMI_LOC_EVENT_GNSS_SV_INFO_IND_V02
10-22 13:04:53.054   564  2154 I LocSvc_ApiV02: <--- globalEventCb line 124 QMI_LOC_EVENT_POSITION_REPORT_IND_V02
10-22 13:04:53.054  1520  2579 I GnssLocationProvider: WakeLock acquired by sendMessage(REPORT_SV_STATUS, 0, com.android.server.location.GnssLocationProvider$SvStatusInfo@3dbfaec)
10-22 13:04:53.056  1520  1569 I GnssLocationProvider: WakeLock released by handleMessage(REPORT_SV_STATUS, 0, com.android.server.location.GnssLocationProvider$SvStatusInfo@3dbfaec)
10-22 13:04:53.062  2694  2694 I GpsHelper: ===gpsSignalStrength===0
10-22 13:04:53.063  2694  2694 D CameraRecordFragment: onMessageEvent code =2,data = 0
10-22 13:04:53.063  2694  2694 D EventManager: checkDrivingSupportAlertSettingOnOff, eventType=109 off
10-22 13:04:53.064  2694  2694 I GPSStatusManager:  gpsStatusListener GPS_EVENT_SATELLITE_STATUS.-> mGpsUsedInFix : 0
10-22 13:04:54.053   564  2154 I LocSvc_ApiV02: <--- globalEventCb line 124 QMI_LOC_EVENT_GNSS_SV_INFO_IND_V02
10-22 13:04:54.054   564  2154 I LocSvc_ApiV02: <--- globalEventCb line 124 QMI_LOC_EVENT_POSITION_REPORT_IND_V02
10-22 13:04:54.054  1520  2579 I GnssLocationProvider: WakeLock acquired by sendMessage(REPORT_SV_STATUS, 0, com.android.server.location.GnssLocationProvider$SvStatusInfo@9a5eeb5)
10-22 13:04:54.056  1520  1569 I GnssLocationProvider: WakeLock released by handleMessage(REPORT_SV_STATUS, 0, com.android.server.location.GnssLocationProvider$SvStatusInfo@9a5eeb5)
10-22 13:04:54.060  2694  2694 I GpsHelper: ===gpsSignalStrength===0
10-22 13:04:54.060  2694  2694 D CameraRecordFragment: onMessageEvent code =2,data = 0
10-22 13:04:54.060  2694  2694 D EventManager: checkDrivingSupportAlertSettingOnOff, eventType=109 off
10-22 13:04:54.061  2694  2694 I GPSStatusManager:  gpsStatusListener GPS_EVENT_SATELLITE_STATUS.-> mGpsUsedInFix : 0
10-22 13:04:54.653   544  3445 I chatty  : uid=1047(cameraserver) CAM_AECAWB expire 4 lines
10-22 13:04:54.850   544  3412 I chatty  : uid=1047(cameraserver) CAM_AECAWB expire 3 lines
10-22 13:04:54.943   544  3445 I chatty  : uid=1047(cameraserver) CAM_AECAWB expire 3 lines
10-22 13:04:55.053   564  2154 I LocSvc_ApiV02: <--- globalEventCb line 124 QMI_LOC_EVENT_GNSS_SV_INFO_IND_V02
10-22 13:04:55.054   564  2154 I LocSvc_ApiV02: <--- globalEventCb line 124 QMI_LOC_EVENT_POSITION_REPORT_IND_V02
10-22 13:04:55.054  1520  2579 I GnssLocationProvider: WakeLock acquired by sendMessage(REPORT_SV_STATUS, 0, com.android.server.location.GnssLocationProvider$SvStatusInfo@f5ff94a)
10-22 13:04:55.055  1520  1569 I GnssLocationProvider: WakeLock released by handleMessage(REPORT_SV_STATUS, 0, com.android.server.location.GnssLocationProvider$SvStatusInfo@f5ff94a)
10-22 13:04:55.061  2694  2694 I GpsHelper: ===gpsSignalStrength===0
10-22 13:04:55.061  2694  2694 D CameraRecordFragment: onMessageEvent code =2,data = 0
10-22 13:04:55.061  2694  2694 D EventManager: checkDrivingSupportAlertSettingOnOff, eventType=109 off
10-22 13:04:55.062  2694  2694 I GPSStatusManager:  gpsStatusListener GPS_EVENT_SATELLITE_STATUS.-> mGpsUsedInFix : 0
10-22 13:04:55.067   544  3412 I chatty  : uid=1047(cameraserver) CAM_AECAWB expire 2 lines
10-22 13:04:55.162   544  3445 I chatty  : uid=1047(cameraserver) CAM_AECAWB expire 1 line
10-22 13:04:55.213   544  3412 E mm-camera: <STATS_AEC ><ERROR> 2253: aec_process_calc_current_hist_metered_luma: error: out of range, exit
10-22 13:04:55.234   544  3445 E mm-camera: <STATS_AEC ><ERROR> 2253: aec_process_calc_current_hist_metered_luma: error: out of range, exit
10-22 13:04:55.285   544  3412 E mm-camera: <STATS_AEC ><ERROR> 2253: aec_process_calc_current_hist_metered_luma: error: out of range, exit
10-22 13:04:55.307   544  3445 E mm-camera: <STATS_AEC ><ERROR> 2253: aec_process_calc_current_hist_metered_luma: error: out of range, exit
10-22 13:04:55.357   544  3412 E mm-camera: <STATS_AEC ><ERROR> 2253: aec_process_calc_current_hist_metered_luma: error: out of range, exit
10-22 13:04:55.380   544  3445 E mm-camera: <STATS_AEC ><ERROR> 2253: aec_process_calc_current_hist_metered_luma: error: out of range, exit
10-22 13:04:55.431   544  3412 E mm-camera: <STATS_AEC ><ERROR> 2253: aec_process_calc_current_hist_metered_luma: error: out of range, exit
10-22 13:04:55.452   544  3445 E mm-camera: <STATS_AEC ><ERROR> 2253: aec_process_calc_current_hist_metered_luma: error: out of range, exit
10-22 13:04:55.489  2238  2893 D ---WebRTCService: isMQTTConnected=falsedevice_id=51286E66576DBDD952200BE5E9C1F59E07EEA94A
10-22 13:04:55.503   544  3412 E mm-camera: <STATS_AEC ><ERROR> 2253: aec_process_calc_current_hist_metered_luma: error: out of range, exit
10-22 13:04:55.525   544  3445 E mm-camera: <STATS_AEC ><ERROR> 2253: aec_process_calc_current_hist_metered_luma: error: out of range, exit
10-22 13:04:55.575   544  3412 E mm-camera: <STATS_AEC ><ERROR> 2253: aec_process_calc_current_hist_metered_luma: error: out of range, exit
10-22 13:04:55.598   544  3445 E mm-camera: <STATS_AEC ><ERROR> 2253: aec_process_calc_current_hist_metered_luma: error: out of range, exit
10-22 13:04:55.647   544  3412 E mm-camera: <STATS_AEC ><ERROR> 2253: aec_process_calc_current_hist_metered_luma: error: out of range, exit
10-22 13:04:55.670   544  3445 E mm-camera: <STATS_AEC ><ERROR> 2253: aec_process_calc_current_hist_metered_luma: error: out of range, exit
10-22 13:04:55.719   544  3412 E mm-camera: <STATS_AEC ><ERROR> 2253: aec_process_calc_current_hist_metered_luma: error: out of range, exit
10-22 13:04:55.744   544  3445 E mm-camera: <STATS_AEC ><ERROR> 2253: aec_process_calc_current_hist_metered_luma: error: out of range, exit
10-22 13:04:55.792   544  3412 E mm-camera: <STATS_AEC ><ERROR> 2253: aec_process_calc_current_hist_metered_luma: error: out of range, exit
10-22 13:04:55.815   544  3445 E mm-camera: <STATS_AEC ><ERROR> 2253: aec_process_calc_current_hist_metered_luma: error: out of range, exit
10-22 13:04:55.865   544  3412 E mm-camera: <STATS_AEC ><ERROR> 2253: aec_process_calc_current_hist_metered_luma: error: out of range, exit
10-22 13:04:55.888   544  3445 E mm-camera: <STATS_AEC ><ERROR> 2253: aec_process_calc_current_hist_metered_luma: error: out of range, exit
10-22 13:04:55.937   544  3412 E mm-camera: <STATS_AEC ><ERROR> 2253: aec_process_calc_current_hist_metered_luma: error: out of range, exit
10-22 13:04:55.961   544  3445 E mm-camera: <STATS_AEC ><ERROR> 2253: aec_process_calc_current_hist_metered_luma: error: out of range, exit
10-22 13:04:56.009   544  3412 E mm-camera: <STATS_AEC ><ERROR> 2253: aec_process_calc_current_hist_metered_luma: error: out of range, exit
10-22 13:04:56.033   544  3445 E mm-camera: <STATS_AEC ><ERROR> 2253: aec_process_calc_current_hist_metered_luma: error: out of range, exit
10-22 13:04:56.053   564  2154 I LocSvc_ApiV02: <--- globalEventCb line 124 QMI_LOC_EVENT_GNSS_SV_INFO_IND_V02
10-22 13:04:56.053   564  2154 I LocSvc_ApiV02: <--- globalEventCb line 124 QMI_LOC_EVENT_POSITION_REPORT_IND_V02
10-22 13:04:56.054  1520  2579 I GnssLocationProvider: WakeLock acquired by sendMessage(REPORT_SV_STATUS, 0, com.android.server.location.GnssLocationProvider$SvStatusInfo@30de0bb)
10-22 13:04:56.055  1520  1569 I GnssLocationProvider: WakeLock released by handleMessage(REPORT_SV_STATUS, 0, com.android.server.location.GnssLocationProvider$SvStatusInfo@30de0bb)
10-22 13:04:56.057  2694  2694 I GpsHelper: ===gpsSignalStrength===0
10-22 13:04:56.057  2694  2694 D CameraRecordFragment: onMessageEvent code =2,data = 0
10-22 13:04:56.058  2694  2694 D EventManager: checkDrivingSupportAlertSettingOnOff, eventType=109 off
10-22 13:04:56.059  2694  2694 I GPSStatusManager:  gpsStatusListener GPS_EVENT_SATELLITE_STATUS.-> mGpsUsedInFix : 0
10-22 13:04:56.082   544  3412 E mm-camera: <STATS_AEC ><ERROR> 2253: aec_process_calc_current_hist_metered_luma: error: out of range, exit
10-22 13:04:56.106   544  3445 E mm-camera: <STATS_AEC ><ERROR> 2253: aec_process_calc_current_hist_metered_luma: error: out of range, exit
10-22 13:04:56.154   544  3412 E mm-camera: <STATS_AEC ><ERROR> 2253: aec_process_calc_current_hist_metered_luma: error: out of range, exit
10-22 13:04:56.177  2238  3938 D AWSIotMqttManager: TID: 3938 trying to reconnect to session
10-22 13:04:56.178  2238  3938 I AWSIotMqttManager: attempting to reconnect to mqtt broker
10-22 13:04:56.178  2238  3938 D AWSIotMqttManager: Setting up Callback for MqttClient
10-22 13:04:56.178  2238  3938 D AWSIotMqttManager: mqtt reconnecting attempt 10
10-22 13:04:56.179   544  3445 E mm-camera: <STATS_AEC ><ERROR> 2253: aec_process_calc_current_hist_metered_luma: error: out of range, exit
10-22 13:04:56.228   544  3412 E mm-camera: <STATS_AEC ><ERROR> 2253: aec_process_calc_current_hist_metered_luma: error: out of range, exit
10-22 13:04:56.252   544  3445 E mm-camera: <STATS_AEC ><ERROR> 2253: aec_process_calc_current_hist_metered_luma: error: out of range, exit
10-22 13:04:56.300   544  3412 E mm-camera: <STATS_AEC ><ERROR> 2253: aec_process_calc_current_hist_metered_luma: error: out of range, exit
10-22 13:04:56.324   544  3445 E mm-camera: <STATS_AEC ><ERROR> 2253: aec_process_calc_current_hist_metered_luma: error: out of range, exit
10-22 13:04:56.372   544  3412 E mm-camera: <STATS_AEC ><ERROR> 2253: aec_process_calc_current_hist_metered_luma: error: out of range, exit
10-22 13:04:56.397   544  3445 E mm-camera: <STATS_AEC ><ERROR> 2253: aec_process_calc_current_hist_metered_luma: error: out of range, exit
10-22 13:04:56.444   544  3412 E mm-camera: <STATS_AEC ><ERROR> 2253: aec_process_calc_current_hist_metered_luma: error: out of range, exit
10-22 13:04:56.470   544  3445 E mm-camera: <STATS_AEC ><ERROR> 2253: aec_process_calc_current_hist_metered_luma: error: out of range, exit
10-22 13:04:56.518   544  3412 E mm-camera: <STATS_AEC ><ERROR> 2253: aec_process_calc_current_hist_metered_luma: error: out of range, exit
10-22 13:04:56.542   544  3445 E mm-camera: <STATS_AEC ><ERROR> 2253: aec_process_calc_current_hist_metered_luma: error: out of range, exit
10-22 13:04:56.590   544  3412 E mm-camera: <STATS_AEC ><ERROR> 2253: aec_process_calc_current_hist_metered_luma: error: out of range, exit
10-22 13:04:56.615   544  3445 E mm-camera: <STATS_AEC ><ERROR> 2253: aec_process_calc_current_hist_metered_luma: error: out of range, exit
10-22 13:04:56.662   544  3412 E mm-camera: <STATS_AEC ><ERROR> 2253: aec_process_calc_current_hist_metered_luma: error: out of range, exit
10-22 13:04:56.688   544  3445 E mm-camera: <STATS_AEC ><ERROR> 2253: aec_process_calc_current_hist_metered_luma: error: out of range, exit
10-22 13:04:56.735   544  3412 E mm-camera: <STATS_AEC ><ERROR> 2253: aec_process_calc_current_hist_metered_luma: error: out of range, exit
10-22 13:04:56.760   544  3445 E mm-camera: <STATS_AEC ><ERROR> 2253: aec_process_calc_current_hist_metered_luma: error: out of range, exit
10-22 13:04:56.807   544  3412 E mm-camera: <STATS_AEC ><ERROR> 2253: aec_process_calc_current_hist_metered_luma: error: out of range, exit
10-22 13:04:56.833   544  3445 E mm-camera: <STATS_AEC ><ERROR> 2253: aec_process_calc_current_hist_metered_luma: error: out of range, exit
10-22 13:04:56.880   544  3412 E mm-camera: <STATS_AEC ><ERROR> 2253: aec_process_calc_current_hist_metered_luma: error: out of range, exit
10-22 13:04:56.905   544  3445 E mm-camera: <STATS_AEC ><ERROR> 2253: aec_process_calc_current_hist_metered_luma: error: out of range, exit
10-22 13:04:56.953   544  3412 E mm-camera: <STATS_AEC ><ERROR> 2253: aec_process_calc_current_hist_metered_luma: error: out of range, exit
10-22 13:04:56.979   544  3445 E mm-camera: <STATS_AEC ><ERROR> 2253: aec_process_calc_current_hist_metered_luma: error: out of range, exit
10-22 13:04:57.025   544  3412 E mm-camera: <STATS_AEC ><ERROR> 2253: aec_process_calc_current_hist_metered_luma: error: out of range, exit
10-22 13:04:57.050   544  3445 E mm-camera: <STATS_AEC ><ERROR> 2253: aec_process_calc_current_hist_metered_luma: error: out of range, exit
10-22 13:04:57.053   564  2154 I LocSvc_ApiV02: <--- globalEventCb line 124 QMI_LOC_EVENT_GNSS_SV_INFO_IND_V02
10-22 13:04:57.054  1520  2579 I GnssLocationProvider: WakeLock acquired by sendMessage(REPORT_SV_STATUS, 0, com.android.server.location.GnssLocationProvider$SvStatusInfo@303d9d8)
10-22 13:04:57.055  1520  1569 I GnssLocationProvider: WakeLock released by handleMessage(REPORT_SV_STATUS, 0, com.android.server.location.GnssLocationProvider$SvStatusInfo@303d9d8)
10-22 13:04:57.055   564  2154 I LocSvc_ApiV02: <--- globalEventCb line 124 QMI_LOC_EVENT_POSITION_REPORT_IND_V02
10-22 13:04:57.057  2694  2694 I GpsHelper: ===gpsSignalStrength===0
10-22 13:04:57.057  2694  2694 D CameraRecordFragment: onMessageEvent code =2,data = 0
10-22 13:04:57.057  2694  2694 D EventManager: checkDrivingSupportAlertSettingOnOff, eventType=109 off
10-22 13:04:57.059  2694  2694 I GPSStatusManager:  gpsStatusListener GPS_EVENT_SATELLITE_STATUS.-> mGpsUsedInFix : 0
10-22 13:04:57.097   544  3412 E mm-camera: <STATS_AEC ><ERROR> 2253: aec_process_calc_current_hist_metered_luma: error: out of range, exit
10-22 13:04:57.114  1520  3669 W BestClock: java.time.DateTimeException: Missing NTP fix
10-22 13:04:57.124   544  3445 E mm-camera: <STATS_AEC ><ERROR> 2253: aec_process_calc_current_hist_metered_luma: error: out of range, exit
10-22 13:04:57.127  1520  3669 W BestClock: java.time.DateTimeException: Missing NTP fix
10-22 13:04:57.129  1520  1765 W BestClock: java.time.DateTimeException: Missing NTP fix
10-22 13:04:57.130  2184  2210 E PhoneInterfaceManager: [PhoneIntfMgr] checkCarrierPrivilegesForPackage: No UICC
10-22 13:04:57.137  2814  2847 I chatty  : uid=1000(system) Binder:2814_1 expire 3 lines
10-22 13:04:57.142  2814  3657 I chatty  : uid=1000(system) Binder:2814_4 expire 4 lines
10-22 13:04:57.143  2694  3643 D DeviceReportService: getGpsLatitude...
10-22 13:04:57.144  2694  3643 D DeviceReportService: loc==null
10-22 13:04:57.144  2694  3643 E DeviceReportService: location is null and 0 will be return
10-22 13:04:57.145  2814  2847 D Communication:CloudAidlService$MyBinder.getData(Line:303): type==Altitude,userId==test
10-22 13:04:57.145  2814  2847 D Communication:CloudAidlService$MyBinder.getAltitude(Line:440): getAltitude
10-22 13:04:57.146  2814  2847 D Communication:DeviceReportManager.getInstance(Line:26): getInstance...
10-22 13:04:57.146  2814  2847 D Communication:DeviceReportManager.getAltitude(Line:115): getAltitude
10-22 13:04:57.146  2694  3643 D DeviceReportService: getGpsAltitude...
10-22 13:04:57.146  2694  3643 D DeviceReportService: loc==null
10-22 13:04:57.147  2694  3643 E DeviceReportService: location is null and 0 will be return
10-22 13:04:57.148  2814  3657 D Communication:CloudAidlService$MyBinder.getData(Line:303): type==Longitude,userId==test
10-22 13:04:57.148  2814  3657 D Communication:CloudAidlService$MyBinder.getLongitude(Line:420): getLongitude
10-22 13:04:57.149  2814  3657 D Communication:DeviceReportManager.getInstance(Line:26): getInstance...
10-22 13:04:57.149  2814  3657 D Communication:DeviceReportManager.getLongitude(Line:77): getLongitude
10-22 13:04:57.149  2694  3695 D DeviceReportService: getGpsLongitude...
10-22 13:04:57.149  2694  3695 D DeviceReportService: loc==null
10-22 13:04:57.149  2694  3695 E DeviceReportService: location is null and 0 will be return
10-22 13:04:57.151  2814  2847 D Communication:CloudAidlService$MyBinder.getData(Line:303): type==Speed,userId==test
10-22 13:04:57.151  2814  2847 D Communication:CloudAidlService$MyBinder.getSpeed(Line:450): getSpeed
10-22 13:04:57.151  2814  2847 D Communication:DeviceReportManager.getInstance(Line:26): getInstance...
10-22 13:04:57.151  2814  2847 D Communication:DeviceReportManager.getSpeed(Line:134): getSpeed
10-22 13:04:57.153  2814  2867 D Communication:CloudAidlService$MyBinder.getData(Line:303): type==GpsUsedInFix,userId==test
10-22 13:04:57.153  2814  2867 D Communication:CloudAidlService$MyBinder.getGpsUsedInFix(Line:460): getGpsUsedInFix
10-22 13:04:57.153  2814  2867 D Communication:DeviceReportManager.getInstance(Line:26): getInstance...
10-22 13:04:57.153  2814  2867 D Communication:DeviceReportManager.getGpsSatellites(Line:153): getGpsSatellites
10-22 13:04:57.153  2694  3695 D DeviceReportService: getGpsSatellites...
10-22 13:04:57.154  2694  3695 D DeviceReportService: gpsStatusList.size ==16
10-22 13:04:57.155  2814  3657 D Communication:CloudAidlService$MyBinder.getData(Line:303): type==WifiSw,userId==test
10-22 13:04:57.155  2814  3657 D Communication:WifiStatusManager.getWifiSw(Line:140): userId==test
