10-22 13:03:52.111  2238  3929 W AWSIotMqttManager: 	at org.eclipse.paho.client.mqttv3.internal.SSLNetworkModule.start(SSLNetworkModule.java:86)
10-22 13:03:52.111  2238  3929 W AWSIotMqttManager: 	at org.eclipse.paho.client.mqttv3.internal.ClientComms$ConnectBG.run(ClientComms.java:650)
10-22 13:03:52.111  2238  3929 W AWSIotMqttManager: 	... 1 more
10-22 13:03:52.111  2238  3929 I AWSIotMqttManager: schedule Reconnect attempt 9 of 10 in 64 seconds.
10-22 13:03:52.113  2238  3929 D com.askeycloud.agent.webrtc.service.WebRTCService: Status = Reconnecting
10-22 13:03:52.120   544  3445 E mm-camera: <STATS_AEC ><ERROR> 2253: aec_process_calc_current_hist_metered_luma: error: out of range, exit
10-22 13:03:52.154   544  3412 E mm-camera: <STATS_AEC ><ERROR> 2253: aec_process_calc_current_hist_metered_luma: error: out of range, exit
10-22 13:03:52.193   544  3445 E mm-camera: <STATS_AEC ><ERROR> 2253: aec_process_calc_current_hist_metered_luma: error: out of range, exit
10-22 13:03:52.229   544  3412 E mm-camera: <STATS_AEC ><ERROR> 2253: aec_process_calc_current_hist_metered_luma: error: out of range, exit
10-22 13:03:52.266   544  3445 E mm-camera: <STATS_AEC ><ERROR> 2253: aec_process_calc_current_hist_metered_luma: error: out of range, exit
10-22 13:03:52.300   544  3412 E mm-camera: <STATS_AEC ><ERROR> 2253: aec_process_calc_current_hist_metered_luma: error: out of range, exit
10-22 13:03:52.338   544  3445 E mm-camera: <STATS_AEC ><ERROR> 2253: aec_process_calc_current_hist_metered_luma: error: out of range, exit
10-22 13:03:52.374   544  3412 E mm-camera: <STATS_AEC ><ERROR> 2253: aec_process_calc_current_hist_metered_luma: error: out of range, exit
10-22 13:03:52.413   544  3445 E mm-camera: <STATS_AEC ><ERROR> 2253: aec_process_calc_current_hist_metered_luma: error: out of range, exit
10-22 13:03:52.445   544  3412 E mm-camera: <STATS_AEC ><ERROR> 2253: aec_process_calc_current_hist_metered_luma: error: out of range, exit
10-22 13:03:52.484   544  3445 E mm-camera: <STATS_AEC ><ERROR> 2253: aec_process_calc_current_hist_metered_luma: error: out of range, exit
10-22 13:03:52.517   544  3412 E mm-camera: <STATS_AEC ><ERROR> 2253: aec_process_calc_current_hist_metered_luma: error: out of range, exit
10-22 13:03:52.557   544  3445 E mm-camera: <STATS_AEC ><ERROR> 2253: aec_process_calc_current_hist_metered_luma: error: out of range, exit
10-22 13:03:52.567  2814  2867 D Communication:CloudAidlService$MyBinder.getData(Line:303): type==DefaultVideoDuration,userId==test123
10-22 13:03:52.568  2814  2867 D Communication:CloudAidlService$MyBinder.getDefaultVideoDuration(Line:532): userId==test123
10-22 13:03:52.568  2814  2867 D Communication:CloudAidlService$MyBinder.getDefaultVideoDuration(Line:534): defaultVideoDuration==60
10-22 13:03:52.570  2814  2867 D Communication:CloudAidlService$MyBinder.getData(Line:303): type==EventDuration,userId==test
10-22 13:03:52.571  2814  2867 D Communication:CloudAidlService$MyBinder.getEventDuration(Line:681): userId==test
10-22 13:03:52.571  2814  2867 D Communication:CloudAidlService$MyBinder.getEventDuration(Line:683): eventDuration==10/5
10-22 13:03:52.572  2814  2867 D Communication:CloudAidlService$MyBinder.getData(Line:303): type==EventPictureNumber,userId==test
10-22 13:03:52.572  2814  2867 D Communication:CloudAidlService$MyBinder.getEventPictureNum(Line:696): userId==test
10-22 13:03:52.572  2814  2867 D Communication:CloudAidlService$MyBinder.getEventPictureNum(Line:698): eventPictureNum==4
10-22 13:03:52.573  2814  2847 D Communication:CloudAidlService$MyBinder.getData(Line:303): type==EventPictureSeconds,userId==test
10-22 13:03:52.573  2814  2847 D Communication:CloudAidlService$MyBinder.getEventPictureSeconds(Line:711): userId==test
10-22 13:03:52.573  2814  2847 D Communication:CloudAidlService$MyBinder.getEventPictureSeconds(Line:713): eventPictureSeconds==0,5,10,15
10-22 13:03:52.574  2814  2847 D Communication:CloudAidlService$MyBinder.getData(Line:303): type==AccelerationData,userId==test123
10-22 13:03:52.574  2814  2847 D Communication:EventManager.getAccelerationData(Line:170): userId==test123
10-22 13:03:52.575  2814  2847 D Communication:EventManager.getAccelerationData(Line:172): accelerationData==-0.2
10-22 13:03:52.577  2814  2847 D Communication:CloudAidlService$MyBinder.getData(Line:303): type==DecelerationData,userId==test123
10-22 13:03:52.578  2814  2847 D Communication:EventManager.getDecelerationData(Line:185): userId==test123
10-22 13:03:52.578  2814  2847 D Communication:EventManager.getDecelerationData(Line:187): decelerationData==0.2
10-22 13:03:52.580  2814  2867 D Communication:CloudAidlService$MyBinder.getData(Line:303): type==AcceleratedEventInfo,userId==test123
10-22 13:03:52.581  2814  2867 D Communication:EventManager.getAcceleratedEventInfo(Line:235): userid==test123
10-22 13:03:52.581  2814  2867 D Communication:EventManager.getAcceleratedEventInfo(Line:251): result is {"dataLimit":-0.3050000071525574,"switchStatus":0,"recoderStatus":0,"alertStatus":1,"uploadStatus":0}
10-22 13:03:52.585  2814  2847 D Communication:CloudAidlService$MyBinder.getData(Line:303): type==EmergencyStopInfo,userId==test123
10-22 13:03:52.585  2814  2847 D Communication:EventManager.getEmergencyStopInfo(Line:312): userid==test123
10-22 13:03:52.585  2814  2847 D Communication:EventManager.getEmergencyStopInfo(Line:328): result is {"dataLimit":1,"switchStatus":0,"recoderStatus":0,"alertStatus":1,"uploadStatus":0}
10-22 13:03:52.587  2814  2847 D Communication:CloudAidlService$MyBinder.getData(Line:303): type==SmallCrashInfo,userId==test123
10-22 13:03:52.587  2814  2847 D Communication:EventManager.getSmallCrashInfo(Line:348): userid==test123
10-22 13:03:52.588  2814  2847 D Communication:EventManager.getSmallCrashInfo(Line:364): result is {"dataLimit":2,"switchStatus":0,"recoderStatus":0,"alertStatus":1,"uploadStatus":0}
10-22 13:03:52.590   544  3412 E mm-camera: <STATS_AEC ><ERROR> 2253: aec_process_calc_current_hist_metered_luma: error: out of range, exit
10-22 13:03:52.590  2814  2847 D Communication:CloudAidlService$MyBinder.getData(Line:303): type==MiddleCrashInfo,userId==test123
10-22 13:03:52.590  2814  2847 D Communication:EventManager.getMiddleCrashInfo(Line:425): userid==test123
10-22 13:03:52.591  2814  2847 D Communication:EventManager.getMiddleCrashInfo(Line:441): result is {"dataLimit":3,"switchStatus":1,"recoderStatus":1,"alertStatus":1,"uploadStatus":1}
10-22 13:03:52.594  2814  2847 D Communication:CloudAidlService$MyBinder.getData(Line:303): type==BigCrashInfo,userId==test123
10-22 13:03:52.594  2814  2847 D Communication:EventManager.getBigCrashInfo(Line:513): userid==test123
10-22 13:03:52.595  2814  2847 D Communication:EventManager.getBigCrashInfo(Line:529): result is {"dataLimit":5,"switchStatus":1,"recoderStatus":1,"alertStatus":1,"uploadStatus":1}
10-22 13:03:52.598  2814  2867 D Communication:CloudAidlService$MyBinder.getData(Line:303): type==LowSpeedTurnInfo,userId==test123
10-22 13:03:52.599  2814  2867 D Communication:EventManager.getLowSpeedTurnInfo(Line:534): userid==test123
10-22 13:03:52.600  2814  2867 D Communication:EventManager.getLowSpeedTurnInfo(Line:550): result is {"dataLimit":1.25,"switchStatus":0,"recoderStatus":0,"alertStatus":1,"uploadStatus":0}
10-22 13:03:52.631   544  3445 E mm-camera: <STATS_AEC ><ERROR> 2253: aec_process_calc_current_hist_metered_luma: error: out of range, exit
10-22 13:03:52.662   544  3412 E mm-camera: <STATS_AEC ><ERROR> 2253: aec_process_calc_current_hist_metered_luma: error: out of range, exit
10-22 13:03:52.702   544  3445 E mm-camera: <STATS_AEC ><ERROR> 2253: aec_process_calc_current_hist_metered_luma: error: out of range, exit
10-22 13:03:52.735   544  3412 E mm-camera: <STATS_AEC ><ERROR> 2253: aec_process_calc_current_hist_metered_luma: error: out of range, exit
10-22 13:03:52.775   544  3445 E mm-camera: <STATS_AEC ><ERROR> 2253: aec_process_calc_current_hist_metered_luma: error: out of range, exit
10-22 13:03:52.807   544  3412 E mm-camera: <STATS_AEC ><ERROR> 2253: aec_process_calc_current_hist_metered_luma: error: out of range, exit
10-22 13:03:52.849   544  3445 E mm-camera: <STATS_AEC ><ERROR> 2253: aec_process_calc_current_hist_metered_luma: error: out of range, exit
10-22 13:03:52.880   544  3412 E mm-camera: <STATS_AEC ><ERROR> 2253: aec_process_calc_current_hist_metered_luma: error: out of range, exit
10-22 13:03:52.920   544  3445 E mm-camera: <STATS_AEC ><ERROR> 2253: aec_process_calc_current_hist_metered_luma: error: out of range, exit
10-22 13:03:52.952   544  3412 E mm-camera: <STATS_AEC ><ERROR> 2253: aec_process_calc_current_hist_metered_luma: error: out of range, exit
10-22 13:03:52.993   544  3445 E mm-camera: <STATS_AEC ><ERROR> 2253: aec_process_calc_current_hist_metered_luma: error: out of range, exit
10-22 13:03:53.025   544  3412 E mm-camera: <STATS_AEC ><ERROR> 2253: aec_process_calc_current_hist_metered_luma: error: out of range, exit
10-22 13:03:53.052   564  2154 I LocSvc_ApiV02: <--- globalEventCb line 124 QMI_LOC_EVENT_GNSS_SV_INFO_IND_V02
10-22 13:03:53.053   564  2154 I LocSvc_ApiV02: <--- globalEventCb line 124 QMI_LOC_EVENT_POSITION_REPORT_IND_V02
10-22 13:03:53.053  1520  1742 I GnssLocationProvider: WakeLock acquired by sendMessage(REPORT_SV_STATUS, 0, com.android.server.location.GnssLocationProvider$SvStatusInfo@43140fb)
10-22 13:03:53.054  1520  1569 I GnssLocationProvider: WakeLock released by handleMessage(REPORT_SV_STATUS, 0, com.android.server.location.GnssLocationProvider$SvStatusInfo@43140fb)
10-22 13:03:53.056  2694  2694 I GpsHelper: ===gpsSignalStrength===0
10-22 13:03:53.056  2694  2694 D CameraRecordFragment: onMessageEvent code =2,data = 0
10-22 13:03:53.056  2694  2694 D EventManager: checkDrivingSupportAlertSettingOnOff, eventType=109 off
10-22 13:03:53.057  2694  2694 I GPSStatusManager:  gpsStatusListener GPS_EVENT_SATELLITE_STATUS.-> mGpsUsedInFix : 0
10-22 13:03:53.066   544  3445 E mm-camera: <STATS_AEC ><ERROR> 2253: aec_process_calc_current_hist_metered_luma: error: out of range, exit
10-22 13:03:53.097   544  3412 E mm-camera: <STATS_AEC ><ERROR> 2253: aec_process_calc_current_hist_metered_luma: error: out of range, exit
10-22 13:03:53.138   544  3445 E mm-camera: <STATS_AEC ><ERROR> 2253: aec_process_calc_current_hist_metered_luma: error: out of range, exit
10-22 13:03:53.170   544  3412 E mm-camera: <STATS_AEC ><ERROR> 2253: aec_process_calc_current_hist_metered_luma: error: out of range, exit
10-22 13:03:53.211   544  3445 E mm-camera: <STATS_AEC ><ERROR> 2253: aec_process_calc_current_hist_metered_luma: error: out of range, exit
10-22 13:03:53.243   544  3412 E mm-camera: <STATS_AEC ><ERROR> 2253: aec_process_calc_current_hist_metered_luma: error: out of range, exit
10-22 13:03:53.284   544  3445 E mm-camera: <STATS_AEC ><ERROR> 2253: aec_process_calc_current_hist_metered_luma: error: out of range, exit
10-22 13:03:53.315   544  3412 E mm-camera: <STATS_AEC ><ERROR> 2253: aec_process_calc_current_hist_metered_luma: error: out of range, exit
10-22 13:03:53.356   544  3445 E mm-camera: <STATS_AEC ><ERROR> 2253: aec_process_calc_current_hist_metered_luma: error: out of range, exit
10-22 13:03:53.387   544  3412 E mm-camera: <STATS_AEC ><ERROR> 2253: aec_process_calc_current_hist_metered_luma: error: out of range, exit
10-22 13:03:53.430   544  3445 E mm-camera: <STATS_AEC ><ERROR> 2253: aec_process_calc_current_hist_metered_luma: error: out of range, exit
10-22 13:03:53.459   544  3412 E mm-camera: <STATS_AEC ><ERROR> 2253: aec_process_calc_current_hist_metered_luma: error: out of range, exit
10-22 13:03:53.502   544  3445 E mm-camera: <STATS_AEC ><ERROR> 2253: aec_process_calc_current_hist_metered_luma: error: out of range, exit
10-22 13:03:53.532   544  3412 E mm-camera: <STATS_AEC ><ERROR> 2253: aec_process_calc_current_hist_metered_luma: error: out of range, exit
10-22 13:03:53.574   544  3445 E mm-camera: <STATS_AEC ><ERROR> 2253: aec_process_calc_current_hist_metered_luma: error: out of range, exit
10-22 13:03:53.605   544  3412 E mm-camera: <STATS_AEC ><ERROR> 2253: aec_process_calc_current_hist_metered_luma: error: out of range, exit
10-22 13:03:53.647   544  3445 E mm-camera: <STATS_AEC ><ERROR> 2253: aec_process_calc_current_hist_metered_luma: error: out of range, exit
10-22 13:03:53.677   544  3412 E mm-camera: <STATS_AEC ><ERROR> 2253: aec_process_calc_current_hist_metered_luma: error: out of range, exit
10-22 13:03:53.691  2694  2694 D WifiStatusReceiver: action : android.net.wifi.RSSI_CHANGED
10-22 13:03:53.694  2694  2694 I WifiStatusReceiver: ====WifiInfo=getRssi=====-56
10-22 13:03:53.694  2694  2694 I WifiStatusReceiver: WIFISignal: 2
10-22 13:03:53.719   544  3445 E mm-camera: <STATS_AEC ><ERROR> 2253: aec_process_calc_current_hist_metered_luma: error: out of range, exit
10-22 13:03:53.750   544  3412 E mm-camera: <STATS_AEC ><ERROR> 2253: aec_process_calc_current_hist_metered_luma: error: out of range, exit
10-22 13:03:53.792   544  3445 E mm-camera: <STATS_AEC ><ERROR> 2253: aec_process_calc_current_hist_metered_luma: error: out of range, exit
10-22 13:03:53.822   544  3412 E mm-camera: <STATS_AEC ><ERROR> 2253: aec_process_calc_current_hist_metered_luma: error: out of range, exit
10-22 13:03:53.867   544  3445 E mm-camera: <STATS_AEC ><ERROR> 2253: aec_process_calc_current_hist_metered_luma: error: out of range, exit
10-22 13:03:53.895   544  3412 E mm-camera: <STATS_AEC ><ERROR> 2253: aec_process_calc_current_hist_metered_luma: error: out of range, exit
10-22 13:03:53.937   544  3445 E mm-camera: <STATS_AEC ><ERROR> 2253: aec_process_calc_current_hist_metered_luma: error: out of range, exit
10-22 13:03:53.967   544  3412 E mm-camera: <STATS_AEC ><ERROR> 2253: aec_process_calc_current_hist_metered_luma: error: out of range, exit
10-22 13:03:54.010   544  3445 E mm-camera: <STATS_AEC ><ERROR> 2253: aec_process_calc_current_hist_metered_luma: error: out of range, exit
10-22 13:03:54.040   544  3412 E mm-camera: <STATS_AEC ><ERROR> 2253: aec_process_calc_current_hist_metered_luma: error: out of range, exit
10-22 13:03:54.053   564  2154 I LocSvc_ApiV02: <--- globalEventCb line 124 QMI_LOC_EVENT_GNSS_SV_INFO_IND_V02
10-22 13:03:54.053   564  2154 I LocSvc_ApiV02: <--- globalEventCb line 124 QMI_LOC_EVENT_POSITION_REPORT_IND_V02
10-22 13:03:54.054  1520  1742 I GnssLocationProvider: WakeLock acquired by sendMessage(REPORT_SV_STATUS, 0, com.android.server.location.GnssLocationProvider$SvStatusInfo@7e75518)
10-22 13:03:54.055  1520  1569 I GnssLocationProvider: WakeLock released by handleMessage(REPORT_SV_STATUS, 0, com.android.server.location.GnssLocationProvider$SvStatusInfo@7e75518)
10-22 13:03:54.057  2694  2694 I GpsHelper: ===gpsSignalStrength===0
10-22 13:03:54.057  2694  2694 D CameraRecordFragment: onMessageEvent code =2,data = 0
10-22 13:03:54.057  2694  2694 D EventManager: checkDrivingSupportAlertSettingOnOff, eventType=109 off
10-22 13:03:54.058  2694  2694 I GPSStatusManager:  gpsStatusListener GPS_EVENT_SATELLITE_STATUS.-> mGpsUsedInFix : 0
10-22 13:03:54.084   544  3445 E mm-camera: <STATS_AEC ><ERROR> 2253: aec_process_calc_current_hist_metered_luma: error: out of range, exit
10-22 13:03:54.112   544  3412 E mm-camera: <STATS_AEC ><ERROR> 2253: aec_process_calc_current_hist_metered_luma: error: out of range, exit
10-22 13:03:54.155   544  3445 E mm-camera: <STATS_AEC ><ERROR> 2253: aec_process_calc_current_hist_metered_luma: error: out of range, exit
10-22 13:03:54.185   544  3412 E mm-camera: <STATS_AEC ><ERROR> 2253: aec_process_calc_current_hist_metered_luma: error: out of range, exit
10-22 13:03:54.228   544  3445 E mm-camera: <STATS_AEC ><ERROR> 2253: aec_process_calc_current_hist_metered_luma: error: out of range, exit
10-22 13:03:54.257   544  3412 E mm-camera: <STATS_AEC ><ERROR> 2253: aec_process_calc_current_hist_metered_luma: error: out of range, exit
10-22 13:03:54.301   544  3445 E mm-camera: <STATS_AEC ><ERROR> 2253: aec_process_calc_current_hist_metered_luma: error: out of range, exit
10-22 13:03:54.330   544  3412 E mm-camera: <STATS_AEC ><ERROR> 2253: aec_process_calc_current_hist_metered_luma: error: out of range, exit
10-22 13:03:54.374   544  3445 E mm-camera: <STATS_AEC ><ERROR> 2253: aec_process_calc_current_hist_metered_luma: error: out of range, exit
10-22 13:03:54.402   544  3412 E mm-camera: <STATS_AEC ><ERROR> 2253: aec_process_calc_current_hist_metered_luma: error: out of range, exit
10-22 13:03:54.447   544  3445 E mm-camera: <STATS_AEC ><ERROR> 2253: aec_process_calc_current_hist_metered_luma: error: out of range, exit
10-22 13:03:54.475   544  3412 E mm-camera: <STATS_AEC ><ERROR> 2253: aec_process_calc_current_hist_metered_luma: error: out of range, exit
10-22 13:03:54.520   544  3445 E mm-camera: <STATS_AEC ><ERROR> 2253: aec_process_calc_current_hist_metered_luma: error: out of range, exit
10-22 13:03:54.547   544  3412 E mm-camera: <STATS_AEC ><ERROR> 2253: aec_process_calc_current_hist_metered_luma: error: out of range, exit
10-22 13:03:54.592   544  3445 E mm-camera: <STATS_AEC ><ERROR> 2253: aec_process_calc_current_hist_metered_luma: error: out of range, exit
10-22 13:03:54.620   544  3412 E mm-camera: <STATS_AEC ><ERROR> 2253: aec_process_calc_current_hist_metered_luma: error: out of range, exit
10-22 13:03:54.664   544  3445 E mm-camera: <STATS_AEC ><ERROR> 2253: aec_process_calc_current_hist_metered_luma: error: out of range, exit
10-22 13:03:54.692   544  3412 E mm-camera: <STATS_AEC ><ERROR> 2253: aec_process_calc_current_hist_metered_luma: error: out of range, exit
10-22 13:03:54.737   544  3445 E mm-camera: <STATS_AEC ><ERROR> 2253: aec_process_calc_current_hist_metered_luma: error: out of range, exit
10-22 13:03:54.764   544  3412 E mm-camera: <STATS_AEC ><ERROR> 2253: aec_process_calc_current_hist_metered_luma: error: out of range, exit
10-22 13:03:54.809   544  3445 E mm-camera: <STATS_AEC ><ERROR> 2253: aec_process_calc_current_hist_metered_luma: error: out of range, exit
10-22 13:03:54.839   544  3412 E mm-camera: <STATS_AEC ><ERROR> 2253: aec_process_calc_current_hist_metered_luma: error: out of range, exit
10-22 13:03:54.882   544  3445 E mm-camera: <STATS_AEC ><ERROR> 2253: aec_process_calc_current_hist_metered_luma: error: out of range, exit
10-22 13:03:54.910   544  3412 E mm-camera: <STATS_AEC ><ERROR> 2253: aec_process_calc_current_hist_metered_luma: error: out of range, exit
10-22 13:03:54.920  2238  2893 D ---WebRTCService: isMQTTConnected=falsedevice_id=51286E66576DBDD952200BE5E9C1F59E07EEA94A
10-22 13:03:54.955   544  3445 E mm-camera: <STATS_AEC ><ERROR> 2253: aec_process_calc_current_hist_metered_luma: error: out of range, exit
10-22 13:03:54.982   544  3412 E mm-camera: <STATS_AEC ><ERROR> 2253: aec_process_calc_current_hist_metered_luma: error: out of range, exit
10-22 13:03:55.028   544  3445 E mm-camera: <STATS_AEC ><ERROR> 2253: aec_process_calc_current_hist_metered_luma: error: out of range, exit
10-22 13:03:55.052   564  2154 I LocSvc_ApiV02: <--- globalEventCb line 124 QMI_LOC_EVENT_GNSS_SV_INFO_IND_V02
10-22 13:03:55.053   564  2154 I LocSvc_ApiV02: <--- globalEventCb line 124 QMI_LOC_EVENT_POSITION_REPORT_IND_V02
10-22 13:03:55.053  1520  1742 I GnssLocationProvider: WakeLock acquired by sendMessage(REPORT_SV_STATUS, 0, com.android.server.location.GnssLocationProvider$SvStatusInfo@1fcbb71)
10-22 13:03:55.054  1520  1569 I GnssLocationProvider: WakeLock released by handleMessage(REPORT_SV_STATUS, 0, com.android.server.location.GnssLocationProvider$SvStatusInfo@1fcbb71)
10-22 13:03:55.054   544  3412 E mm-camera: <STATS_AEC ><ERROR> 2253: aec_process_calc_current_hist_metered_luma: error: out of range, exit
10-22 13:03:55.056  2694  2694 I GpsHelper: ===gpsSignalStrength===0
10-22 13:03:55.056  2694  2694 D CameraRecordFragment: onMessageEvent code =2,data = 0
10-22 13:03:55.057  2694  2694 D EventManager: checkDrivingSupportAlertSettingOnOff, eventType=109 off
10-22 13:03:55.057  2694  2694 I GPSStatusManager:  gpsStatusListener GPS_EVENT_SATELLITE_STATUS.-> mGpsUsedInFix : 0
10-22 13:03:55.091   544  3412 E mm-camera: <STATS_AEC ><ERROR> 2253: aec_process_calc_current_hist_metered_luma: error: out of range, exit
10-22 13:03:55.100   544  3445 E mm-camera: <STATS_AEC ><ERROR> 2253: aec_process_calc_current_hist_metered_luma: error: out of range, exit
10-22 13:03:55.128   544  3412 E mm-camera: <STATS_AEC ><ERROR> 2253: aec_process_calc_current_hist_metered_luma: error: out of range, exit
10-22 13:03:55.163   544  3412 E mm-camera: <STATS_AEC ><ERROR> 2253: aec_process_calc_current_hist_metered_luma: error: out of range, exit
10-22 13:03:55.173   544  3445 E mm-camera: <STATS_AEC ><ERROR> 2253: aec_process_calc_current_hist_metered_luma: error: out of range, exit
10-22 13:03:55.199   544  3412 E mm-camera: <STATS_AEC ><ERROR> 2253: aec_process_calc_current_hist_metered_luma: error: out of range, exit
10-22 13:03:55.237   544  3412 E mm-camera: <STATS_AEC ><ERROR> 2253: aec_process_calc_current_hist_metered_luma: error: out of range, exit
10-22 13:03:55.245   544  3445 E mm-camera: <STATS_AEC ><ERROR> 2253: aec_process_calc_current_hist_metered_luma: error: out of range, exit
10-22 13:03:55.273   544  3412 E mm-camera: <STATS_AEC ><ERROR> 2253: aec_process_calc_current_hist_metered_luma: error: out of range, exit
10-22 13:03:55.310   544  3412 E mm-camera: <STATS_AEC ><ERROR> 2253: aec_process_calc_current_hist_metered_luma: error: out of range, exit
10-22 13:03:55.318   544  3445 E mm-camera: <STATS_AEC ><ERROR> 2253: aec_process_calc_current_hist_metered_luma: error: out of range, exit
10-22 13:03:55.345   544  3412 E mm-camera: <STATS_AEC ><ERROR> 2253: aec_process_calc_current_hist_metered_luma: error: out of range, exit
10-22 13:03:55.390   544  3445 E mm-camera: <STATS_AEC ><ERROR> 2253: aec_process_calc_current_hist_metered_luma: error: out of range, exit
10-22 13:03:55.418   544  3412 E mm-camera: <STATS_AEC ><ERROR> 2253: aec_process_calc_current_hist_metered_luma: error: out of range, exit
10-22 13:03:55.454   544  3412 E mm-camera: <STATS_AEC ><ERROR> 2253: aec_process_calc_current_hist_metered_luma: error: out of range, exit
10-22 13:03:55.464   544  3445 E mm-camera: <STATS_AEC ><ERROR> 2253: aec_process_calc_current_hist_metered_luma: error: out of range, exit
10-22 13:03:55.490   544  3412 E mm-camera: <STATS_AEC ><ERROR> 2253: aec_process_calc_current_hist_metered_luma: error: out of range, exit
10-22 13:03:55.499   544  3445 E mm-camera: <STATS_AEC ><ERROR> 2253: aec_process_calc_current_hist_metered_luma: error: out of range, exit
10-22 13:03:55.527   544  3412 E mm-camera: <STATS_AEC ><ERROR> 2253: aec_process_calc_current_hist_metered_luma: error: out of range, exit
10-22 13:03:55.536   544  3445 E mm-camera: <STATS_AEC ><ERROR> 2253: aec_process_calc_current_hist_metered_luma: error: out of range, exit
10-22 13:03:55.563   544  3412 E mm-camera: <STATS_AEC ><ERROR> 2253: aec_process_calc_current_hist_metered_luma: error: out of range, exit
10-22 13:03:55.574   544  3445 E mm-camera: <STATS_AEC ><ERROR> 2253: aec_process_calc_current_hist_metered_luma: error: out of range, exit
10-22 13:03:55.599   544  3412 E mm-camera: <STATS_AEC ><ERROR> 2253: aec_process_calc_current_hist_metered_luma: error: out of range, exit
10-22 13:03:55.609   544  3445 E mm-camera: <STATS_AEC ><ERROR> 2253: aec_process_calc_current_hist_metered_luma: error: out of range, exit
10-22 13:03:55.636   544  3412 E mm-camera: <STATS_AEC ><ERROR> 2253: aec_process_calc_current_hist_metered_luma: error: out of range, exit
10-22 13:03:55.645   544  3445 E mm-camera: <STATS_AEC ><ERROR> 2253: aec_process_calc_current_hist_metered_luma: error: out of range, exit
10-22 13:03:55.672   544  3412 E mm-camera: <STATS_AEC ><ERROR> 2253: aec_process_calc_current_hist_metered_luma: error: out of range, exit
10-22 13:03:55.681   544  3445 E mm-camera: <STATS_AEC ><ERROR> 2253: aec_process_calc_current_hist_metered_luma: error: out of range, exit
10-22 13:03:55.708   544  3412 E mm-camera: <STATS_AEC ><ERROR> 2253: aec_process_calc_current_hist_metered_luma: error: out of range, exit
10-22 13:03:55.745   544  3412 E mm-camera: <STATS_AEC ><ERROR> 2253: aec_process_calc_current_hist_metered_luma: error: out of range, exit
10-22 13:03:55.754   544  3445 E mm-camera: <STATS_AEC ><ERROR> 2253: aec_process_calc_current_hist_metered_luma: error: out of range, exit
10-22 13:03:55.781   544  3412 E mm-camera: <STATS_AEC ><ERROR> 2253: aec_process_calc_current_hist_metered_luma: error: out of range, exit
10-22 13:03:55.830   544  3445 E mm-camera: <STATS_AEC ><ERROR> 2253: aec_process_calc_current_hist_metered_luma: error: out of range, exit
10-22 13:03:55.854   544  3412 E mm-camera: <STATS_AEC ><ERROR> 2253: aec_process_calc_current_hist_metered_luma: error: out of range, exit
10-22 13:03:55.900   544  3445 E mm-camera: <STATS_AEC ><ERROR> 2253: aec_process_calc_current_hist_metered_luma: error: out of range, exit
10-22 13:03:55.927   544  3412 E mm-camera: <STATS_AEC ><ERROR> 2253: aec_process_calc_current_hist_metered_luma: error: out of range, exit
10-22 13:03:55.973   544  3445 E mm-camera: <STATS_AEC ><ERROR> 2253: aec_process_calc_current_hist_metered_luma: error: out of range, exit
10-22 13:03:55.982  2814  2867 D Communication:CloudAidlService$MyBinder.getData(Line:303): type==SummaryForDevice,userId==test
10-22 13:03:55.982  2814  2867 D Communication:LTEManager.getSummaryForDevice(Line:35): getSummaryForDevice
10-22 13:03:55.982  2814  2867 D Communication:TrafficStatisticManager.getSummaryForDevice(Line:47): getSummaryForDevice...
10-22 13:03:55.982  2814  2867 D Communication:TrafficStatisticManager.getSummaryForDevice(Line:49): resetTime==0
10-22 13:03:55.982  2814  2867 D Communication:TrafficStatisticManager.getUsageSummary(Line:58): getUsageSummary: startTime: 0, endTime: 1571749435982
10-22 13:03:55.989  1520  2970 W BestClock: java.time.DateTimeException: Missing NTP fix
10-22 13:03:55.999   544  3412 E mm-camera: <STATS_AEC ><ERROR> 2253: aec_process_calc_current_hist_metered_luma: error: out of range, exit
10-22 13:03:56.003  1520  2970 W BestClock: java.time.DateTimeException: Missing NTP fix
10-22 13:03:56.006  1520  1765 W BestClock: java.time.DateTimeException: Missing NTP fix
10-22 13:03:56.007  2184  2210 E PhoneInterfaceManager: [PhoneIntfMgr] checkCarrierPrivilegesForPackage: No UICC
10-22 13:03:56.012  2814  2867 D Communication:TrafficStatisticManager.getUsageSummary(Line:74): getUsageSummary: totalBytes: 0, summary: 0.00B
10-22 13:03:56.012  2814  2867 D Communication:TrafficStatisticManager.getUsageSummary(Line:81): getSummaryForDevice: summary=0.00B
10-22 13:03:56.013  2814  2867 D Communication:TrafficStatisticManager.getSummaryForDevice(Line:52): summaryTotal==0.00B
10-22 13:03:56.014  2814  2847 D Communication:CloudAidlService$MyBinder.getData(Line:303): type==CpuTemp,userId==test
10-22 13:03:56.014  2814  2847 D Communication:CloudAidlService$MyBinder.getCpuTemp(Line:470): getCpuTemp
10-22 13:03:56.020  2814  2847 D Communication:CloudAidlService$MyBinder.getCpuTemp(Line:474): CpuTemp==51900
10-22 13:03:56.021  2814  2867 D Communication:CloudAidlService$MyBinder.getData(Line:303): type==Latitude,userId==test
10-22 13:03:56.021  2814  2867 D Communication:CloudAidlService$MyBinder.getLatitude(Line:430): getLatitude
10-22 13:03:56.021  2814  2867 D Communication:DeviceReportManager.getInstance(Line:26): getInstance...
10-22 13:03:56.022  2814  2867 D Communication:DeviceReportManager.getLatitude(Line:96): getLatitude
10-22 13:03:56.022  2694  2753 D DeviceReportService: getGpsLatitude...
10-22 13:03:56.022  2694  2753 D DeviceReportService: loc==null
10-22 13:03:56.022  2694  2753 E DeviceReportService: location is null and 0 will be return
10-22 13:03:56.024  2814  3657 D Communication:CloudAidlService$MyBinder.getData(Line:303): type==Altitude,userId==test
10-22 13:03:56.024  2814  3657 D Communication:CloudAidlService$MyBinder.getAltitude(Line:440): getAltitude
10-22 13:03:56.024  2814  3657 D Communication:DeviceReportManager.getInstance(Line:26): getInstance...
10-22 13:03:56.024  2814  3657 D Communication:DeviceReportManager.getAltitude(Line:115): getAltitude
10-22 13:03:56.024  2694  2753 D DeviceReportService: getGpsAltitude...
10-22 13:03:56.025  2694  2753 D DeviceReportService: loc==null
10-22 13:03:56.025  2694  2753 E DeviceReportService: location is null and 0 will be return
10-22 13:03:56.026  2814  3657 D Communication:CloudAidlService$MyBinder.getData(Line:303): type==Longitude,userId==test
10-22 13:03:56.027  2814  3657 D Communication:CloudAidlService$MyBinder.getLongitude(Line:420): getLongitude
10-22 13:03:56.027  2814  3657 D Communication:DeviceReportManager.getInstance(Line:26): getInstance...
10-22 13:03:56.028  2814  3657 D Communication:DeviceReportManager.getLongitude(Line:77): getLongitude
10-22 13:03:56.028  2694  2887 D DeviceReportService: getGpsLongitude...
10-22 13:03:56.028  2694  2887 D DeviceReportService: loc==null
10-22 13:03:56.029  2694  2887 E DeviceReportService: location is null and 0 will be return
10-22 13:03:56.030  2814  2847 D Communication:CloudAidlService$MyBinder.getData(Line:303): type==Speed,userId==test
10-22 13:03:56.031  2814  2847 D Communication:CloudAidlService$MyBinder.getSpeed(Line:450): getSpeed
10-22 13:03:56.031  2814  2847 D Communication:DeviceReportManager.getInstance(Line:26): getInstance...
10-22 13:03:56.031  2814  2847 D Communication:DeviceReportManager.getSpeed(Line:134): getSpeed
10-22 13:03:56.033  2814  3657 D Communication:CloudAidlService$MyBinder.getData(Line:303): type==GpsUsedInFix,userId==test
10-22 13:03:56.033  2814  3657 D Communication:CloudAidlService$MyBinder.getGpsUsedInFix(Line:460): getGpsUsedInFix
10-22 13:03:56.033  2814  3657 D Communication:DeviceReportManager.getInstance(Line:26): getInstance...
10-22 13:03:56.033  2814  3657 D Communication:DeviceReportManager.getGpsSatellites(Line:153): getGpsSatellites
10-22 13:03:56.034  2694  2887 D DeviceReportService: getGpsSatellites...
10-22 13:03:56.034  2694  2887 D DeviceReportService: gpsStatusList.size ==16
10-22 13:03:56.036  2814  3657 D Communication:CloudAidlService$MyBinder.getData(Line:303): type==WifiSw,userId==test
10-22 13:03:56.036  2814  3657 D Communication:WifiStatusManager.getWifiSw(Line:140): userId==test
10-22 13:03:56.038  2814  2847 D Communication:CloudAidlService$MyBinder.getData(Line:303): type==HotsoptSw,userId==test
10-22 13:03:56.038  2814  2847 D Communication:CloudAidlService$MyBinder.getHotspotSw(Line:666): userId==test
10-22 13:03:56.041  2814  3657 D Communication:CloudAidlService$MyBinder.getData(Line:303): type==HotsoptINFO,userId==test
10-22 13:03:56.041  2814  3657 D Communication:CloudAidlService$MyBinder.getHotspotInfo(Line:621): userId==test
10-22 13:03:56.042  1520  2970 I WifiService: getWifiApConfiguration uid=1000
10-22 13:03:56.044  2814  3657 D Communication:CloudAidlService$MyBinder.getHotspotInfo(Line:634): encrypted ,result is {"ssid":"NTTBP_DVR","hiddenSSID":"0","password":"b715effb7b6a","encrypt":"WPA2_PSK"}
10-22 13:03:56.045   544  3445 E mm-camera: <STATS_AEC ><ERROR> 2253: aec_process_calc_current_hist_metered_luma: error: out of range, exit
10-22 13:03:56.053   564  2154 I LocSvc_ApiV02: <--- globalEventCb line 124 QMI_LOC_EVENT_GNSS_SV_INFO_IND_V02
10-22 13:03:56.054  1520  1742 I GnssLocationProvider: WakeLock acquired by sendMessage(REPORT_SV_STATUS, 0, com.android.server.location.GnssLocationProvider$SvStatusInfo@41e6d56)
10-22 13:03:56.054   564  2154 I LocSvc_ApiV02: <--- globalEventCb line 124 QMI_LOC_EVENT_POSITION_REPORT_IND_V02
10-22 13:03:56.055  1520  1569 I GnssLocationProvider: WakeLock released by handleMessage(REPORT_SV_STATUS, 0, com.android.server.location.GnssLocationProvider$SvStatusInfo@41e6d56)
10-22 13:03:56.056  2694  2694 I GpsHelper: ===gpsSignalStrength===0
10-22 13:03:56.057  2694  2694 D CameraRecordFragment: onMessageEvent code =2,data = 0
10-22 13:03:56.057  2694  2694 D EventManager: checkDrivingSupportAlertSettingOnOff, eventType=109 off
10-22 13:03:56.058  2694  2694 I GPSStatusManager:  gpsStatusListener GPS_EVENT_SATELLITE_STATUS.-> mGpsUsedInFix : 0
10-22 13:03:56.073   544  3412 E mm-camera: <STATS_AEC ><ERROR> 2253: aec_process_calc_current_hist_metered_luma: error: out of range, exit
10-22 13:03:56.118   544  3445 E mm-camera: <STATS_AEC ><ERROR> 2253: aec_process_calc_current_hist_metered_luma: error: out of range, exit
10-22 13:03:56.144   544  3412 E mm-camera: <STATS_AEC ><ERROR> 2253: aec_process_calc_current_hist_metered_luma: error: out of range, exit
10-22 13:03:56.191   544  3445 E mm-camera: <STATS_AEC ><ERROR> 2253: aec_process_calc_current_hist_metered_luma: error: out of range, exit
10-22 13:03:56.217   544  3412 E mm-camera: <STATS_AEC ><ERROR> 2253: aec_process_calc_current_hist_metered_luma: error: out of range, exit
10-22 13:03:56.262   544  3445 E mm-camera: <STATS_AEC ><ERROR> 2253: aec_process_calc_current_hist_metered_luma: error: out of range, exit
10-22 13:03:56.290   544  3412 E mm-camera: <STATS_AEC ><ERROR> 2253: aec_process_calc_current_hist_metered_luma: error: out of range, exit
10-22 13:03:56.335   544  3445 E mm-camera: <STATS_AEC ><ERROR> 2253: aec_process_calc_current_hist_metered_luma: error: out of range, exit
10-22 13:03:56.363   544  3412 E mm-camera: <STATS_AEC ><ERROR> 2253: aec_process_calc_current_hist_metered_luma: error: out of range, exit
10-22 13:03:56.409   544  3445 E mm-camera: <STATS_AEC ><ERROR> 2253: aec_process_calc_current_hist_metered_luma: error: out of range, exit
10-22 13:03:56.435   544  3412 E mm-camera: <STATS_AEC ><ERROR> 2253: aec_process_calc_current_hist_metered_luma: error: out of range, exit
10-22 13:03:56.480   544  3445 E mm-camera: <STATS_AEC ><ERROR> 2253: aec_process_calc_current_hist_metered_luma: error: out of range, exit
10-22 13:03:56.508   544  3412 E mm-camera: <STATS_AEC ><ERROR> 2253: aec_process_calc_current_hist_metered_luma: error: out of range, exit
10-22 13:03:56.553   544  3445 E mm-camera: <STATS_AEC ><ERROR> 2253: aec_process_calc_current_hist_metered_luma: error: out of range, exit
10-22 13:03:56.580   544  3412 E mm-camera: <STATS_AEC ><ERROR> 2253: aec_process_calc_current_hist_metered_luma: error: out of range, exit
10-22 13:03:56.626   544  3445 E mm-camera: <STATS_AEC ><ERROR> 2253: aec_process_calc_current_hist_metered_luma: error: out of range, exit
10-22 13:03:56.653   544  3412 E mm-camera: <STATS_AEC ><ERROR> 2253: aec_process_calc_current_hist_metered_luma: error: out of range, exit
10-22 13:03:56.699   544  3445 E mm-camera: <STATS_AEC ><ERROR> 2253: aec_process_calc_current_hist_metered_luma: error: out of range, exit
10-22 13:03:56.726   544  3412 E mm-camera: <STATS_AEC ><ERROR> 2253: aec_process_calc_current_hist_metered_luma: error: out of range, exit
10-22 13:03:56.754  2694  2694 D WifiStatusReceiver: action : android.net.wifi.RSSI_CHANGED
10-22 13:03:56.757  2694  2694 I WifiStatusReceiver: ====WifiInfo=getRssi=====-48
10-22 13:03:56.757  2694  2694 I WifiStatusReceiver: WIFISignal: 2
10-22 13:03:56.772   544  3445 E mm-camera: <STATS_AEC ><ERROR> 2253: aec_process_calc_current_hist_metered_luma: error: out of range, exit
10-22 13:03:56.798   544  3412 E mm-camera: <STATS_AEC ><ERROR> 2253: aec_process_calc_current_hist_metered_luma: error: out of range, exit
10-22 13:03:56.844   544  3445 E mm-camera: <STATS_AEC ><ERROR> 2253: aec_process_calc_current_hist_metered_luma: error: out of range, exit
10-22 13:03:56.872   544  3412 E mm-camera: <STATS_AEC ><ERROR> 2253: aec_process_calc_current_hist_metered_luma: error: out of range, exit
10-22 13:03:56.917   544  3445 E mm-camera: <STATS_AEC ><ERROR> 2253: aec_process_calc_current_hist_metered_luma: error: out of range, exit
10-22 13:03:56.944   544  3412 E mm-camera: <STATS_AEC ><ERROR> 2253: aec_process_calc_current_hist_metered_luma: error: out of range, exit
10-22 13:03:56.989   544  3445 E mm-camera: <STATS_AEC ><ERROR> 2253: aec_process_calc_current_hist_metered_luma: error: out of range, exit
10-22 13:03:57.017   544  3412 E mm-camera: <STATS_AEC ><ERROR> 2253: aec_process_calc_current_hist_metered_luma: error: out of range, exit
10-22 13:03:57.052   564  2154 I LocSvc_ApiV02: <--- globalEventCb line 124 QMI_LOC_EVENT_GNSS_SV_INFO_IND_V02
10-22 13:03:57.053   564  2154 I LocSvc_ApiV02: <--- globalEventCb line 124 QMI_LOC_EVENT_POSITION_REPORT_IND_V02
10-22 13:03:57.053  1520  1742 I GnssLocationProvider: WakeLock acquired by sendMessage(REPORT_SV_STATUS, 0, com.android.server.location.GnssLocationProvider$SvStatusInfo@cc8f1d7)
10-22 13:03:57.054  1520  1569 I GnssLocationProvider: WakeLock released by handleMessage(REPORT_SV_STATUS, 0, com.android.server.location.GnssLocationProvider$SvStatusInfo@cc8f1d7)
10-22 13:03:57.057  2694  2694 I GpsHelper: ===gpsSignalStrength===0
10-22 13:03:57.057  2694  2694 D CameraRecordFragment: onMessageEvent code =2,data = 0
10-22 13:03:57.058  2694  2694 D EventManager: checkDrivingSupportAlertSettingOnOff, eventType=109 off
10-22 13:03:57.058  2694  2694 I GPSStatusManager:  gpsStatusListener GPS_EVENT_SATELLITE_STATUS.-> mGpsUsedInFix : 0
10-22 13:03:57.063   544  3445 E mm-camera: <STATS_AEC ><ERROR> 2253: aec_process_calc_current_hist_metered_luma: error: out of range, exit
10-22 13:03:57.089   544  3412 E mm-camera: <STATS_AEC ><ERROR> 2253: aec_process_calc_current_hist_metered_luma: error: out of range, exit
10-22 13:03:57.134   544  3445 E mm-camera: <STATS_AEC ><ERROR> 2253: aec_process_calc_current_hist_metered_luma: error: out of range, exit
10-22 13:03:57.161   544  3412 E mm-camera: <STATS_AEC ><ERROR> 2253: aec_process_calc_current_hist_metered_luma: error: out of range, exit
10-22 13:03:57.452   544  3412 I chatty  : uid=1047(cameraserver) CAM_AECAWB identical 4 lines
10-22 13:03:57.527   544  3412 E mm-camera: <STATS_AEC ><ERROR> 2253: aec_process_calc_current_hist_metered_luma: error: out of range, exit
10-22 13:03:57.534   544  3445 E mm-camera: <STATS_AEC ><ERROR> 2253: aec_process_calc_current_hist_metered_luma: error: out of range, exit
10-22 13:03:57.598   544  3412 E mm-camera: <STATS_AEC ><ERROR> 2253: aec_process_calc_current_hist_metered_luma: error: out of range, exit
10-22 13:03:57.608   544  3445 E mm-camera: <STATS_AEC ><ERROR> 2253: aec_process_calc_current_hist_metered_luma: error: out of range, exit
10-22 13:03:57.671   544  3412 E mm-camera: <STATS_AEC ><ERROR> 2253: aec_process_calc_current_hist_metered_luma: error: out of range, exit
10-22 13:03:57.744   544  3412 E mm-camera: <STATS_AEC ><ERROR> 2253: aec_process_calc_current_hist_metered_luma: error: out of range, exit
10-22 13:03:58.054   564  2154 I LocSvc_ApiV02: <--- globalEventCb line 124 QMI_LOC_EVENT_GNSS_SV_INFO_IND_V02
10-22 13:03:58.054   564  2154 I LocSvc_ApiV02: <--- globalEventCb line 124 QMI_LOC_EVENT_POSITION_REPORT_IND_V02
10-22 13:03:58.055  1520  1742 I GnssLocationProvider: WakeLock acquired by sendMessage(REPORT_SV_STATUS, 0, com.android.server.location.GnssLocationProvider$SvStatusInfo@e88aac4)
10-22 13:03:58.055  1520  1569 I GnssLocationProvider: WakeLock released by handleMessage(REPORT_SV_STATUS, 0, com.android.server.location.GnssLocationProvider$SvStatusInfo@e88aac4)
10-22 13:03:58.058  2694  2694 I GpsHelper: ===gpsSignalStrength===0
10-22 13:03:58.058  2694  2694 D CameraRecordFragment: onMessageEvent code =2,data = 0
10-22 13:03:58.059  2694  2694 D EventManager: checkDrivingSupportAlertSettingOnOff, eventType=109 off
10-22 13:03:58.060  2694  2694 I GPSStatusManager:  gpsStatusListener GPS_EVENT_SATELLITE_STATUS.-> mGpsUsedInFix : 0
10-22 13:03:59.053   564  2154 I LocSvc_ApiV02: <--- globalEventCb line 124 QMI_LOC_EVENT_GNSS_SV_INFO_IND_V02
10-22 13:03:59.054  1520  1742 I GnssLocationProvider: WakeLock acquired by sendMessage(REPORT_SV_STATUS, 0, com.android.server.location.GnssLocationProvider$SvStatusInfo@bd09dad)
10-22 13:03:59.054  1520  1569 I GnssLocationProvider: WakeLock released by handleMessage(REPORT_SV_STATUS, 0, com.android.server.location.GnssLocationProvider$SvStatusInfo@bd09dad)
10-22 13:03:59.056   564  2154 I LocSvc_ApiV02: <--- globalEventCb line 124 QMI_LOC_EVENT_POSITION_REPORT_IND_V02
10-22 13:03:59.056  2694  2694 I GpsHelper: ===gpsSignalStrength===0
10-22 13:03:59.056  2694  2694 D CameraRecordFragment: onMessageEvent code =2,data = 0
10-22 13:03:59.057  2694  2694 D EventManager: checkDrivingSupportAlertSettingOnOff, eventType=109 off
10-22 13:03:59.059  2694  2694 I GPSStatusManager:  gpsStatusListener GPS_EVENT_SATELLITE_STATUS.-> mGpsUsedInFix : 0
10-22 13:03:59.965  2238  2893 D ---WebRTCService: isMQTTConnected=falsedevice_id=51286E66576DBDD952200BE5E9C1F59E07EEA94A
10-22 13:04:00.004  1868  1868 D KeyguardUpdateMonitor: received broadcast android.intent.action.TIME_TICK
10-22 13:04:00.004  1868  1868 D KeyguardUpdateMonitor: handleTimeUpdate
10-22 13:04:00.033   544  3412 E mm-camera: <STATS_AEC ><ERROR> 2253: aec_process_calc_current_hist_metered_luma: error: out of range, exit
10-22 13:04:00.053   564  2154 I LocSvc_ApiV02: <--- globalEventCb line 124 QMI_LOC_EVENT_GNSS_SV_INFO_IND_V02
10-22 13:04:00.053   564  2154 I LocSvc_ApiV02: <--- globalEventCb line 124 QMI_LOC_EVENT_POSITION_REPORT_IND_V02
10-22 13:04:00.054  1520  1742 I GnssLocationProvider: WakeLock acquired by sendMessage(REPORT_SV_STATUS, 0, com.android.server.location.GnssLocationProvider$SvStatusInfo@cc0d473)
10-22 13:04:00.054  1520  1569 I GnssLocationProvider: WakeLock released by handleMessage(REPORT_SV_STATUS, 0, com.android.server.location.GnssLocationProvider$SvStatusInfo@cc0d473)
10-22 13:04:00.056  2694  2694 I GpsHelper: ===gpsSignalStrength===0
10-22 13:04:00.057  2694  2694 D CameraRecordFragment: onMessageEvent code =2,data = 0
10-22 13:04:00.057  2694  2694 D EventManager: checkDrivingSupportAlertSettingOnOff, eventType=109 off
10-22 13:04:00.058  2694  2694 I GPSStatusManager:  gpsStatusListener GPS_EVENT_SATELLITE_STATUS.-> mGpsUsedInFix : 0
10-22 13:04:00.069   544  3412 E mm-camera: <STATS_AEC ><ERROR> 2253: aec_process_calc_current_hist_metered_luma: error: out of range, exit
10-22 13:04:00.324   544  3412 I chatty  : uid=1047(cameraserver) CAM_AECAWB identical 7 lines
10-22 13:04:00.360   544  3412 E mm-camera: <STATS_AEC ><ERROR> 2253: aec_process_calc_current_hist_metered_luma: error: out of range, exit
10-22 13:04:00.369   544  3445 E mm-camera: <STATS_AEC ><ERROR> 2253: aec_process_calc_current_hist_metered_luma: error: out of range, exit
10-22 13:04:00.396   544  3412 E mm-camera: <STATS_AEC ><ERROR> 2253: aec_process_calc_current_hist_metered_luma: error: out of range, exit
10-22 13:04:00.405   544  3445 E mm-camera: <STATS_AEC ><ERROR> 2253: aec_process_calc_current_hist_metered_luma: error: out of range, exit
10-22 13:04:00.432   544  3412 E mm-camera: <STATS_AEC ><ERROR> 2253: aec_process_calc_current_hist_metered_luma: error: out of range, exit
10-22 13:04:00.441   544  3445 E mm-camera: <STATS_AEC ><ERROR> 2253: aec_process_calc_current_hist_metered_luma: error: out of range, exit
10-22 13:04:00.468   544  3412 E mm-camera: <STATS_AEC ><ERROR> 2253: aec_process_calc_current_hist_metered_luma: error: out of range, exit
10-22 13:04:00.478   544  3445 E mm-camera: <STATS_AEC ><ERROR> 2253: aec_process_calc_current_hist_metered_luma: error: out of range, exit
10-22 13:04:00.505   544  3412 E mm-camera: <STATS_AEC ><ERROR> 2253: aec_process_calc_current_hist_metered_luma: error: out of range, exit
10-22 13:04:00.514   544  3445 E mm-camera: <STATS_AEC ><ERROR> 2253: aec_process_calc_current_hist_metered_luma: error: out of range, exit
10-22 13:04:00.541   544  3412 E mm-camera: <STATS_AEC ><ERROR> 2253: aec_process_calc_current_hist_metered_luma: error: out of range, exit
10-22 13:04:00.550   544  3445 E mm-camera: <STATS_AEC ><ERROR> 2253: aec_process_calc_current_hist_metered_luma: error: out of range, exit
10-22 13:04:00.578   544  3412 E mm-camera: <STATS_AEC ><ERROR> 2253: aec_process_calc_current_hist_metered_luma: error: out of range, exit
10-22 13:04:00.587   544  3445 E mm-camera: <STATS_AEC ><ERROR> 2253: aec_process_calc_current_hist_metered_luma: error: out of range, exit
10-22 13:04:00.614   544  3412 E mm-camera: <STATS_AEC ><ERROR> 2253: aec_process_calc_current_hist_metered_luma: error: out of range, exit
10-22 13:04:00.623   544  3445 E mm-camera: <STATS_AEC ><ERROR> 2253: aec_process_calc_current_hist_metered_luma: error: out of range, exit
10-22 13:04:00.650   544  3412 E mm-camera: <STATS_AEC ><ERROR> 2253: aec_process_calc_current_hist_metered_luma: error: out of range, exit
10-22 13:04:00.659   544  3445 E mm-camera: <STATS_AEC ><ERROR> 2253: aec_process_calc_current_hist_metered_luma: error: out of range, exit
10-22 13:04:00.686   544  3412 E mm-camera: <STATS_AEC ><ERROR> 2253: aec_process_calc_current_hist_metered_luma: error: out of range, exit
10-22 13:04:00.695   544  3445 E mm-camera: <STATS_AEC ><ERROR> 2253: aec_process_calc_current_hist_metered_luma: error: out of range, exit
10-22 13:04:00.758   544  3412 E mm-camera: <STATS_AEC ><ERROR> 2253: aec_process_calc_current_hist_metered_luma: error: out of range, exit
10-22 13:04:00.768   544  3445 E mm-camera: <STATS_AEC ><ERROR> 2253: aec_process_calc_current_hist_metered_luma: error: out of range, exit
10-22 13:04:00.832   544  3412 E mm-camera: <STATS_AEC ><ERROR> 2253: aec_process_calc_current_hist_metered_luma: error: out of range, exit
10-22 13:04:00.841   544  3445 E mm-camera: <STATS_AEC ><ERROR> 2253: aec_process_calc_current_hist_metered_luma: error: out of range, exit
10-22 13:04:00.905   544  3412 E mm-camera: <STATS_AEC ><ERROR> 2253: aec_process_calc_current_hist_metered_luma: error: out of range, exit
10-22 13:04:00.914   544  3445 E mm-camera: <STATS_AEC ><ERROR> 2253: aec_process_calc_current_hist_metered_luma: error: out of range, exit
10-22 13:04:00.977   544  3412 E mm-camera: <STATS_AEC ><ERROR> 2253: aec_process_calc_current_hist_metered_luma: error: out of range, exit
10-22 13:04:00.986   544  3445 E mm-camera: <STATS_AEC ><ERROR> 2253: aec_process_calc_current_hist_metered_luma: error: out of range, exit
10-22 13:04:01.013   544  3412 E mm-camera: <STATS_AEC ><ERROR> 2253: aec_process_calc_current_hist_metered_luma: error: out of range, exit
10-22 13:04:01.050   544  3412 E mm-camera: <STATS_AEC ><ERROR> 2253: aec_process_calc_current_hist_metered_luma: error: out of range, exit
10-22 13:04:01.052   564  2154 I LocSvc_ApiV02: <--- globalEventCb line 124 QMI_LOC_EVENT_GNSS_SV_INFO_IND_V02
10-22 13:04:01.053  1520  1742 I GnssLocationProvider: WakeLock acquired by sendMessage(REPORT_SV_STATUS, 0, com.android.server.location.GnssLocationProvider$SvStatusInfo@2c7af30)
10-22 13:04:01.054  1520  1569 I GnssLocationProvider: WakeLock released by handleMessage(REPORT_SV_STATUS, 0, com.android.server.location.GnssLocationProvider$SvStatusInfo@2c7af30)
10-22 13:04:01.054   564  2154 I LocSvc_ApiV02: <--- globalEventCb line 124 QMI_LOC_EVENT_POSITION_REPORT_IND_V02
10-22 13:04:01.056  2694  2694 I GpsHelper: ===gpsSignalStrength===0
10-22 13:04:01.056  2694  2694 D CameraRecordFragment: onMessageEvent code =2,data = 0
10-22 13:04:01.057  2694  2694 D EventManager: checkDrivingSupportAlertSettingOnOff, eventType=109 off
10-22 13:04:01.058  2694  2694 I GPSStatusManager:  gpsStatusListener GPS_EVENT_SATELLITE_STATUS.-> mGpsUsedInFix : 0
10-22 13:04:01.059   544  3445 E mm-camera: <STATS_AEC ><ERROR> 2253: aec_process_calc_current_hist_metered_luma: error: out of range, exit
10-22 13:04:01.085  2814  3657 D Communication:CloudAidlService$MyBinder.getData(Line:303): type==SummaryForDevice,userId==test
10-22 13:04:01.085  2814  3657 D Communication:LTEManager.getSummaryForDevice(Line:35): getSummaryForDevice
10-22 13:04:01.085  2814  3657 D Communication:TrafficStatisticManager.getSummaryForDevice(Line:47): getSummaryForDevice...
10-22 13:04:01.085  2814  3657 D Communication:TrafficStatisticManager.getSummaryForDevice(Line:49): resetTime==0
10-22 13:04:01.086  2814  3657 D Communication:TrafficStatisticManager.getUsageSummary(Line:58): getUsageSummary: startTime: 0, endTime: 1571749441085
10-22 13:04:01.087   544  3412 E mm-camera: <STATS_AEC ><ERROR> 2253: aec_process_calc_current_hist_metered_luma: error: out of range, exit
10-22 13:04:01.094  1520  1800 W BestClock: java.time.DateTimeException: Missing NTP fix
10-22 13:04:01.110  1520  1800 W BestClock: java.time.DateTimeException: Missing NTP fix
10-22 13:04:01.113  2184  2210 E PhoneInterfaceManager: [PhoneIntfMgr] checkCarrierPrivilegesForPackage: No UICC
10-22 13:04:01.115  1520  1765 W BestClock: java.time.DateTimeException: Missing NTP fix
10-22 13:04:01.117  2814  3657 D Communication:TrafficStatisticManager.getUsageSummary(Line:74): getUsageSummary: totalBytes: 0, summary: 0.00B
10-22 13:04:01.117  2814  3657 D Communication:TrafficStatisticManager.getUsageSummary(Line:81): getSummaryForDevice: summary=0.00B
10-22 13:04:01.118  2814  3657 D Communication:TrafficStatisticManager.getSummaryForDevice(Line:52): summaryTotal==0.00B
10-22 13:04:01.119  2814  2847 D Communication:CloudAidlService$MyBinder.getData(Line:303): type==CpuTemp,userId==test
10-22 13:04:01.119  2814  2847 D Communication:CloudAidlService$MyBinder.getCpuTemp(Line:470): getCpuTemp
10-22 13:04:01.122  2814  2847 D Communication:CloudAidlService$MyBinder.getCpuTemp(Line:474): CpuTemp==50300
10-22 13:04:01.123  2814  2867 D Communication:CloudAidlService$MyBinder.getData(Line:303): type==Latitude,userId==test
10-22 13:04:01.123  2814  2867 D Communication:CloudAidlService$MyBinder.getLatitude(Line:430): getLatitude
10-22 13:04:01.123  2814  2867 D Communication:DeviceReportManager.getInstance(Line:26): getInstance...
10-22 13:04:01.124  2814  2867 D Communication:DeviceReportManager.getLatitude(Line:96): getLatitude
