--------- beginning of main
10-22 13:03:45.053   564  2154 I LocSvc_ApiV02: <--- globalEventCb line 124 QMI_LOC_EVENT_GNSS_SV_INFO_IND_V02
10-22 13:03:45.054   564  2154 I LocSvc_ApiV02: <--- globalEventCb line 124 QMI_LOC_EVENT_POSITION_REPORT_IND_V02
10-22 13:03:45.054  1520  1742 I GnssLocationProvider: WakeLock acquired by sendMessage(REPORT_SV_STATUS, 0, com.android.server.location.GnssLocationProvider$SvStatusInfo@c15c483)
10-22 13:03:45.055  1520  1569 I GnssLocationProvider: WakeLock released by handleMessage(REPORT_SV_STATUS, 0, com.android.server.location.GnssLocationProvider$SvStatusInfo@c15c483)
10-22 13:03:45.057  2694  2694 I GpsHelper: ===gpsSignalStrength===0
10-22 13:03:45.057  2694  2694 D CameraRecordFragment: onMessageEvent code =2,data = 0
10-22 13:03:45.058  2694  2694 D EventManager: checkDrivingSupportAlertSettingOnOff, eventType=109 off
10-22 13:03:45.059  2694  2694 I GPSStatusManager:  gpsStatusListener GPS_EVENT_SATELLITE_STATUS.-> mGpsUsedInFix : 0
10-22 13:03:45.108   544  3445 I chatty  : uid=1047(cameraserver) CAM_AECAWB expire 246 lines
10-22 13:03:45.123   544  3412 I chatty  : uid=1047(cameraserver) CAM_AECAWB expire 263 lines
10-22 13:03:45.829  2814  3657 I chatty  : uid=1000(system) Binder:2814_4 expire 41 lines
10-22 13:03:45.837  1520  1800 I chatty  : uid=1000(system) Binder:1520_3 expire 3 lines
10-22 13:03:45.859  1520  1765 I chatty  : uid=1000(system) NetworkPolicy expire 3 lines
10-22 13:03:45.860  2184  2210 E PhoneInterfaceManager: [PhoneIntfMgr] checkCarrierPrivilegesForPackage: No UICC
10-22 13:03:45.869  2814  2847 I chatty  : uid=1000(system) Binder:2814_1 expire 62 lines
10-22 13:03:45.870  2694  3732 I chatty  : uid=1000(system) Binder:2694_B expire 8 lines
10-22 13:03:45.875  2694  3723 I chatty  : uid=1000(system) Binder:2694_A expire 3 lines
10-22 13:03:46.053   564  2154 I LocSvc_ApiV02: <--- globalEventCb line 124 QMI_LOC_EVENT_GNSS_SV_INFO_IND_V02
10-22 13:03:46.053   564  2154 I LocSvc_ApiV02: <--- globalEventCb line 124 QMI_LOC_EVENT_POSITION_REPORT_IND_V02
10-22 13:03:46.054  1520  1742 I chatty  : uid=1000(system) HwBinder:1520_2 expire 11 lines
10-22 13:03:46.055  1520  1569 I chatty  : uid=1000(system) android.bg expire 11 lines
10-22 13:03:46.058  2694  2694 I chatty  : uid=1000(system) com.askey.dvr.dashcam expire 50 lines
10-22 13:03:47.053   564  2154 I LocSvc_ApiV02: <--- globalEventCb line 124 QMI_LOC_EVENT_GNSS_SV_INFO_IND_V02
10-22 13:03:47.053   564  2154 I LocSvc_ApiV02: <--- globalEventCb line 124 QMI_LOC_EVENT_POSITION_REPORT_IND_V02
10-22 13:03:48.053   564  2154 I LocSvc_ApiV02: <--- globalEventCb line 124 QMI_LOC_EVENT_GNSS_SV_INFO_IND_V02
10-22 13:03:48.055   564  2154 I LocSvc_ApiV02: <--- globalEventCb line 124 QMI_LOC_EVENT_POSITION_REPORT_IND_V02
10-22 13:03:49.052   564  2154 I LocSvc_ApiV02: <--- globalEventCb line 124 QMI_LOC_EVENT_GNSS_SV_INFO_IND_V02
10-22 13:03:49.053   564  2154 I LocSvc_ApiV02: <--- globalEventCb line 124 QMI_LOC_EVENT_POSITION_REPORT_IND_V02
10-22 13:03:49.867  2238  2893 D ---WebRTCService: isMQTTConnected=falsedevice_id=51286E66576DBDD952200BE5E9C1F59E07EEA94A
10-22 13:03:50.053   564  2154 I LocSvc_ApiV02: <--- globalEventCb line 124 QMI_LOC_EVENT_GNSS_SV_INFO_IND_V02
10-22 13:03:50.054   564  2154 I LocSvc_ApiV02: <--- globalEventCb line 124 QMI_LOC_EVENT_POSITION_REPORT_IND_V02
10-22 13:03:50.895  1520  2311 I chatty  : uid=1000(system) Binder:1520_7 expire 3 lines
10-22 13:03:50.914  2184  2210 E PhoneInterfaceManager: [PhoneIntfMgr] checkCarrierPrivilegesForPackage: No UICC
10-22 13:03:50.927  2694  2753 I chatty  : uid=1000(system) Binder:2694_1 expire 12 lines
10-22 13:03:50.931  2694  3739 I chatty  : uid=1000(system) Binder:2694_C expire 3 lines
10-22 13:03:50.933  2814  2867 I chatty  : uid=1000(system) Binder:2814_3 expire 38 lines
10-22 13:03:50.941  2694  3643 I chatty  : uid=1000(system) Binder:2694_6 expire 2 lines
10-22 13:03:51.053   564  2154 I LocSvc_ApiV02: <--- globalEventCb line 124 QMI_LOC_EVENT_GNSS_SV_INFO_IND_V02
10-22 13:03:51.053   564  2154 I LocSvc_ApiV02: <--- globalEventCb line 124 QMI_LOC_EVENT_POSITION_REPORT_IND_V02
10-22 13:03:52.053   564  2154 I LocSvc_ApiV02: <--- globalEventCb line 124 QMI_LOC_EVENT_GNSS_SV_INFO_IND_V02
10-22 13:03:52.054   564  2154 I LocSvc_ApiV02: <--- globalEventCb line 124 QMI_LOC_EVENT_POSITION_REPORT_IND_V02
10-22 13:03:52.111  2238  3929 W AWSIotMqttManager: Reconnect failed 
10-22 13:03:52.111  2238  3929 W AWSIotMqttManager: MqttException (0) - java.net.SocketTimeoutException: failed to connect to aipm1kh3i33gv-ats.iot.us-east-2.amazonaws.com/2600:1f00:6000::312:a1ab (port 8883) from /2402:3a80:74e:a603:5c3:8b2d:5e51:3a93 (port 48768) after 30000ms
10-22 13:03:52.111  2238  3929 W AWSIotMqttManager: 	at org.eclipse.paho.client.mqttv3.internal.ExceptionHelper.createMqttException(ExceptionHelper.java:38)
10-22 13:03:52.111  2238  3929 W AWSIotMqttManager: 	at org.eclipse.paho.client.mqttv3.internal.ClientComms$ConnectBG.run(ClientComms.java:664)
10-22 13:03:52.111  2238  3929 W AWSIotMqttManager: 	at java.lang.Thread.run(Thread.java:764)
10-22 13:03:52.111  2238  3929 W AWSIotMqttManager: Caused by: java.net.SocketTimeoutException: failed to connect to aipm1kh3i33gv-ats.iot.us-east-2.amazonaws.com/2600:1f00:6000::312:a1ab (port 8883) from /2402:3a80:74e:a603:5c3:8b2d:5e51:3a93 (port 48768) after 30000ms
10-22 13:03:52.111  2238  3929 W AWSIotMqttManager: 	at libcore.io.IoBridge.connectErrno(IoBridge.java:185)
10-22 13:03:52.111  2238  3929 W AWSIotMqttManager: 	at libcore.io.IoBridge.connect(IoBridge.java:129)
10-22 13:03:52.111  2238  3929 W AWSIotMqttManager: 	at java.net.PlainSocketImpl.socketConnect(PlainSocketImpl.java:137)
10-22 13:03:52.111  2238  3929 W AWSIotMqttManager: 	at java.net.AbstractPlainSocketImpl.doConnect(AbstractPlainSocketImpl.java:390)
10-22 13:03:52.111  2238  3929 W AWSIotMqttManager: 	at java.net.AbstractPlainSocketImpl.connectToAddress(AbstractPlainSocketImpl.java:230)
10-22 13:03:52.111  2238  3929 W AWSIotMqttManager: 	at java.net.AbstractPlainSocketImpl.connect(AbstractPlainSocketImpl.java:212)
10-22 13:03:52.111  2238  3929 W AWSIotMqttManager: 	at java.net.SocksSocketImpl.connect(SocksSocketImpl.java:436)
10-22 13:03:52.111  2238  3929 W AWSIotMqttManager: 	at java.net.Socket.connect(Socket.java:621)
10-22 13:03:52.111  2238  3929 W AWSIotMqttManager: 	at com.android.org.conscrypt.ConscryptSocketBase.connect(ConscryptSocketBase.java:152)
10-22 13:03:52.111  2238  3929 W AWSIotMqttManager: 	at org.eclipse.paho.client.mqttv3.internal.TCPNetworkModule.start(TCPNetworkModule.java:70)
10-22 13:03:52.111  2238  3929 W AWSIotMqttManager: 	at org.eclipse.paho.client.mqttv3.internal.SSLNetworkModule.start(SSLNetworkModule.java:86)
10-22 13:03:52.111  2238  3929 W AWSIotMqttManager: 	at org.eclipse.paho.client.mqttv3.internal.ClientComms$ConnectBG.run(ClientComms.java:650)
10-22 13:03:52.111  2238  3929 W AWSIotMqttManager: 	... 1 more
10-22 13:03:52.111  2238  3929 I AWSIotMqttManager: schedule Reconnect attempt 9 of 10 in 64 seconds.
10-22 13:03:52.113  2238  3929 D com.askeycloud.agent.webrtc.service.WebRTCService: Status = Reconnecting
10-22 13:03:53.052   564  2154 I LocSvc_ApiV02: <--- globalEventCb line 124 QMI_LOC_EVENT_GNSS_SV_INFO_IND_V02
10-22 13:03:53.053   564  2154 I LocSvc_ApiV02: <--- globalEventCb line 124 QMI_LOC_EVENT_POSITION_REPORT_IND_V02
10-22 13:03:54.053   564  2154 I LocSvc_ApiV02: <--- globalEventCb line 124 QMI_LOC_EVENT_GNSS_SV_INFO_IND_V02
10-22 13:03:54.053   564  2154 I LocSvc_ApiV02: <--- globalEventCb line 124 QMI_LOC_EVENT_POSITION_REPORT_IND_V02
10-22 13:03:54.920  2238  2893 D ---WebRTCService: isMQTTConnected=falsedevice_id=51286E66576DBDD952200BE5E9C1F59E07EEA94A
10-22 13:03:55.052   564  2154 I LocSvc_ApiV02: <--- globalEventCb line 124 QMI_LOC_EVENT_GNSS_SV_INFO_IND_V02
10-22 13:03:55.053   564  2154 I LocSvc_ApiV02: <--- globalEventCb line 124 QMI_LOC_EVENT_POSITION_REPORT_IND_V02
10-22 13:03:55.989  1520  2970 I chatty  : uid=1000(system) Binder:1520_A expire 3 lines
10-22 13:03:56.007  2184  2210 E PhoneInterfaceManager: [PhoneIntfMgr] checkCarrierPrivilegesForPackage: No UICC
10-22 13:03:56.014  2814  2847 I chatty  : uid=1000(system) Binder:2814_1 expire 12 lines
10-22 13:03:56.028  2694  2887 I chatty  : uid=1000(system) Binder:2694_4 expire 5 lines
10-22 13:03:56.053   564  2154 I LocSvc_ApiV02: <--- globalEventCb line 124 QMI_LOC_EVENT_GNSS_SV_INFO_IND_V02
10-22 13:03:56.054   564  2154 I LocSvc_ApiV02: <--- globalEventCb line 124 QMI_LOC_EVENT_POSITION_REPORT_IND_V02
10-22 13:03:57.052   564  2154 I LocSvc_ApiV02: <--- globalEventCb line 124 QMI_LOC_EVENT_GNSS_SV_INFO_IND_V02
10-22 13:03:57.053   564  2154 I LocSvc_ApiV02: <--- globalEventCb line 124 QMI_LOC_EVENT_POSITION_REPORT_IND_V02
10-22 13:03:57.053  1520  1742 I chatty  : uid=1000(system) HwBinder:1520_2 expire 1 line
10-22 13:03:57.054  1520  1569 I chatty  : uid=1000(system) android.bg expire 2 lines
10-22 13:03:57.057  2694  2694 I chatty  : uid=1000(system) com.askey.dvr.dashcam expire 20 lines
10-22 13:03:58.054   564  2154 I LocSvc_ApiV02: <--- globalEventCb line 124 QMI_LOC_EVENT_GNSS_SV_INFO_IND_V02
10-22 13:03:58.054   564  2154 I LocSvc_ApiV02: <--- globalEventCb line 124 QMI_LOC_EVENT_POSITION_REPORT_IND_V02
10-22 13:03:58.055  1520  1742 I chatty  : uid=1000(system) HwBinder:1520_2 expire 1 line
10-22 13:03:59.053   564  2154 I LocSvc_ApiV02: <--- globalEventCb line 124 QMI_LOC_EVENT_GNSS_SV_INFO_IND_V02
10-22 13:03:59.054  1520  1742 I GnssLocationProvider: WakeLock acquired by sendMessage(REPORT_SV_STATUS, 0, com.android.server.location.GnssLocationProvider$SvStatusInfo@bd09dad)
10-22 13:03:59.054  1520  1569 I GnssLocationProvider: WakeLock released by handleMessage(REPORT_SV_STATUS, 0, com.android.server.location.GnssLocationProvider$SvStatusInfo@bd09dad)
10-22 13:03:59.056   564  2154 I LocSvc_ApiV02: <--- globalEventCb line 124 QMI_LOC_EVENT_POSITION_REPORT_IND_V02
10-22 13:03:59.965  2238  2893 D ---WebRTCService: isMQTTConnected=falsedevice_id=51286E66576DBDD952200BE5E9C1F59E07EEA94A
10-22 13:04:00.004  1868  1868 D KeyguardUpdateMonitor: received broadcast android.intent.action.TIME_TICK
10-22 13:04:00.004  1868  1868 D KeyguardUpdateMonitor: handleTimeUpdate
10-22 13:04:00.053   564  2154 I LocSvc_ApiV02: <--- globalEventCb line 124 QMI_LOC_EVENT_GNSS_SV_INFO_IND_V02
10-22 13:04:00.053   564  2154 I LocSvc_ApiV02: <--- globalEventCb line 124 QMI_LOC_EVENT_POSITION_REPORT_IND_V02
10-22 13:04:00.054  1520  1742 I GnssLocationProvider: WakeLock acquired by sendMessage(REPORT_SV_STATUS, 0, com.android.server.location.GnssLocationProvider$SvStatusInfo@cc0d473)
10-22 13:04:00.054  1520  1569 I GnssLocationProvider: WakeLock released by handleMessage(REPORT_SV_STATUS, 0, com.android.server.location.GnssLocationProvider$SvStatusInfo@cc0d473)
10-22 13:04:01.052   564  2154 I LocSvc_ApiV02: <--- globalEventCb line 124 QMI_LOC_EVENT_GNSS_SV_INFO_IND_V02
10-22 13:04:01.053  1520  1742 I GnssLocationProvider: WakeLock acquired by sendMessage(REPORT_SV_STATUS, 0, com.android.server.location.GnssLocationProvider$SvStatusInfo@2c7af30)
10-22 13:04:01.054  1520  1569 I GnssLocationProvider: WakeLock released by handleMessage(REPORT_SV_STATUS, 0, com.android.server.location.GnssLocationProvider$SvStatusInfo@2c7af30)
10-22 13:04:01.054   564  2154 I LocSvc_ApiV02: <--- globalEventCb line 124 QMI_LOC_EVENT_POSITION_REPORT_IND_V02
10-22 13:04:01.085  2814  3657 I chatty  : uid=1000(system) Binder:2814_4 expire 99 lines
10-22 13:04:01.094  1520  1800 W BestClock: java.time.DateTimeException: Missing NTP fix
10-22 13:04:01.110  1520  1800 W BestClock: java.time.DateTimeException: Missing NTP fix
10-22 13:04:01.113  2184  2210 E PhoneInterfaceManager: [PhoneIntfMgr] checkCarrierPrivilegesForPackage: No UICC
10-22 13:04:01.115  1520  1765 W BestClock: java.time.DateTimeException: Missing NTP fix
10-22 13:04:01.123  2814  2867 I chatty  : uid=1000(system) Binder:2814_3 expire 80 lines
10-22 13:04:01.124  2694  3699 I chatty  : uid=1000(system) Binder:2694_9 expire 1 line
10-22 13:04:01.125  2694  3699 D DeviceReportService: loc==null
10-22 13:04:01.125  2694  3699 E DeviceReportService: location is null and 0 will be return
10-22 13:04:01.129  2694  2753 D DeviceReportService: getGpsAltitude...
10-22 13:04:01.129  2694  2753 D DeviceReportService: loc==null
10-22 13:04:01.129  2694  2753 E DeviceReportService: location is null and 0 will be return
10-22 13:04:01.132  2694  3699 D DeviceReportService: getGpsLongitude...
10-22 13:04:01.132  2694  3699 D DeviceReportService: loc==null
10-22 13:04:01.132  2694  3699 E DeviceReportService: location is null and 0 will be return
10-22 13:04:01.140  2694  3699 D DeviceReportService: getGpsSatellites...
10-22 13:04:01.140  2694  3699 D DeviceReportService: gpsStatusList.size ==16
10-22 13:04:01.147  1520  3669 I WifiService: getWifiApConfiguration uid=1000
10-22 13:04:02.053   564  2154 I LocSvc_ApiV02: <--- globalEventCb line 124 QMI_LOC_EVENT_GNSS_SV_INFO_IND_V02
10-22 13:04:02.053   564  2154 I LocSvc_ApiV02: <--- globalEventCb line 124 QMI_LOC_EVENT_POSITION_REPORT_IND_V02
10-22 13:04:02.054  1520  1742 I GnssLocationProvider: WakeLock acquired by sendMessage(REPORT_SV_STATUS, 0, com.android.server.location.GnssLocationProvider$SvStatusInfo@58667a9)
10-22 13:04:02.054  1520  1569 I GnssLocationProvider: WakeLock released by handleMessage(REPORT_SV_STATUS, 0, com.android.server.location.GnssLocationProvider$SvStatusInfo@58667a9)
10-22 13:04:02.056  2694  2694 I GpsHelper: ===gpsSignalStrength===0
10-22 13:04:02.056  2694  2694 D CameraRecordFragment: onMessageEvent code =2,data = 0
10-22 13:04:02.057  2694  2694 D EventManager: checkDrivingSupportAlertSettingOnOff, eventType=109 off
10-22 13:04:02.058  2694  2694 I GPSStatusManager:  gpsStatusListener GPS_EVENT_SATELLITE_STATUS.-> mGpsUsedInFix : 0
10-22 13:04:03.052   564  2154 I LocSvc_ApiV02: <--- globalEventCb line 124 QMI_LOC_EVENT_GNSS_SV_INFO_IND_V02
10-22 13:04:03.053   564  2154 I LocSvc_ApiV02: <--- globalEventCb line 124 QMI_LOC_EVENT_POSITION_REPORT_IND_V02
10-22 13:04:03.053  1520  1742 I GnssLocationProvider: WakeLock acquired by sendMessage(REPORT_SV_STATUS, 0, com.android.server.location.GnssLocationProvider$SvStatusInfo@385d12e)
10-22 13:04:03.054  1520  1569 I GnssLocationProvider: WakeLock released by handleMessage(REPORT_SV_STATUS, 0, com.android.server.location.GnssLocationProvider$SvStatusInfo@385d12e)
10-22 13:04:03.056  2694  2694 I GpsHelper: ===gpsSignalStrength===0
10-22 13:04:03.056  2694  2694 D CameraRecordFragment: onMessageEvent code =2,data = 0
10-22 13:04:03.057  2694  2694 D EventManager: checkDrivingSupportAlertSettingOnOff, eventType=109 off
10-22 13:04:03.057  2694  2694 I GPSStatusManager:  gpsStatusListener GPS_EVENT_SATELLITE_STATUS.-> mGpsUsedInFix : 0
10-22 13:04:04.053   564  2154 I LocSvc_ApiV02: <--- globalEventCb line 124 QMI_LOC_EVENT_GNSS_SV_INFO_IND_V02
10-22 13:04:04.053   564  2154 I LocSvc_ApiV02: <--- globalEventCb line 124 QMI_LOC_EVENT_POSITION_REPORT_IND_V02
10-22 13:04:04.054  1520  1742 I GnssLocationProvider: WakeLock acquired by sendMessage(REPORT_SV_STATUS, 0, com.android.server.location.GnssLocationProvider$SvStatusInfo@d4a44cf)
10-22 13:04:04.054  1520  1569 I GnssLocationProvider: WakeLock released by handleMessage(REPORT_SV_STATUS, 0, com.android.server.location.GnssLocationProvider$SvStatusInfo@d4a44cf)
10-22 13:04:04.056  2694  2694 I GpsHelper: ===gpsSignalStrength===0
10-22 13:04:04.056  2694  2694 D CameraRecordFragment: onMessageEvent code =2,data = 0
10-22 13:04:04.057  2694  2694 D EventManager: checkDrivingSupportAlertSettingOnOff, eventType=109 off
10-22 13:04:04.058  2694  2694 I GPSStatusManager:  gpsStatusListener GPS_EVENT_SATELLITE_STATUS.-> mGpsUsedInFix : 0
10-22 13:04:05.012  2238  2893 D ---WebRTCService: isMQTTConnected=falsedevice_id=51286E66576DBDD952200BE5E9C1F59E07EEA94A
10-22 13:04:05.054   564  2154 I LocSvc_ApiV02: <--- globalEventCb line 124 QMI_LOC_EVENT_GNSS_SV_INFO_IND_V02
10-22 13:04:05.055  1520  1742 I GnssLocationProvider: WakeLock acquired by sendMessage(REPORT_SV_STATUS, 0, com.android.server.location.GnssLocationProvider$SvStatusInfo@b08e5c)
10-22 13:04:05.056  1520  1569 I GnssLocationProvider: WakeLock released by handleMessage(REPORT_SV_STATUS, 0, com.android.server.location.GnssLocationProvider$SvStatusInfo@b08e5c)
10-22 13:04:05.057   564  2154 I LocSvc_ApiV02: <--- globalEventCb line 124 QMI_LOC_EVENT_POSITION_REPORT_IND_V02
10-22 13:04:05.058  2694  2694 I GpsHelper: ===gpsSignalStrength===0
10-22 13:04:05.059  2694  2694 D CameraRecordFragment: onMessageEvent code =2,data = 0
10-22 13:04:05.059  2694  2694 D EventManager: checkDrivingSupportAlertSettingOnOff, eventType=109 off
10-22 13:04:05.060  2694  2694 I GPSStatusManager:  gpsStatusListener GPS_EVENT_SATELLITE_STATUS.-> mGpsUsedInFix : 0
10-22 13:04:06.053   564  2154 I LocSvc_ApiV02: <--- globalEventCb line 124 QMI_LOC_EVENT_GNSS_SV_INFO_IND_V02
10-22 13:04:06.054  1520  2579 I GnssLocationProvider: WakeLock acquired by sendMessage(REPORT_SV_STATUS, 0, com.android.server.location.GnssLocationProvider$SvStatusInfo@db4d565)
10-22 13:04:06.054   564  2154 I LocSvc_ApiV02: <--- globalEventCb line 124 QMI_LOC_EVENT_POSITION_REPORT_IND_V02
10-22 13:04:06.055  1520  1569 I GnssLocationProvider: WakeLock released by handleMessage(REPORT_SV_STATUS, 0, com.android.server.location.GnssLocationProvider$SvStatusInfo@db4d565)
10-22 13:04:06.058  2694  2694 I GpsHelper: ===gpsSignalStrength===0
10-22 13:04:06.058  2694  2694 D CameraRecordFragment: onMessageEvent code =2,data = 0
10-22 13:04:06.059  2694  2694 D EventManager: checkDrivingSupportAlertSettingOnOff, eventType=109 off
10-22 13:04:06.060  2694  2694 I GPSStatusManager:  gpsStatusListener GPS_EVENT_SATELLITE_STATUS.-> mGpsUsedInFix : 0
10-22 13:04:06.181  1520  3669 W BestClock: java.time.DateTimeException: Missing NTP fix
10-22 13:04:06.183   544  3445 I chatty  : uid=1047(cameraserver) CAM_AECAWB expire 148 lines
10-22 13:04:06.196  1520  3669 W BestClock: java.time.DateTimeException: Missing NTP fix
10-22 13:04:06.198  1520  1765 W BestClock: java.time.DateTimeException: Missing NTP fix
10-22 13:04:06.199  2184  2210 E PhoneInterfaceManager: [PhoneIntfMgr] checkCarrierPrivilegesForPackage: No UICC
10-22 13:04:06.212  2694  3699 D DeviceReportService: getGpsLatitude...
10-22 13:04:06.212  2694  3699 D DeviceReportService: loc==null
10-22 13:04:06.213  2694  3699 E DeviceReportService: location is null and 0 will be return
10-22 13:04:06.216  2694  3643 D DeviceReportService: getGpsAltitude...
10-22 13:04:06.216  2694  3643 D DeviceReportService: loc==null
10-22 13:04:06.216  2694  3643 E DeviceReportService: location is null and 0 will be return
10-22 13:04:06.219  2694  3643 D DeviceReportService: getGpsLongitude...
10-22 13:04:06.219  2694  3643 D DeviceReportService: loc==null
10-22 13:04:06.219  2694  3643 E DeviceReportService: location is null and 0 will be return
10-22 13:04:06.225  2694  3643 D DeviceReportService: getGpsSatellites...
10-22 13:04:06.225  2694  3643 D DeviceReportService: gpsStatusList.size ==16
10-22 13:04:06.233  1520  3669 I WifiService: getWifiApConfiguration uid=1000
10-22 13:04:06.275   544  3412 I chatty  : uid=1047(cameraserver) CAM_AECAWB expire 263 lines
10-22 13:04:07.054   564  2154 I LocSvc_ApiV02: <--- globalEventCb line 124 QMI_LOC_EVENT_GNSS_SV_INFO_IND_V02
10-22 13:04:07.055   564  2154 I LocSvc_ApiV02: <--- globalEventCb line 124 QMI_LOC_EVENT_POSITION_REPORT_IND_V02
10-22 13:04:07.056  1520  1742 I GnssLocationProvider: WakeLock acquired by sendMessage(REPORT_SV_STATUS, 0, com.android.server.location.GnssLocationProvider$SvStatusInfo@21d23a)
10-22 13:04:07.057  1520  1569 I GnssLocationProvider: WakeLock released by handleMessage(REPORT_SV_STATUS, 0, com.android.server.location.GnssLocationProvider$SvStatusInfo@21d23a)
10-22 13:04:07.063  2694  2694 I GpsHelper: ===gpsSignalStrength===0
10-22 13:04:07.063  2694  2694 D CameraRecordFragment: onMessageEvent code =2,data = 0
10-22 13:04:07.064  2694  2694 D EventManager: checkDrivingSupportAlertSettingOnOff, eventType=109 off
10-22 13:04:07.065  2694  2694 I GPSStatusManager:  gpsStatusListener GPS_EVENT_SATELLITE_STATUS.-> mGpsUsedInFix : 0
10-22 13:04:08.054   564  2154 I LocSvc_ApiV02: <--- globalEventCb line 124 QMI_LOC_EVENT_GNSS_SV_INFO_IND_V02
10-22 13:04:08.054   564  2154 I LocSvc_ApiV02: <--- globalEventCb line 124 QMI_LOC_EVENT_POSITION_REPORT_IND_V02
10-22 13:04:08.055  1520  1742 I GnssLocationProvider: WakeLock acquired by sendMessage(REPORT_SV_STATUS, 0, com.android.server.location.GnssLocationProvider$SvStatusInfo@f505eeb)
10-22 13:04:08.057  1520  1569 I GnssLocationProvider: WakeLock released by handleMessage(REPORT_SV_STATUS, 0, com.android.server.location.GnssLocationProvider$SvStatusInfo@f505eeb)
10-22 13:04:08.060  2694  2694 I GpsHelper: ===gpsSignalStrength===0
10-22 13:04:08.060  2694  2694 D CameraRecordFragment: onMessageEvent code =2,data = 0
10-22 13:04:08.061  2694  2694 D EventManager: checkDrivingSupportAlertSettingOnOff, eventType=109 off
10-22 13:04:08.062  2694  2694 I GPSStatusManager:  gpsStatusListener GPS_EVENT_SATELLITE_STATUS.-> mGpsUsedInFix : 0
10-22 13:04:09.052   564  2154 I LocSvc_ApiV02: <--- globalEventCb line 124 QMI_LOC_EVENT_GNSS_SV_INFO_IND_V02
10-22 13:04:09.053   564  2154 I LocSvc_ApiV02: <--- globalEventCb line 124 QMI_LOC_EVENT_POSITION_REPORT_IND_V02
10-22 13:04:09.054  1520  1742 I GnssLocationProvider: WakeLock acquired by sendMessage(REPORT_SV_STATUS, 0, com.android.server.location.GnssLocationProvider$SvStatusInfo@6e63448)
10-22 13:04:09.054  1520  1569 I GnssLocationProvider: WakeLock released by handleMessage(REPORT_SV_STATUS, 0, com.android.server.location.GnssLocationProvider$SvStatusInfo@6e63448)
10-22 13:04:09.056  2694  2694 I GpsHelper: ===gpsSignalStrength===0
10-22 13:04:09.057  2694  2694 D CameraRecordFragment: onMessageEvent code =2,data = 0
10-22 13:04:09.057  2694  2694 D EventManager: checkDrivingSupportAlertSettingOnOff, eventType=109 off
10-22 13:04:09.058  2694  2694 I GPSStatusManager:  gpsStatusListener GPS_EVENT_SATELLITE_STATUS.-> mGpsUsedInFix : 0
10-22 13:04:10.054   564  2154 I LocSvc_ApiV02: <--- globalEventCb line 124 QMI_LOC_EVENT_GNSS_SV_INFO_IND_V02
10-22 13:04:10.054   564  2154 I LocSvc_ApiV02: <--- globalEventCb line 124 QMI_LOC_EVENT_POSITION_REPORT_IND_V02
10-22 13:04:10.055  1520  1742 I GnssLocationProvider: WakeLock acquired by sendMessage(REPORT_SV_STATUS, 0, com.android.server.location.GnssLocationProvider$SvStatusInfo@ba262e1)
10-22 13:04:10.056  1520  1569 I GnssLocationProvider: WakeLock released by handleMessage(REPORT_SV_STATUS, 0, com.android.server.location.GnssLocationProvider$SvStatusInfo@ba262e1)
10-22 13:04:10.058  2694  2694 I GpsHelper: ===gpsSignalStrength===0
10-22 13:04:10.058  2694  2694 D CameraRecordFragment: onMessageEvent code =2,data = 0
10-22 13:04:10.059  2694  2694 D EventManager: checkDrivingSupportAlertSettingOnOff, eventType=109 off
10-22 13:04:10.059  2694  2694 I GPSStatusManager:  gpsStatusListener GPS_EVENT_SATELLITE_STATUS.-> mGpsUsedInFix : 0
10-22 13:04:10.065  2238  2893 D ---WebRTCService: isMQTTConnected=falsedevice_id=51286E66576DBDD952200BE5E9C1F59E07EEA94A
10-22 13:04:11.053   564  2154 I LocSvc_ApiV02: <--- globalEventCb line 124 QMI_LOC_EVENT_GNSS_SV_INFO_IND_V02
10-22 13:04:11.053   564  2154 I LocSvc_ApiV02: <--- globalEventCb line 124 QMI_LOC_EVENT_POSITION_REPORT_IND_V02
10-22 13:04:11.054  1520  2579 I GnssLocationProvider: WakeLock acquired by sendMessage(REPORT_SV_STATUS, 0, com.android.server.location.GnssLocationProvider$SvStatusInfo@94ad806)
10-22 13:04:11.055  1520  1569 I GnssLocationProvider: WakeLock released by handleMessage(REPORT_SV_STATUS, 0, com.android.server.location.GnssLocationProvider$SvStatusInfo@94ad806)
10-22 13:04:11.057  2694  2694 I GpsHelper: ===gpsSignalStrength===0
10-22 13:04:11.057  2694  2694 D CameraRecordFragment: onMessageEvent code =2,data = 0
10-22 13:04:11.058  2694  2694 D EventManager: checkDrivingSupportAlertSettingOnOff, eventType=109 off
10-22 13:04:11.059  2694  2694 I GPSStatusManager:  gpsStatusListener GPS_EVENT_SATELLITE_STATUS.-> mGpsUsedInFix : 0
10-22 13:04:11.285  1520  3669 W BestClock: java.time.DateTimeException: Missing NTP fix
10-22 13:04:11.300  1520  3669 W BestClock: java.time.DateTimeException: Missing NTP fix
10-22 13:04:11.302  1520  1765 W BestClock: java.time.DateTimeException: Missing NTP fix
10-22 13:04:11.302  2184  2210 E PhoneInterfaceManager: [PhoneIntfMgr] checkCarrierPrivilegesForPackage: No UICC
10-22 13:04:11.317  2694  3643 D DeviceReportService: getGpsLatitude...
10-22 13:04:11.317  2694  3643 D DeviceReportService: loc==null
10-22 13:04:11.317  2694  3643 E DeviceReportService: location is null and 0 will be return
10-22 13:04:11.320  2694  3643 D DeviceReportService: getGpsAltitude...
10-22 13:04:11.320  2694  3643 D DeviceReportService: loc==null
10-22 13:04:11.320  2694  3643 E DeviceReportService: location is null and 0 will be return
10-22 13:04:11.323  2694  3867 D DeviceReportService: getGpsLongitude...
10-22 13:04:11.323  2694  3867 D DeviceReportService: loc==null
10-22 13:04:11.323  2694  3867 E DeviceReportService: location is null and 0 will be return
10-22 13:04:11.329  2694  3867 D DeviceReportService: getGpsSatellites...
10-22 13:04:11.329  2694  3867 D DeviceReportService: gpsStatusList.size ==16
10-22 13:04:11.335  1520  3669 I WifiService: getWifiApConfiguration uid=1000
10-22 13:04:12.053   564  2154 I LocSvc_ApiV02: <--- globalEventCb line 124 QMI_LOC_EVENT_GNSS_SV_INFO_IND_V02
10-22 13:04:12.054  1520  2579 I GnssLocationProvider: WakeLock acquired by sendMessage(REPORT_SV_STATUS, 0, com.android.server.location.GnssLocationProvider$SvStatusInfo@d53fec7)
10-22 13:04:12.054   564  2154 I LocSvc_ApiV02: <--- globalEventCb line 124 QMI_LOC_EVENT_POSITION_REPORT_IND_V02
10-22 13:04:12.055  1520  1569 I GnssLocationProvider: WakeLock released by handleMessage(REPORT_SV_STATUS, 0, com.android.server.location.GnssLocationProvider$SvStatusInfo@d53fec7)
10-22 13:04:12.057  2694  2694 I GpsHelper: ===gpsSignalStrength===0
10-22 13:04:12.057  2694  2694 D CameraRecordFragment: onMessageEvent code =2,data = 0
10-22 13:04:12.057  2694  2694 D EventManager: checkDrivingSupportAlertSettingOnOff, eventType=109 off
10-22 13:04:12.058  2694  2694 I GPSStatusManager:  gpsStatusListener GPS_EVENT_SATELLITE_STATUS.-> mGpsUsedInFix : 0
10-22 13:04:12.657  2814  2847 I chatty  : uid=1000(system) Binder:2814_1 expire 80 lines
10-22 13:04:13.054   564  2154 I LocSvc_ApiV02: <--- globalEventCb line 124 QMI_LOC_EVENT_GNSS_SV_INFO_IND_V02
10-22 13:04:13.056  1520  2579 I GnssLocationProvider: WakeLock acquired by sendMessage(REPORT_SV_STATUS, 0, com.android.server.location.GnssLocationProvider$SvStatusInfo@94e4cf4)
10-22 13:04:13.058  1520  1569 I GnssLocationProvider: WakeLock released by handleMessage(REPORT_SV_STATUS, 0, com.android.server.location.GnssLocationProvider$SvStatusInfo@94e4cf4)
10-22 13:04:13.058   564  2154 I LocSvc_ApiV02: <--- globalEventCb line 124 QMI_LOC_EVENT_POSITION_REPORT_IND_V02
10-22 13:04:13.063  2694  2694 I GpsHelper: ===gpsSignalStrength===0
10-22 13:04:13.063  2694  2694 D CameraRecordFragment: onMessageEvent code =2,data = 0
10-22 13:04:13.064  2694  2694 D EventManager: checkDrivingSupportAlertSettingOnOff, eventType=109 off
10-22 13:04:13.065  2694  2694 I GPSStatusManager:  gpsStatusListener GPS_EVENT_SATELLITE_STATUS.-> mGpsUsedInFix : 0
10-22 13:04:14.053   564  2154 I LocSvc_ApiV02: <--- globalEventCb line 124 QMI_LOC_EVENT_GNSS_SV_INFO_IND_V02
10-22 13:04:14.054  1520  2579 I GnssLocationProvider: WakeLock acquired by sendMessage(REPORT_SV_STATUS, 0, com.android.server.location.GnssLocationProvider$SvStatusInfo@a814c1d)
10-22 13:04:14.055  1520  1569 I GnssLocationProvider: WakeLock released by handleMessage(REPORT_SV_STATUS, 0, com.android.server.location.GnssLocationProvider$SvStatusInfo@a814c1d)
10-22 13:04:14.056   564  2154 I LocSvc_ApiV02: <--- globalEventCb line 124 QMI_LOC_EVENT_POSITION_REPORT_IND_V02
10-22 13:04:14.057  2694  2694 I GpsHelper: ===gpsSignalStrength===0
10-22 13:04:14.058  2694  2694 D CameraRecordFragment: onMessageEvent code =2,data = 0
10-22 13:04:14.058  2694  2694 D EventManager: checkDrivingSupportAlertSettingOnOff, eventType=109 off
10-22 13:04:14.059  2694  2694 I GPSStatusManager:  gpsStatusListener GPS_EVENT_SATELLITE_STATUS.-> mGpsUsedInFix : 0
10-22 13:04:15.053   564  2154 I LocSvc_ApiV02: <--- globalEventCb line 124 QMI_LOC_EVENT_GNSS_SV_INFO_IND_V02
10-22 13:04:15.054   564  2154 I LocSvc_ApiV02: <--- globalEventCb line 124 QMI_LOC_EVENT_POSITION_REPORT_IND_V02
10-22 13:04:15.054  1520  2579 I GnssLocationProvider: WakeLock acquired by sendMessage(REPORT_SV_STATUS, 0, com.android.server.location.GnssLocationProvider$SvStatusInfo@9ac6e92)
10-22 13:04:15.055  1520  1569 I GnssLocationProvider: WakeLock released by handleMessage(REPORT_SV_STATUS, 0, com.android.server.location.GnssLocationProvider$SvStatusInfo@9ac6e92)
10-22 13:04:15.059  2694  2694 I GpsHelper: ===gpsSignalStrength===0
10-22 13:04:15.059  2694  2694 D CameraRecordFragment: onMessageEvent code =2,data = 0
10-22 13:04:15.059  2694  2694 D EventManager: checkDrivingSupportAlertSettingOnOff, eventType=109 off
10-22 13:04:15.060  2694  2694 I GPSStatusManager:  gpsStatusListener GPS_EVENT_SATELLITE_STATUS.-> mGpsUsedInFix : 0
10-22 13:04:15.109  2238  2893 D ---WebRTCService: isMQTTConnected=falsedevice_id=51286E66576DBDD952200BE5E9C1F59E07EEA94A
10-22 13:04:16.053   564  2154 I LocSvc_ApiV02: <--- globalEventCb line 124 QMI_LOC_EVENT_GNSS_SV_INFO_IND_V02
10-22 13:04:16.054   564  2154 I LocSvc_ApiV02: <--- globalEventCb line 124 QMI_LOC_EVENT_POSITION_REPORT_IND_V02
10-22 13:04:16.054  1520  2579 I GnssLocationProvider: WakeLock acquired by sendMessage(REPORT_SV_STATUS, 0, com.android.server.location.GnssLocationProvider$SvStatusInfo@f07c063)
10-22 13:04:16.055  1520  1569 I GnssLocationProvider: WakeLock released by handleMessage(REPORT_SV_STATUS, 0, com.android.server.location.GnssLocationProvider$SvStatusInfo@f07c063)
10-22 13:04:16.056  2694  2694 I GpsHelper: ===gpsSignalStrength===0
10-22 13:04:16.056  2694  2694 D CameraRecordFragment: onMessageEvent code =2,data = 0
10-22 13:04:16.057  2694  2694 D EventManager: checkDrivingSupportAlertSettingOnOff, eventType=109 off
10-22 13:04:16.057  2694  2694 I GPSStatusManager:  gpsStatusListener GPS_EVENT_SATELLITE_STATUS.-> mGpsUsedInFix : 0
10-22 13:04:16.374  1520  3669 W BestClock: java.time.DateTimeException: Missing NTP fix
10-22 13:04:16.388  1520  3669 W BestClock: java.time.DateTimeException: Missing NTP fix
10-22 13:04:16.391  1520  1765 W BestClock: java.time.DateTimeException: Missing NTP fix
10-22 13:04:16.392  2184  2210 E PhoneInterfaceManager: [PhoneIntfMgr] checkCarrierPrivilegesForPackage: No UICC
10-22 13:04:16.397  2814  3657 I chatty  : uid=1000(system) Binder:2814_4 expire 43 lines
10-22 13:04:16.407  2694  3643 D DeviceReportService: getGpsLatitude...
10-22 13:04:16.407  2694  3643 D DeviceReportService: loc==null
10-22 13:04:16.407  2694  3643 E DeviceReportService: location is null and 0 will be return
10-22 13:04:16.410  2694  3643 D DeviceReportService: getGpsAltitude...
10-22 13:04:16.410  2694  3643 D DeviceReportService: loc==null
10-22 13:04:16.410  2694  3643 E DeviceReportService: location is null and 0 will be return
10-22 13:04:16.413  2694  3643 D DeviceReportService: getGpsLongitude...
10-22 13:04:16.413  2694  3643 D DeviceReportService: loc==null
10-22 13:04:16.413  2694  3643 E DeviceReportService: location is null and 0 will be return
10-22 13:04:16.417  2694  3643 D DeviceReportService: getGpsSatellites...
10-22 13:04:16.418  2694  3643 D DeviceReportService: gpsStatusList.size ==16
10-22 13:04:16.425  1520  3669 I WifiService: getWifiApConfiguration uid=1000
10-22 13:04:16.431   544  3445 I chatty  : uid=1047(cameraserver) CAM_AECAWB expire 251 lines
10-22 13:04:17.052   564  2154 I LocSvc_ApiV02: <--- globalEventCb line 124 QMI_LOC_EVENT_GNSS_SV_INFO_IND_V02
10-22 13:04:17.053  1520  2579 I GnssLocationProvider: WakeLock acquired by sendMessage(REPORT_SV_STATUS, 0, com.android.server.location.GnssLocationProvider$SvStatusInfo@27d4460)
10-22 13:04:17.054  1520  1569 I GnssLocationProvider: WakeLock released by handleMessage(REPORT_SV_STATUS, 0, com.android.server.location.GnssLocationProvider$SvStatusInfo@27d4460)
10-22 13:04:17.057  2694  2694 I GpsHelper: ===gpsSignalStrength===0
10-22 13:04:17.057  2694  2694 D CameraRecordFragment: onMessageEvent code =2,data = 0
10-22 13:04:17.057  2694  2694 D EventManager: checkDrivingSupportAlertSettingOnOff, eventType=109 off
10-22 13:04:17.057   564  2154 I LocSvc_ApiV02: <--- globalEventCb line 124 QMI_LOC_EVENT_POSITION_REPORT_IND_V02
10-22 13:04:17.058  2694  2694 I GPSStatusManager:  gpsStatusListener GPS_EVENT_SATELLITE_STATUS.-> mGpsUsedInFix : 0
10-22 13:04:18.053   564  2154 I LocSvc_ApiV02: <--- globalEventCb line 124 QMI_LOC_EVENT_GNSS_SV_INFO_IND_V02
10-22 13:04:18.054  1520  2579 I GnssLocationProvider: WakeLock acquired by sendMessage(REPORT_SV_STATUS, 0, com.android.server.location.GnssLocationProvider$SvStatusInfo@c6b8d19)
10-22 13:04:18.054   564  2154 I LocSvc_ApiV02: <--- globalEventCb line 124 QMI_LOC_EVENT_POSITION_REPORT_IND_V02
10-22 13:04:18.054  1520  1569 I GnssLocationProvider: WakeLock released by handleMessage(REPORT_SV_STATUS, 0, com.android.server.location.GnssLocationProvider$SvStatusInfo@c6b8d19)
10-22 13:04:18.062  2694  2694 I GpsHelper: ===gpsSignalStrength===0
10-22 13:04:18.063  2694  2694 D CameraRecordFragment: onMessageEvent code =2,data = 0
10-22 13:04:18.063  2694  2694 D EventManager: checkDrivingSupportAlertSettingOnOff, eventType=109 off
10-22 13:04:18.064  2694  2694 I GPSStatusManager:  gpsStatusListener GPS_EVENT_SATELLITE_STATUS.-> mGpsUsedInFix : 0
10-22 13:04:19.053   564  2154 I LocSvc_ApiV02: <--- globalEventCb line 124 QMI_LOC_EVENT_GNSS_SV_INFO_IND_V02
10-22 13:04:19.053   564  2154 I LocSvc_ApiV02: <--- globalEventCb line 124 QMI_LOC_EVENT_POSITION_REPORT_IND_V02
10-22 13:04:19.054  1520  2579 I GnssLocationProvider: WakeLock acquired by sendMessage(REPORT_SV_STATUS, 0, com.android.server.location.GnssLocationProvider$SvStatusInfo@91ee1de)
10-22 13:04:19.054  1520  1569 I GnssLocationProvider: WakeLock released by handleMessage(REPORT_SV_STATUS, 0, com.android.server.location.GnssLocationProvider$SvStatusInfo@91ee1de)
10-22 13:04:19.057  2694  2694 I GpsHelper: ===gpsSignalStrength===0
10-22 13:04:19.057  2694  2694 D CameraRecordFragment: onMessageEvent code =2,data = 0
10-22 13:04:19.058  2694  2694 D EventManager: checkDrivingSupportAlertSettingOnOff, eventType=109 off
10-22 13:04:19.059  2694  2694 I GPSStatusManager:  gpsStatusListener GPS_EVENT_SATELLITE_STATUS.-> mGpsUsedInFix : 0
10-22 13:04:20.054   564  2154 I LocSvc_ApiV02: <--- globalEventCb line 124 QMI_LOC_EVENT_GNSS_SV_INFO_IND_V02
10-22 13:04:20.055   564  2154 I LocSvc_ApiV02: <--- globalEventCb line 124 QMI_LOC_EVENT_POSITION_REPORT_IND_V02
10-22 13:04:20.057  1520  2579 I GnssLocationProvider: WakeLock acquired by sendMessage(REPORT_SV_STATUS, 0, com.android.server.location.GnssLocationProvider$SvStatusInfo@aabffbf)
10-22 13:04:20.057  1520  1569 I GnssLocationProvider: WakeLock released by handleMessage(REPORT_SV_STATUS, 0, com.android.server.location.GnssLocationProvider$SvStatusInfo@aabffbf)
10-22 13:04:20.060  2694  2694 I GpsHelper: ===gpsSignalStrength===0
10-22 13:04:20.061  2694  2694 D CameraRecordFragment: onMessageEvent code =2,data = 0
10-22 13:04:20.061  2694  2694 D EventManager: checkDrivingSupportAlertSettingOnOff, eventType=109 off
10-22 13:04:20.062  2694  2694 I GPSStatusManager:  gpsStatusListener GPS_EVENT_SATELLITE_STATUS.-> mGpsUsedInFix : 0
10-22 13:04:20.151  2238  2893 D ---WebRTCService: isMQTTConnected=falsedevice_id=51286E66576DBDD952200BE5E9C1F59E07EEA94A
10-22 13:04:21.052   564  2154 I LocSvc_ApiV02: <--- globalEventCb line 124 QMI_LOC_EVENT_GNSS_SV_INFO_IND_V02
10-22 13:04:21.053   564  2154 I LocSvc_ApiV02: <--- globalEventCb line 124 QMI_LOC_EVENT_POSITION_REPORT_IND_V02
10-22 13:04:21.053  1520  2579 I GnssLocationProvider: WakeLock acquired by sendMessage(REPORT_SV_STATUS, 0, com.android.server.location.GnssLocationProvider$SvStatusInfo@fe2468c)
10-22 13:04:21.054  1520  1569 I GnssLocationProvider: WakeLock released by handleMessage(REPORT_SV_STATUS, 0, com.android.server.location.GnssLocationProvider$SvStatusInfo@fe2468c)
10-22 13:04:21.056  2694  2694 I GpsHelper: ===gpsSignalStrength===0
10-22 13:04:21.056  2694  2694 D CameraRecordFragment: onMessageEvent code =2,data = 0
10-22 13:04:21.057  2694  2694 D EventManager: checkDrivingSupportAlertSettingOnOff, eventType=109 off
10-22 13:04:21.058  2694  2694 I GPSStatusManager:  gpsStatusListener GPS_EVENT_SATELLITE_STATUS.-> mGpsUsedInFix : 0
10-22 13:04:21.430  1520  1800 W BestClock: java.time.DateTimeException: Missing NTP fix
10-22 13:04:21.448  1520  1800 W BestClock: java.time.DateTimeException: Missing NTP fix
10-22 13:04:21.451  2184  2210 E PhoneInterfaceManager: [PhoneIntfMgr] checkCarrierPrivilegesForPackage: No UICC
10-22 13:04:21.451  1520  1765 W BestClock: java.time.DateTimeException: Missing NTP fix
10-22 13:04:21.464  2694  2753 D DeviceReportService: getGpsLatitude...
10-22 13:04:21.465  2694  2753 D DeviceReportService: loc==null
10-22 13:04:21.465  2694  2753 E DeviceReportService: location is null and 0 will be return
10-22 13:04:21.468  2694  2753 D DeviceReportService: getGpsAltitude...
10-22 13:04:21.468  2694  2753 D DeviceReportService: loc==null
10-22 13:04:21.468  2694  2753 E DeviceReportService: location is null and 0 will be return
10-22 13:04:21.473  2694  2753 D DeviceReportService: getGpsLongitude...
10-22 13:04:21.473  2694  2753 D DeviceReportService: loc==null
10-22 13:04:21.473  2694  2753 E DeviceReportService: location is null and 0 will be return
10-22 13:04:21.480  2694  2757 D DeviceReportService: getGpsSatellites...
10-22 13:04:21.480  2694  2757 D DeviceReportService: gpsStatusList.size ==16
10-22 13:04:21.488  1520  1800 I WifiService: getWifiApConfiguration uid=1000
10-22 13:04:22.053   564  2154 I LocSvc_ApiV02: <--- globalEventCb line 124 QMI_LOC_EVENT_GNSS_SV_INFO_IND_V02
10-22 13:04:22.054   564  2154 I LocSvc_ApiV02: <--- globalEventCb line 124 QMI_LOC_EVENT_POSITION_REPORT_IND_V02
10-22 13:04:22.054  1520  2579 I GnssLocationProvider: WakeLock acquired by sendMessage(REPORT_SV_STATUS, 0, com.android.server.location.GnssLocationProvider$SvStatusInfo@11ee1d5)
10-22 13:04:22.054  1520  1569 I GnssLocationProvider: WakeLock released by handleMessage(REPORT_SV_STATUS, 0, com.android.server.location.GnssLocationProvider$SvStatusInfo@11ee1d5)
10-22 13:04:22.056  2694  2694 I GpsHelper: ===gpsSignalStrength===0
10-22 13:04:22.056  2694  2694 D CameraRecordFragment: onMessageEvent code =2,data = 0
10-22 13:04:22.057  2694  2694 D EventManager: checkDrivingSupportAlertSettingOnOff, eventType=109 off
10-22 13:04:22.057  2694  2694 I GPSStatusManager:  gpsStatusListener GPS_EVENT_SATELLITE_STATUS.-> mGpsUsedInFix : 0
10-22 13:04:22.712  2814  2867 I chatty  : uid=1000(system) Binder:2814_3 expire 63 lines
10-22 13:04:23.052   564  2154 I LocSvc_ApiV02: <--- globalEventCb line 124 QMI_LOC_EVENT_GNSS_SV_INFO_IND_V02
10-22 13:04:23.053  1520  2579 I GnssLocationProvider: WakeLock acquired by sendMessage(REPORT_SV_STATUS, 0, com.android.server.location.GnssLocationProvider$SvStatusInfo@2b33dea)
10-22 13:04:23.054  1520  1569 I GnssLocationProvider: WakeLock released by handleMessage(REPORT_SV_STATUS, 0, com.android.server.location.GnssLocationProvider$SvStatusInfo@2b33dea)
10-22 13:04:23.054   564  2154 I LocSvc_ApiV02: <--- globalEventCb line 124 QMI_LOC_EVENT_POSITION_REPORT_IND_V02
10-22 13:04:23.061  2694  2694 I GpsHelper: ===gpsSignalStrength===0
10-22 13:04:23.061  2694  2694 D CameraRecordFragment: onMessageEvent code =2,data = 0
10-22 13:04:23.062  2694  2694 D EventManager: checkDrivingSupportAlertSettingOnOff, eventType=109 off
10-22 13:04:23.064  2694  2694 I GPSStatusManager:  gpsStatusListener GPS_EVENT_SATELLITE_STATUS.-> mGpsUsedInFix : 0
10-22 13:04:24.053   564  2154 I LocSvc_ApiV02: <--- globalEventCb line 124 QMI_LOC_EVENT_GNSS_SV_INFO_IND_V02
10-22 13:04:24.054  1520  1742 I GnssLocationProvider: WakeLock acquired by sendMessage(REPORT_SV_STATUS, 0, com.android.server.location.GnssLocationProvider$SvStatusInfo@2ad8db)
10-22 13:04:24.054  1520  1569 I GnssLocationProvider: WakeLock released by handleMessage(REPORT_SV_STATUS, 0, com.android.server.location.GnssLocationProvider$SvStatusInfo@2ad8db)
10-22 13:04:24.055   564  2154 I LocSvc_ApiV02: <--- globalEventCb line 124 QMI_LOC_EVENT_POSITION_REPORT_IND_V02
10-22 13:04:24.056  2694  2694 I GpsHelper: ===gpsSignalStrength===0
10-22 13:04:24.056  2694  2694 D CameraRecordFragment: onMessageEvent code =2,data = 0
10-22 13:04:24.057  2694  2694 D EventManager: checkDrivingSupportAlertSettingOnOff, eventType=109 off
10-22 13:04:24.058  2694  2694 I GPSStatusManager:  gpsStatusListener GPS_EVENT_SATELLITE_STATUS.-> mGpsUsedInFix : 0
10-22 13:04:24.113   544  3412 I chatty  : uid=1047(cameraserver) CAM_AECAWB expire 151 lines
10-22 13:04:25.053   564  2154 I LocSvc_ApiV02: <--- globalEventCb line 124 QMI_LOC_EVENT_GNSS_SV_INFO_IND_V02
10-22 13:04:25.054  1520  1742 I GnssLocationProvider: WakeLock acquired by sendMessage(REPORT_SV_STATUS, 0, com.android.server.location.GnssLocationProvider$SvStatusInfo@4b33f78)
10-22 13:04:25.054   564  2154 I LocSvc_ApiV02: <--- globalEventCb line 124 QMI_LOC_EVENT_POSITION_REPORT_IND_V02
10-22 13:04:25.055  1520  1569 I GnssLocationProvider: WakeLock released by handleMessage(REPORT_SV_STATUS, 0, com.android.server.location.GnssLocationProvider$SvStatusInfo@4b33f78)
10-22 13:04:25.057  2694  2694 I GpsHelper: ===gpsSignalStrength===0
10-22 13:04:25.058  2694  2694 D CameraRecordFragment: onMessageEvent code =2,data = 0
10-22 13:04:25.058  2694  2694 D EventManager: checkDrivingSupportAlertSettingOnOff, eventType=109 off
10-22 13:04:25.059  2694  2694 I GPSStatusManager:  gpsStatusListener GPS_EVENT_SATELLITE_STATUS.-> mGpsUsedInFix : 0
10-22 13:04:25.198  2238  2893 D ---WebRTCService: isMQTTConnected=falsedevice_id=51286E66576DBDD952200BE5E9C1F59E07EEA94A
10-22 13:04:26.053   564  2154 I LocSvc_ApiV02: <--- globalEventCb line 124 QMI_LOC_EVENT_GNSS_SV_INFO_IND_V02
10-22 13:04:26.053   564  2154 I LocSvc_ApiV02: <--- globalEventCb line 124 QMI_LOC_EVENT_POSITION_REPORT_IND_V02
10-22 13:04:26.054  1520  1742 I GnssLocationProvider: WakeLock acquired by sendMessage(REPORT_SV_STATUS, 0, com.android.server.location.GnssLocationProvider$SvStatusInfo@c78c651)
10-22 13:04:26.055  1520  1569 I GnssLocationProvider: WakeLock released by handleMessage(REPORT_SV_STATUS, 0, com.android.server.location.GnssLocationProvider$SvStatusInfo@c78c651)
10-22 13:04:26.059  2694  2694 I GpsHelper: ===gpsSignalStrength===0
10-22 13:04:26.059  2694  2694 D CameraRecordFragment: onMessageEvent code =2,data = 0
10-22 13:04:26.060  2694  2694 D EventManager: checkDrivingSupportAlertSettingOnOff, eventType=109 off
10-22 13:04:26.061  2694  2694 I GPSStatusManager:  gpsStatusListener GPS_EVENT_SATELLITE_STATUS.-> mGpsUsedInFix : 0
10-22 13:04:26.537  1520  1800 W BestClock: java.time.DateTimeException: Missing NTP fix
10-22 13:04:26.556  1520  1800 W BestClock: java.time.DateTimeException: Missing NTP fix
10-22 13:04:26.558  1520  1765 W BestClock: java.time.DateTimeException: Missing NTP fix
10-22 13:04:26.559  2184  2210 E PhoneInterfaceManager: [PhoneIntfMgr] checkCarrierPrivilegesForPackage: No UICC
10-22 13:04:26.572  2694  3867 D DeviceReportService: getGpsLatitude...
10-22 13:04:26.572  2694  3867 D DeviceReportService: loc==null
10-22 13:04:26.572  2694  3867 E DeviceReportService: location is null and 0 will be return
10-22 13:04:26.577  2694  3867 D DeviceReportService: getGpsAltitude...
10-22 13:04:26.577  2694  3867 D DeviceReportService: loc==null
10-22 13:04:26.577  2694  3867 E DeviceReportService: location is null and 0 will be return
10-22 13:04:26.581  2694  3643 D DeviceReportService: getGpsLongitude...
10-22 13:04:26.581  2694  3643 D DeviceReportService: loc==null
10-22 13:04:26.581  2694  3643 E DeviceReportService: location is null and 0 will be return
10-22 13:04:26.588  2694  3867 D DeviceReportService: getGpsSatellites...
10-22 13:04:26.588  2694  3867 D DeviceReportService: gpsStatusList.size ==16
10-22 13:04:26.595  1520  1800 I WifiService: getWifiApConfiguration uid=1000
10-22 13:04:27.053   564  2154 I LocSvc_ApiV02: <--- globalEventCb line 124 QMI_LOC_EVENT_GNSS_SV_INFO_IND_V02
10-22 13:04:27.054   564  2154 I LocSvc_ApiV02: <--- globalEventCb line 124 QMI_LOC_EVENT_POSITION_REPORT_IND_V02
10-22 13:04:27.054  1520  1742 I GnssLocationProvider: WakeLock acquired by sendMessage(REPORT_SV_STATUS, 0, com.android.server.location.GnssLocationProvider$SvStatusInfo@f7f4eb6)
10-22 13:04:27.055  1520  1569 I GnssLocationProvider: WakeLock released by handleMessage(REPORT_SV_STATUS, 0, com.android.server.location.GnssLocationProvider$SvStatusInfo@f7f4eb6)
10-22 13:04:27.059  2694  2694 I GpsHelper: ===gpsSignalStrength===0
10-22 13:04:27.060  2694  2694 D CameraRecordFragment: onMessageEvent code =2,data = 0
10-22 13:04:27.060  2694  2694 D EventManager: checkDrivingSupportAlertSettingOnOff, eventType=109 off
10-22 13:04:27.061  2694  2694 I GPSStatusManager:  gpsStatusListener GPS_EVENT_SATELLITE_STATUS.-> mGpsUsedInFix : 0
10-22 13:04:27.708   575   575 I vendor.rmt_storage: rmt_storage_connect_cb: clnt_h=0xb conn_h=0x7ebd62c010
10-22 13:04:27.708   575   575 I vendor.rmt_storage: rmt_storage_rw_iovec_cb: /boot/modem_fs2: req_h=0xb msg_id=3: R/W request received
10-22 13:04:27.708   575   575 I vendor.rmt_storage: wakelock acquired: 1, error no: 42
10-22 13:04:27.709   575   867 I vendor.rmt_storage: rmt_storage_client_thread: /boot/modem_fs2: Unblock worker thread (th_id: 544340276464)
10-22 13:04:27.853   575   867 I vendor.rmt_storage: rmt_storage_client_thread: /boot/modem_fs2: req_h=0xb msg_id=3: Bytes written = 1572864
10-22 13:04:27.853   575   867 I vendor.rmt_storage: rmt_storage_client_thread: /boot/modem_fs2: req_h=0xb msg_id=3: Send response: res=0 err=0
10-22 13:04:27.854   575   867 I vendor.rmt_storage: rmt_storage_client_thread: /boot/modem_fs2: About to block rmt_storage client thread (th_id: 544340276464) wakelock released: 1, error no: 0
10-22 13:04:27.854   575   867 I vendor.rmt_storage: 
10-22 13:04:27.856   575   575 I vendor.rmt_storage: rmt_storage_disconnect_cb: clnt_h=0xb conn_h=0x7ebd62c010
10-22 13:04:28.052   564  2154 I LocSvc_ApiV02: <--- globalEventCb line 124 QMI_LOC_EVENT_GNSS_SV_INFO_IND_V02
10-22 13:04:28.053   564  2154 I LocSvc_ApiV02: <--- globalEventCb line 124 QMI_LOC_EVENT_POSITION_REPORT_IND_V02
10-22 13:04:28.054  1520  1742 I GnssLocationProvider: WakeLock acquired by sendMessage(REPORT_SV_STATUS, 0, com.android.server.location.GnssLocationProvider$SvStatusInfo@9f427b7)
10-22 13:04:28.054  1520  1569 I GnssLocationProvider: WakeLock released by handleMessage(REPORT_SV_STATUS, 0, com.android.server.location.GnssLocationProvider$SvStatusInfo@9f427b7)
10-22 13:04:28.056  2694  2694 I GpsHelper: ===gpsSignalStrength===0
10-22 13:04:28.056  2694  2694 D CameraRecordFragment: onMessageEvent code =2,data = 0
10-22 13:04:28.057  2694  2694 D EventManager: checkDrivingSupportAlertSettingOnOff, eventType=109 off
10-22 13:04:28.058  2694  2694 I GPSStatusManager:  gpsStatusListener GPS_EVENT_SATELLITE_STATUS.-> mGpsUsedInFix : 0
10-22 13:04:29.053   564  2154 I LocSvc_ApiV02: <--- globalEventCb line 124 QMI_LOC_EVENT_GNSS_SV_INFO_IND_V02
10-22 13:04:29.054   564  2154 I LocSvc_ApiV02: <--- globalEventCb line 124 QMI_LOC_EVENT_POSITION_REPORT_IND_V02
10-22 13:04:29.054  1520  1742 I GnssLocationProvider: WakeLock acquired by sendMessage(REPORT_SV_STATUS, 0, com.android.server.location.GnssLocationProvider$SvStatusInfo@f98db24)
10-22 13:04:29.054  1520  1569 I GnssLocationProvider: WakeLock released by handleMessage(REPORT_SV_STATUS, 0, com.android.server.location.GnssLocationProvider$SvStatusInfo@f98db24)
10-22 13:04:29.057  2694  2694 I GpsHelper: ===gpsSignalStrength===0
10-22 13:04:29.058  2694  2694 D CameraRecordFragment: onMessageEvent code =2,data = 0
10-22 13:04:29.058  2694  2694 D EventManager: checkDrivingSupportAlertSettingOnOff, eventType=109 off
10-22 13:04:29.059  2694  2694 I GPSStatusManager:  gpsStatusListener GPS_EVENT_SATELLITE_STATUS.-> mGpsUsedInFix : 0
10-22 13:04:29.093  2490  3194 D DpsActivating: activateToDps Network Connected
10-22 13:04:29.099  2490  3194 D ManageSharedData:: isExistDir:   savePath:  /storage/emulated/0/AzureDMC
10-22 13:04:29.101  2490  3194 W System.err: java.io.FileNotFoundException: /system/etc/Azure/Config/scopeConfig (No such file or directory)
10-22 13:04:29.101  2490  3194 W System.err: 	at java.io.FileInputStream.open0(Native Method)
10-22 13:04:29.101  2490  3194 W System.err: 	at java.io.FileInputStream.open(FileInputStream.java:231)
10-22 13:04:29.101  2490  3194 W System.err: 	at java.io.FileInputStream.<init>(FileInputStream.java:165)
10-22 13:04:29.102  2490  3194 W System.err: 	at java.io.FileInputStream.<init>(FileInputStream.java:112)
10-22 13:04:29.102  2490  3194 W System.err: 	at java.io.FileReader.<init>(FileReader.java:58)
10-22 13:04:29.102  2490  3194 W System.err: 	at com.askey.AzureDeviceManager.Common.ManageSystemFile.getConfigData(ManageSystemFile.java:55)
10-22 13:04:29.102  2490  3194 W System.err: 	at com.askey.AzureDeviceManager.DPSClient.DpsActivating.getScopeConfig(DpsActivating.java:96)
