10-22 13:05:19.943   544  3445 E mm-camera: <STATS_AEC ><ERROR> 2253: aec_process_calc_current_hist_metered_luma: error: out of range, exit
10-22 13:05:20.007   544  3412 E mm-camera: <STATS_AEC ><ERROR> 2253: aec_process_calc_current_hist_metered_luma: error: out of range, exit
10-22 13:05:20.015   544  3445 E mm-camera: <STATS_AEC ><ERROR> 2253: aec_process_calc_current_hist_metered_luma: error: out of range, exit
10-22 13:05:20.054   564  2154 I LocSvc_ApiV02: <--- globalEventCb line 124 QMI_LOC_EVENT_GNSS_SV_INFO_IND_V02
10-22 13:05:20.055   564  2154 I LocSvc_ApiV02: <--- globalEventCb line 124 QMI_LOC_EVENT_POSITION_REPORT_IND_V02
10-22 13:05:20.055  1520  2579 I GnssLocationProvider: WakeLock acquired by sendMessage(REPORT_SV_STATUS, 0, com.android.server.location.GnssLocationProvider$SvStatusInfo@cbe5120)
10-22 13:05:20.057  1520  1569 I GnssLocationProvider: WakeLock released by handleMessage(REPORT_SV_STATUS, 0, com.android.server.location.GnssLocationProvider$SvStatusInfo@cbe5120)
10-22 13:05:20.058  2694  2694 I GpsHelper: ===gpsSignalStrength===0
10-22 13:05:20.059  2694  2694 D CameraRecordFragment: onMessageEvent code =2,data = 0
10-22 13:05:20.060  2694  2694 D EventManager: checkDrivingSupportAlertSettingOnOff, eventType=109 off
10-22 13:05:20.060  2694  2694 I GPSStatusManager:  gpsStatusListener GPS_EVENT_SATELLITE_STATUS.-> mGpsUsedInFix : 0
10-22 13:05:20.079   544  3412 E mm-camera: <STATS_AEC ><ERROR> 2253: aec_process_calc_current_hist_metered_luma: error: out of range, exit
10-22 13:05:20.088   544  3445 E mm-camera: <STATS_AEC ><ERROR> 2253: aec_process_calc_current_hist_metered_luma: error: out of range, exit
10-22 13:05:20.151   544  3412 E mm-camera: <STATS_AEC ><ERROR> 2253: aec_process_calc_current_hist_metered_luma: error: out of range, exit
10-22 13:05:20.160   544  3445 E mm-camera: <STATS_AEC ><ERROR> 2253: aec_process_calc_current_hist_metered_luma: error: out of range, exit
10-22 13:05:20.224   544  3412 E mm-camera: <STATS_AEC ><ERROR> 2253: aec_process_calc_current_hist_metered_luma: error: out of range, exit
10-22 13:05:20.232   544  3445 E mm-camera: <STATS_AEC ><ERROR> 2253: aec_process_calc_current_hist_metered_luma: error: out of range, exit
10-22 13:05:20.297   544  3412 E mm-camera: <STATS_AEC ><ERROR> 2253: aec_process_calc_current_hist_metered_luma: error: out of range, exit
10-22 13:05:20.306   544  3445 E mm-camera: <STATS_AEC ><ERROR> 2253: aec_process_calc_current_hist_metered_luma: error: out of range, exit
10-22 13:05:20.369   544  3412 E mm-camera: <STATS_AEC ><ERROR> 2253: aec_process_calc_current_hist_metered_luma: error: out of range, exit
10-22 13:05:20.379   544  3445 E mm-camera: <STATS_AEC ><ERROR> 2253: aec_process_calc_current_hist_metered_luma: error: out of range, exit
10-22 13:05:20.442   544  3412 E mm-camera: <STATS_AEC ><ERROR> 2253: aec_process_calc_current_hist_metered_luma: error: out of range, exit
10-22 13:05:20.451   544  3445 E mm-camera: <STATS_AEC ><ERROR> 2253: aec_process_calc_current_hist_metered_luma: error: out of range, exit
10-22 13:05:20.515   544  3412 E mm-camera: <STATS_AEC ><ERROR> 2253: aec_process_calc_current_hist_metered_luma: error: out of range, exit
10-22 13:05:20.524   544  3445 E mm-camera: <STATS_AEC ><ERROR> 2253: aec_process_calc_current_hist_metered_luma: error: out of range, exit
10-22 13:05:20.587   544  3412 E mm-camera: <STATS_AEC ><ERROR> 2253: aec_process_calc_current_hist_metered_luma: error: out of range, exit
10-22 13:05:20.597   544  3445 E mm-camera: <STATS_AEC ><ERROR> 2253: aec_process_calc_current_hist_metered_luma: error: out of range, exit
10-22 13:05:20.659   544  3412 E mm-camera: <STATS_AEC ><ERROR> 2253: aec_process_calc_current_hist_metered_luma: error: out of range, exit
10-22 13:05:20.669   544  3445 E mm-camera: <STATS_AEC ><ERROR> 2253: aec_process_calc_current_hist_metered_luma: error: out of range, exit
10-22 13:05:20.722  2238  2893 D ---WebRTCService: isMQTTConnected=falsedevice_id=51286E66576DBDD952200BE5E9C1F59E07EEA94A
10-22 13:05:20.732   544  3412 E mm-camera: <STATS_AEC ><ERROR> 2253: aec_process_calc_current_hist_metered_luma: error: out of range, exit
10-22 13:05:20.742   544  3445 E mm-camera: <STATS_AEC ><ERROR> 2253: aec_process_calc_current_hist_metered_luma: error: out of range, exit
10-22 13:05:20.805   544  3412 E mm-camera: <STATS_AEC ><ERROR> 2253: aec_process_calc_current_hist_metered_luma: error: out of range, exit
10-22 13:05:20.815   544  3445 E mm-camera: <STATS_AEC ><ERROR> 2253: aec_process_calc_current_hist_metered_luma: error: out of range, exit
10-22 13:05:20.877   544  3412 E mm-camera: <STATS_AEC ><ERROR> 2253: aec_process_calc_current_hist_metered_luma: error: out of range, exit
10-22 13:05:20.887   544  3445 E mm-camera: <STATS_AEC ><ERROR> 2253: aec_process_calc_current_hist_metered_luma: error: out of range, exit
10-22 13:05:20.949   544  3412 E mm-camera: <STATS_AEC ><ERROR> 2253: aec_process_calc_current_hist_metered_luma: error: out of range, exit
10-22 13:05:20.961   544  3445 E mm-camera: <STATS_AEC ><ERROR> 2253: aec_process_calc_current_hist_metered_luma: error: out of range, exit
10-22 13:05:21.021   544  3412 E mm-camera: <STATS_AEC ><ERROR> 2253: aec_process_calc_current_hist_metered_luma: error: out of range, exit
10-22 13:05:21.032   544  3445 E mm-camera: <STATS_AEC ><ERROR> 2253: aec_process_calc_current_hist_metered_luma: error: out of range, exit
10-22 13:05:21.053   564  2154 I LocSvc_ApiV02: <--- globalEventCb line 124 QMI_LOC_EVENT_GNSS_SV_INFO_IND_V02
10-22 13:05:21.053   564  2154 I LocSvc_ApiV02: <--- globalEventCb line 124 QMI_LOC_EVENT_POSITION_REPORT_IND_V02
10-22 13:05:21.054  1520  2579 I GnssLocationProvider: WakeLock acquired by sendMessage(REPORT_SV_STATUS, 0, com.android.server.location.GnssLocationProvider$SvStatusInfo@8807ad9)
10-22 13:05:21.054  1520  1569 I GnssLocationProvider: WakeLock released by handleMessage(REPORT_SV_STATUS, 0, com.android.server.location.GnssLocationProvider$SvStatusInfo@8807ad9)
10-22 13:05:21.058  2694  2694 I GpsHelper: ===gpsSignalStrength===0
10-22 13:05:21.058  2694  2694 D CameraRecordFragment: onMessageEvent code =2,data = 0
10-22 13:05:21.058  2694  2694 D EventManager: checkDrivingSupportAlertSettingOnOff, eventType=109 off
10-22 13:05:21.059  2694  2694 I GPSStatusManager:  gpsStatusListener GPS_EVENT_SATELLITE_STATUS.-> mGpsUsedInFix : 0
10-22 13:05:21.094   544  3412 E mm-camera: <STATS_AEC ><ERROR> 2253: aec_process_calc_current_hist_metered_luma: error: out of range, exit
10-22 13:05:21.105   544  3445 E mm-camera: <STATS_AEC ><ERROR> 2253: aec_process_calc_current_hist_metered_luma: error: out of range, exit
10-22 13:05:21.167   544  3412 E mm-camera: <STATS_AEC ><ERROR> 2253: aec_process_calc_current_hist_metered_luma: error: out of range, exit
10-22 13:05:21.179   544  3445 E mm-camera: <STATS_AEC ><ERROR> 2253: aec_process_calc_current_hist_metered_luma: error: out of range, exit
10-22 13:05:21.240   544  3412 E mm-camera: <STATS_AEC ><ERROR> 2253: aec_process_calc_current_hist_metered_luma: error: out of range, exit
10-22 13:05:21.250   544  3445 E mm-camera: <STATS_AEC ><ERROR> 2253: aec_process_calc_current_hist_metered_luma: error: out of range, exit
10-22 13:05:21.312   544  3412 E mm-camera: <STATS_AEC ><ERROR> 2253: aec_process_calc_current_hist_metered_luma: error: out of range, exit
10-22 13:05:21.323   544  3445 E mm-camera: <STATS_AEC ><ERROR> 2253: aec_process_calc_current_hist_metered_luma: error: out of range, exit
10-22 13:05:21.385   544  3412 E mm-camera: <STATS_AEC ><ERROR> 2253: aec_process_calc_current_hist_metered_luma: error: out of range, exit
10-22 13:05:21.395   544  3445 E mm-camera: <STATS_AEC ><ERROR> 2253: aec_process_calc_current_hist_metered_luma: error: out of range, exit
10-22 13:05:21.457   544  3412 E mm-camera: <STATS_AEC ><ERROR> 2253: aec_process_calc_current_hist_metered_luma: error: out of range, exit
10-22 13:05:21.468   544  3445 E mm-camera: <STATS_AEC ><ERROR> 2253: aec_process_calc_current_hist_metered_luma: error: out of range, exit
10-22 13:05:21.532   544  3412 E mm-camera: <STATS_AEC ><ERROR> 2253: aec_process_calc_current_hist_metered_luma: error: out of range, exit
10-22 13:05:21.541   544  3445 E mm-camera: <STATS_AEC ><ERROR> 2253: aec_process_calc_current_hist_metered_luma: error: out of range, exit
10-22 13:05:21.601   544  3412 E mm-camera: <STATS_AEC ><ERROR> 2253: aec_process_calc_current_hist_metered_luma: error: out of range, exit
10-22 13:05:21.614   544  3445 E mm-camera: <STATS_AEC ><ERROR> 2253: aec_process_calc_current_hist_metered_luma: error: out of range, exit
10-22 13:05:21.675   544  3412 E mm-camera: <STATS_AEC ><ERROR> 2253: aec_process_calc_current_hist_metered_luma: error: out of range, exit
10-22 13:05:21.687   544  3445 E mm-camera: <STATS_AEC ><ERROR> 2253: aec_process_calc_current_hist_metered_luma: error: out of range, exit
10-22 13:05:21.747   544  3412 E mm-camera: <STATS_AEC ><ERROR> 2253: aec_process_calc_current_hist_metered_luma: error: out of range, exit
10-22 13:05:21.758   544  3445 E mm-camera: <STATS_AEC ><ERROR> 2253: aec_process_calc_current_hist_metered_luma: error: out of range, exit
10-22 13:05:21.820   544  3412 E mm-camera: <STATS_AEC ><ERROR> 2253: aec_process_calc_current_hist_metered_luma: error: out of range, exit
10-22 13:05:21.831   544  3445 E mm-camera: <STATS_AEC ><ERROR> 2253: aec_process_calc_current_hist_metered_luma: error: out of range, exit
10-22 13:05:21.892   544  3412 E mm-camera: <STATS_AEC ><ERROR> 2253: aec_process_calc_current_hist_metered_luma: error: out of range, exit
10-22 13:05:21.904   544  3445 E mm-camera: <STATS_AEC ><ERROR> 2253: aec_process_calc_current_hist_metered_luma: error: out of range, exit
10-22 13:05:21.965   544  3412 E mm-camera: <STATS_AEC ><ERROR> 2253: aec_process_calc_current_hist_metered_luma: error: out of range, exit
10-22 13:05:21.977   544  3445 E mm-camera: <STATS_AEC ><ERROR> 2253: aec_process_calc_current_hist_metered_luma: error: out of range, exit
10-22 13:05:22.037   544  3412 E mm-camera: <STATS_AEC ><ERROR> 2253: aec_process_calc_current_hist_metered_luma: error: out of range, exit
10-22 13:05:22.051   544  3445 E mm-camera: <STATS_AEC ><ERROR> 2253: aec_process_calc_current_hist_metered_luma: error: out of range, exit
10-22 13:05:22.053   564  2154 I LocSvc_ApiV02: <--- globalEventCb line 124 QMI_LOC_EVENT_GNSS_SV_INFO_IND_V02
10-22 13:05:22.055  1520  2579 I GnssLocationProvider: WakeLock acquired by sendMessage(REPORT_SV_STATUS, 0, com.android.server.location.GnssLocationProvider$SvStatusInfo@f89c9e)
10-22 13:05:22.056  1520  1569 I GnssLocationProvider: WakeLock released by handleMessage(REPORT_SV_STATUS, 0, com.android.server.location.GnssLocationProvider$SvStatusInfo@f89c9e)
10-22 13:05:22.056   564  2154 I LocSvc_ApiV02: <--- globalEventCb line 124 QMI_LOC_EVENT_POSITION_REPORT_IND_V02
10-22 13:05:22.057  2694  2694 I GpsHelper: ===gpsSignalStrength===0
10-22 13:05:22.057  2694  2694 D CameraRecordFragment: onMessageEvent code =2,data = 0
10-22 13:05:22.058  2694  2694 D EventManager: checkDrivingSupportAlertSettingOnOff, eventType=109 off
10-22 13:05:22.059  2694  2694 I GPSStatusManager:  gpsStatusListener GPS_EVENT_SATELLITE_STATUS.-> mGpsUsedInFix : 0
10-22 13:05:22.110   544  3412 E mm-camera: <STATS_AEC ><ERROR> 2253: aec_process_calc_current_hist_metered_luma: error: out of range, exit
10-22 13:05:22.122   544  3445 E mm-camera: <STATS_AEC ><ERROR> 2253: aec_process_calc_current_hist_metered_luma: error: out of range, exit
10-22 13:05:22.183   544  3412 E mm-camera: <STATS_AEC ><ERROR> 2253: aec_process_calc_current_hist_metered_luma: error: out of range, exit
10-22 13:05:22.195   544  3445 E mm-camera: <STATS_AEC ><ERROR> 2253: aec_process_calc_current_hist_metered_luma: error: out of range, exit
10-22 13:05:22.255   544  3412 E mm-camera: <STATS_AEC ><ERROR> 2253: aec_process_calc_current_hist_metered_luma: error: out of range, exit
10-22 13:05:22.269   544  3445 E mm-camera: <STATS_AEC ><ERROR> 2253: aec_process_calc_current_hist_metered_luma: error: out of range, exit
10-22 13:05:22.326   544  3412 E mm-camera: <STATS_AEC ><ERROR> 2253: aec_process_calc_current_hist_metered_luma: error: out of range, exit
10-22 13:05:22.341   544  3445 E mm-camera: <STATS_AEC ><ERROR> 2253: aec_process_calc_current_hist_metered_luma: error: out of range, exit
10-22 13:05:22.400   544  3412 E mm-camera: <STATS_AEC ><ERROR> 2253: aec_process_calc_current_hist_metered_luma: error: out of range, exit
10-22 13:05:22.413   544  3445 E mm-camera: <STATS_AEC ><ERROR> 2253: aec_process_calc_current_hist_metered_luma: error: out of range, exit
10-22 13:05:22.472   544  3412 E mm-camera: <STATS_AEC ><ERROR> 2253: aec_process_calc_current_hist_metered_luma: error: out of range, exit
10-22 13:05:22.487   544  3445 E mm-camera: <STATS_AEC ><ERROR> 2253: aec_process_calc_current_hist_metered_luma: error: out of range, exit
10-22 13:05:22.544   544  3412 E mm-camera: <STATS_AEC ><ERROR> 2253: aec_process_calc_current_hist_metered_luma: error: out of range, exit
10-22 13:05:22.558   544  3445 E mm-camera: <STATS_AEC ><ERROR> 2253: aec_process_calc_current_hist_metered_luma: error: out of range, exit
10-22 13:05:22.567  2814  3657 D Communication:CloudAidlService$MyBinder.getData(Line:303): type==SummaryForDevice,userId==test
10-22 13:05:22.567  2814  3657 D Communication:LTEManager.getSummaryForDevice(Line:35): getSummaryForDevice
10-22 13:05:22.567  2814  3657 D Communication:TrafficStatisticManager.getSummaryForDevice(Line:47): getSummaryForDevice...
10-22 13:05:22.568  2814  3657 D Communication:TrafficStatisticManager.getSummaryForDevice(Line:49): resetTime==0
10-22 13:05:22.568  2814  3657 D Communication:TrafficStatisticManager.getUsageSummary(Line:58): getUsageSummary: startTime: 0, endTime: 1571749522568
10-22 13:05:22.574  1520  3669 W BestClock: java.time.DateTimeException: Missing NTP fix
10-22 13:05:22.593  1520  3669 W BestClock: java.time.DateTimeException: Missing NTP fix
10-22 13:05:22.595  2184  2210 E PhoneInterfaceManager: [PhoneIntfMgr] checkCarrierPrivilegesForPackage: No UICC
10-22 13:05:22.596  1520  1765 W BestClock: java.time.DateTimeException: Missing NTP fix
10-22 13:05:22.599  2814  3657 D Communication:TrafficStatisticManager.getUsageSummary(Line:74): getUsageSummary: totalBytes: 0, summary: 0.00B
10-22 13:05:22.600  2814  3657 D Communication:TrafficStatisticManager.getUsageSummary(Line:81): getSummaryForDevice: summary=0.00B
10-22 13:05:22.600  2814  3657 D Communication:TrafficStatisticManager.getSummaryForDevice(Line:52): summaryTotal==0.00B
10-22 13:05:22.601  2814  2867 D Communication:CloudAidlService$MyBinder.getData(Line:303): type==CpuTemp,userId==test
10-22 13:05:22.601  2814  2867 D Communication:CloudAidlService$MyBinder.getCpuTemp(Line:470): getCpuTemp
10-22 13:05:22.605  2814  2867 D Communication:CloudAidlService$MyBinder.getCpuTemp(Line:474): CpuTemp==51200
10-22 13:05:22.606  2814  2847 D Communication:CloudAidlService$MyBinder.getData(Line:303): type==Latitude,userId==test
10-22 13:05:22.606  2814  2847 D Communication:CloudAidlService$MyBinder.getLatitude(Line:430): getLatitude
10-22 13:05:22.606  2814  2847 D Communication:DeviceReportManager.getInstance(Line:26): getInstance...
10-22 13:05:22.607  2814  2847 D Communication:DeviceReportManager.getLatitude(Line:96): getLatitude
10-22 13:05:22.607  2694  2887 D DeviceReportService: getGpsLatitude...
10-22 13:05:22.607  2694  2887 D DeviceReportService: loc==null
10-22 13:05:22.607  2694  2887 E DeviceReportService: location is null and 0 will be return
10-22 13:05:22.608  2814  2847 D Communication:CloudAidlService$MyBinder.getData(Line:303): type==Altitude,userId==test
10-22 13:05:22.609  2814  2847 D Communication:CloudAidlService$MyBinder.getAltitude(Line:440): getAltitude
10-22 13:05:22.609  2814  2847 D Communication:DeviceReportManager.getInstance(Line:26): getInstance...
10-22 13:05:22.609  2814  2847 D Communication:DeviceReportManager.getAltitude(Line:115): getAltitude
10-22 13:05:22.609  2694  2887 D DeviceReportService: getGpsAltitude...
10-22 13:05:22.609  2694  2887 D DeviceReportService: loc==null
10-22 13:05:22.609  2694  2887 E DeviceReportService: location is null and 0 will be return
10-22 13:05:22.610  2814  2847 D Communication:CloudAidlService$MyBinder.getData(Line:303): type==Longitude,userId==test
10-22 13:05:22.611  2814  2847 D Communication:CloudAidlService$MyBinder.getLongitude(Line:420): getLongitude
10-22 13:05:22.611  2814  2847 D Communication:DeviceReportManager.getInstance(Line:26): getInstance...
10-22 13:05:22.611  2814  2847 D Communication:DeviceReportManager.getLongitude(Line:77): getLongitude
10-22 13:05:22.611  2694  2887 D DeviceReportService: getGpsLongitude...
10-22 13:05:22.611  2694  2887 D DeviceReportService: loc==null
10-22 13:05:22.611  2694  2887 E DeviceReportService: location is null and 0 will be return
10-22 13:05:22.613  2814  3657 D Communication:CloudAidlService$MyBinder.getData(Line:303): type==Speed,userId==test
10-22 13:05:22.613  2814  3657 D Communication:CloudAidlService$MyBinder.getSpeed(Line:450): getSpeed
10-22 13:05:22.613  2814  3657 D Communication:DeviceReportManager.getInstance(Line:26): getInstance...
10-22 13:05:22.613  2814  3657 D Communication:DeviceReportManager.getSpeed(Line:134): getSpeed
10-22 13:05:22.616  2814  2847 D Communication:CloudAidlService$MyBinder.getData(Line:303): type==GpsUsedInFix,userId==test
10-22 13:05:22.616  2814  2847 D Communication:CloudAidlService$MyBinder.getGpsUsedInFix(Line:460): getGpsUsedInFix
10-22 13:05:22.616  2814  2847 D Communication:DeviceReportManager.getInstance(Line:26): getInstance...
10-22 13:05:22.616  2814  2847 D Communication:DeviceReportManager.getGpsSatellites(Line:153): getGpsSatellites
10-22 13:05:22.617  2694  2887 D DeviceReportService: getGpsSatellites...
10-22 13:05:22.617  2694  2887 D DeviceReportService: gpsStatusList.size ==17
10-22 13:05:22.618   544  3412 E mm-camera: <STATS_AEC ><ERROR> 2253: aec_process_calc_current_hist_metered_luma: error: out of range, exit
10-22 13:05:22.619  2814  2867 D Communication:CloudAidlService$MyBinder.getData(Line:303): type==WifiSw,userId==test
10-22 13:05:22.619  2814  2867 D Communication:WifiStatusManager.getWifiSw(Line:140): userId==test
10-22 13:05:22.621  2814  2847 D Communication:CloudAidlService$MyBinder.getData(Line:303): type==HotsoptSw,userId==test
10-22 13:05:22.621  2814  2847 D Communication:CloudAidlService$MyBinder.getHotspotSw(Line:666): userId==test
10-22 13:05:22.623  2814  3657 D Communication:CloudAidlService$MyBinder.getData(Line:303): type==HotsoptINFO,userId==test
10-22 13:05:22.624  2814  3657 D Communication:CloudAidlService$MyBinder.getHotspotInfo(Line:621): userId==test
10-22 13:05:22.625  1520  3669 I WifiService: getWifiApConfiguration uid=1000
10-22 13:05:22.627  2814  3657 D Communication:CloudAidlService$MyBinder.getHotspotInfo(Line:634): encrypted ,result is {"ssid":"NTTBP_DVR","hiddenSSID":"0","password":"b715effb7b6a","encrypt":"WPA2_PSK"}
10-22 13:05:22.631   544  3445 E mm-camera: <STATS_AEC ><ERROR> 2253: aec_process_calc_current_hist_metered_luma: error: out of range, exit
10-22 13:05:22.690   544  3412 E mm-camera: <STATS_AEC ><ERROR> 2253: aec_process_calc_current_hist_metered_luma: error: out of range, exit
10-22 13:05:22.703   544  3445 E mm-camera: <STATS_AEC ><ERROR> 2253: aec_process_calc_current_hist_metered_luma: error: out of range, exit
10-22 13:05:22.761   544  3412 E mm-camera: <STATS_AEC ><ERROR> 2253: aec_process_calc_current_hist_metered_luma: error: out of range, exit
10-22 13:05:22.777   544  3445 E mm-camera: <STATS_AEC ><ERROR> 2253: aec_process_calc_current_hist_metered_luma: error: out of range, exit
10-22 13:05:22.834   544  3412 E mm-camera: <STATS_AEC ><ERROR> 2253: aec_process_calc_current_hist_metered_luma: error: out of range, exit
10-22 13:05:22.849   544  3445 E mm-camera: <STATS_AEC ><ERROR> 2253: aec_process_calc_current_hist_metered_luma: error: out of range, exit
10-22 13:05:22.906   544  3412 E mm-camera: <STATS_AEC ><ERROR> 2253: aec_process_calc_current_hist_metered_luma: error: out of range, exit
10-22 13:05:22.922   544  3445 E mm-camera: <STATS_AEC ><ERROR> 2253: aec_process_calc_current_hist_metered_luma: error: out of range, exit
10-22 13:05:22.979   544  3412 E mm-camera: <STATS_AEC ><ERROR> 2253: aec_process_calc_current_hist_metered_luma: error: out of range, exit
10-22 13:05:22.994   544  3445 E mm-camera: <STATS_AEC ><ERROR> 2253: aec_process_calc_current_hist_metered_luma: error: out of range, exit
10-22 13:05:23.032  2814  3657 D Communication:CloudAidlService$MyBinder.getData(Line:303): type==DefaultVideoDuration,userId==test123
10-22 13:05:23.033  2814  3657 D Communication:CloudAidlService$MyBinder.getDefaultVideoDuration(Line:532): userId==test123
10-22 13:05:23.034  2814  3657 D Communication:CloudAidlService$MyBinder.getDefaultVideoDuration(Line:534): defaultVideoDuration==60
10-22 13:05:23.035  2814  3657 D Communication:CloudAidlService$MyBinder.getData(Line:303): type==EventDuration,userId==test
10-22 13:05:23.036  2814  3657 D Communication:CloudAidlService$MyBinder.getEventDuration(Line:681): userId==test
10-22 13:05:23.037  2814  3657 D Communication:CloudAidlService$MyBinder.getEventDuration(Line:683): eventDuration==10/5
10-22 13:05:23.038  2814  2847 D Communication:CloudAidlService$MyBinder.getData(Line:303): type==EventPictureNumber,userId==test
10-22 13:05:23.039  2814  2847 D Communication:CloudAidlService$MyBinder.getEventPictureNum(Line:696): userId==test
10-22 13:05:23.039  2814  2847 D Communication:CloudAidlService$MyBinder.getEventPictureNum(Line:698): eventPictureNum==4
10-22 13:05:23.041  2814  2867 D Communication:CloudAidlService$MyBinder.getData(Line:303): type==EventPictureSeconds,userId==test
10-22 13:05:23.041  2814  2867 D Communication:CloudAidlService$MyBinder.getEventPictureSeconds(Line:711): userId==test
10-22 13:05:23.041  2814  2867 D Communication:CloudAidlService$MyBinder.getEventPictureSeconds(Line:713): eventPictureSeconds==0,5,10,15
10-22 13:05:23.043  2814  2867 D Communication:CloudAidlService$MyBinder.getData(Line:303): type==AccelerationData,userId==test123
10-22 13:05:23.043  2814  2867 D Communication:EventManager.getAccelerationData(Line:170): userId==test123
10-22 13:05:23.044  2814  2867 D Communication:EventManager.getAccelerationData(Line:172): accelerationData==-0.2
10-22 13:05:23.045  2814  3657 D Communication:CloudAidlService$MyBinder.getData(Line:303): type==DecelerationData,userId==test123
10-22 13:05:23.045  2814  3657 D Communication:EventManager.getDecelerationData(Line:185): userId==test123
10-22 13:05:23.046  2814  3657 D Communication:EventManager.getDecelerationData(Line:187): decelerationData==0.2
10-22 13:05:23.048  2814  3657 D Communication:CloudAidlService$MyBinder.getData(Line:303): type==AcceleratedEventInfo,userId==test123
10-22 13:05:23.049  2814  3657 D Communication:EventManager.getAcceleratedEventInfo(Line:235): userid==test123
10-22 13:05:23.050  2814  3657 D Communication:EventManager.getAcceleratedEventInfo(Line:251): result is {"dataLimit":-0.3050000071525574,"switchStatus":0,"recoderStatus":0,"alertStatus":1,"uploadStatus":0}
10-22 13:05:23.052   544  3412 E mm-camera: <STATS_AEC ><ERROR> 2253: aec_process_calc_current_hist_metered_luma: error: out of range, exit
10-22 13:05:23.053   564  2154 I LocSvc_ApiV02: <--- globalEventCb line 124 QMI_LOC_EVENT_GNSS_SV_INFO_IND_V02
10-22 13:05:23.053   564  2154 I LocSvc_ApiV02: <--- globalEventCb line 124 QMI_LOC_EVENT_POSITION_REPORT_IND_V02
10-22 13:05:23.054  2814  2867 D Communication:CloudAidlService$MyBinder.getData(Line:303): type==EmergencyStopInfo,userId==test123
10-22 13:05:23.054  1520  2579 I GnssLocationProvider: WakeLock acquired by sendMessage(REPORT_SV_STATUS, 0, com.android.server.location.GnssLocationProvider$SvStatusInfo@9c7037f)
10-22 13:05:23.054  2814  2867 D Communication:EventManager.getEmergencyStopInfo(Line:312): userid==test123
10-22 13:05:23.055  1520  1569 I GnssLocationProvider: WakeLock released by handleMessage(REPORT_SV_STATUS, 0, com.android.server.location.GnssLocationProvider$SvStatusInfo@9c7037f)
10-22 13:05:23.055  2814  2867 D Communication:EventManager.getEmergencyStopInfo(Line:328): result is {"dataLimit":1,"switchStatus":0,"recoderStatus":0,"alertStatus":1,"uploadStatus":0}
10-22 13:05:23.057  2694  2694 I GpsHelper: ===gpsSignalStrength===0
10-22 13:05:23.058  2694  2694 D CameraRecordFragment: onMessageEvent code =2,data = 0
10-22 13:05:23.058  2814  2847 D Communication:CloudAidlService$MyBinder.getData(Line:303): type==SmallCrashInfo,userId==test123
10-22 13:05:23.058  2814  2847 D Communication:EventManager.getSmallCrashInfo(Line:348): userid==test123
10-22 13:05:23.059  2694  2694 D EventManager: checkDrivingSupportAlertSettingOnOff, eventType=109 off
10-22 13:05:23.059  2814  2847 D Communication:EventManager.getSmallCrashInfo(Line:364): result is {"dataLimit":2,"switchStatus":0,"recoderStatus":0,"alertStatus":1,"uploadStatus":0}
10-22 13:05:23.062  2814  2867 D Communication:CloudAidlService$MyBinder.getData(Line:303): type==MiddleCrashInfo,userId==test123
10-22 13:05:23.062  2694  2694 I GPSStatusManager:  gpsStatusListener GPS_EVENT_SATELLITE_STATUS.-> mGpsUsedInFix : 0
10-22 13:05:23.062  2814  2867 D Communication:EventManager.getMiddleCrashInfo(Line:425): userid==test123
10-22 13:05:23.063  2814  2867 D Communication:EventManager.getMiddleCrashInfo(Line:441): result is {"dataLimit":3,"switchStatus":1,"recoderStatus":1,"alertStatus":1,"uploadStatus":1}
10-22 13:05:23.065  2814  2867 D Communication:CloudAidlService$MyBinder.getData(Line:303): type==BigCrashInfo,userId==test123
10-22 13:05:23.065  2814  2867 D Communication:EventManager.getBigCrashInfo(Line:513): userid==test123
10-22 13:05:23.067  2814  2867 D Communication:EventManager.getBigCrashInfo(Line:529): result is {"dataLimit":5,"switchStatus":1,"recoderStatus":1,"alertStatus":1,"uploadStatus":1}
10-22 13:05:23.069  2814  3657 D Communication:CloudAidlService$MyBinder.getData(Line:303): type==LowSpeedTurnInfo,userId==test123
10-22 13:05:23.069   544  3445 E mm-camera: <STATS_AEC ><ERROR> 2253: aec_process_calc_current_hist_metered_luma: error: out of range, exit
10-22 13:05:23.069  2814  3657 D Communication:EventManager.getLowSpeedTurnInfo(Line:534): userid==test123
10-22 13:05:23.070  2814  3657 D Communication:EventManager.getLowSpeedTurnInfo(Line:550): result is {"dataLimit":1.25,"switchStatus":0,"recoderStatus":0,"alertStatus":1,"uploadStatus":0}
10-22 13:05:23.124   544  3412 E mm-camera: <STATS_AEC ><ERROR> 2253: aec_process_calc_current_hist_metered_luma: error: out of range, exit
10-22 13:05:23.140   544  3445 E mm-camera: <STATS_AEC ><ERROR> 2253: aec_process_calc_current_hist_metered_luma: error: out of range, exit
10-22 13:05:23.197   544  3412 E mm-camera: <STATS_AEC ><ERROR> 2253: aec_process_calc_current_hist_metered_luma: error: out of range, exit
10-22 13:05:23.213   544  3445 E mm-camera: <STATS_AEC ><ERROR> 2253: aec_process_calc_current_hist_metered_luma: error: out of range, exit
10-22 13:05:23.269   544  3412 E mm-camera: <STATS_AEC ><ERROR> 2253: aec_process_calc_current_hist_metered_luma: error: out of range, exit
10-22 13:05:23.285   544  3445 E mm-camera: <STATS_AEC ><ERROR> 2253: aec_process_calc_current_hist_metered_luma: error: out of range, exit
10-22 13:05:23.342   544  3412 E mm-camera: <STATS_AEC ><ERROR> 2253: aec_process_calc_current_hist_metered_luma: error: out of range, exit
10-22 13:05:23.358   544  3445 E mm-camera: <STATS_AEC ><ERROR> 2253: aec_process_calc_current_hist_metered_luma: error: out of range, exit
10-22 13:05:23.413   544  3412 E mm-camera: <STATS_AEC ><ERROR> 2253: aec_process_calc_current_hist_metered_luma: error: out of range, exit
10-22 13:05:23.430   544  3445 E mm-camera: <STATS_AEC ><ERROR> 2253: aec_process_calc_current_hist_metered_luma: error: out of range, exit
10-22 13:05:23.486   544  3412 E mm-camera: <STATS_AEC ><ERROR> 2253: aec_process_calc_current_hist_metered_luma: error: out of range, exit
10-22 13:05:23.504   544  3445 E mm-camera: <STATS_AEC ><ERROR> 2253: aec_process_calc_current_hist_metered_luma: error: out of range, exit
10-22 13:05:23.558   544  3412 E mm-camera: <STATS_AEC ><ERROR> 2253: aec_process_calc_current_hist_metered_luma: error: out of range, exit
10-22 13:05:23.575   544  3445 E mm-camera: <STATS_AEC ><ERROR> 2253: aec_process_calc_current_hist_metered_luma: error: out of range, exit
10-22 13:05:23.632   544  3412 E mm-camera: <STATS_AEC ><ERROR> 2253: aec_process_calc_current_hist_metered_luma: error: out of range, exit
10-22 13:05:23.648   544  3445 E mm-camera: <STATS_AEC ><ERROR> 2253: aec_process_calc_current_hist_metered_luma: error: out of range, exit
10-22 13:05:23.704   544  3412 E mm-camera: <STATS_AEC ><ERROR> 2253: aec_process_calc_current_hist_metered_luma: error: out of range, exit
10-22 13:05:23.721   544  3445 E mm-camera: <STATS_AEC ><ERROR> 2253: aec_process_calc_current_hist_metered_luma: error: out of range, exit
10-22 13:05:23.776   544  3412 E mm-camera: <STATS_AEC ><ERROR> 2253: aec_process_calc_current_hist_metered_luma: error: out of range, exit
10-22 13:05:23.794   544  3445 E mm-camera: <STATS_AEC ><ERROR> 2253: aec_process_calc_current_hist_metered_luma: error: out of range, exit
10-22 13:05:23.849   544  3412 E mm-camera: <STATS_AEC ><ERROR> 2253: aec_process_calc_current_hist_metered_luma: error: out of range, exit
10-22 13:05:23.867   544  3445 E mm-camera: <STATS_AEC ><ERROR> 2253: aec_process_calc_current_hist_metered_luma: error: out of range, exit
10-22 13:05:23.921   544  3412 E mm-camera: <STATS_AEC ><ERROR> 2253: aec_process_calc_current_hist_metered_luma: error: out of range, exit
10-22 13:05:23.939   544  3445 E mm-camera: <STATS_AEC ><ERROR> 2253: aec_process_calc_current_hist_metered_luma: error: out of range, exit
10-22 13:05:23.994   544  3412 E mm-camera: <STATS_AEC ><ERROR> 2253: aec_process_calc_current_hist_metered_luma: error: out of range, exit
10-22 13:05:24.011   544  3445 E mm-camera: <STATS_AEC ><ERROR> 2253: aec_process_calc_current_hist_metered_luma: error: out of range, exit
10-22 13:05:24.055   564  2154 I LocSvc_ApiV02: <--- globalEventCb line 124 QMI_LOC_EVENT_GNSS_SV_INFO_IND_V02
10-22 13:05:24.055   564  2154 I LocSvc_ApiV02: <--- globalEventCb line 124 QMI_LOC_EVENT_POSITION_REPORT_IND_V02
10-22 13:05:24.056  1520  2579 I GnssLocationProvider: WakeLock acquired by sendMessage(REPORT_SV_STATUS, 0, com.android.server.location.GnssLocationProvider$SvStatusInfo@75f4c)
10-22 13:05:24.057  1520  1569 I GnssLocationProvider: WakeLock released by handleMessage(REPORT_SV_STATUS, 0, com.android.server.location.GnssLocationProvider$SvStatusInfo@75f4c)
10-22 13:05:24.059  2694  2694 I GpsHelper: ===gpsSignalStrength===0
10-22 13:05:24.059  2694  2694 D CameraRecordFragment: onMessageEvent code =2,data = 0
10-22 13:05:24.059  2694  2694 D EventManager: checkDrivingSupportAlertSettingOnOff, eventType=109 off
10-22 13:05:24.060  2694  2694 I GPSStatusManager:  gpsStatusListener GPS_EVENT_SATELLITE_STATUS.-> mGpsUsedInFix : 0
10-22 13:05:24.067   544  3412 E mm-camera: <STATS_AEC ><ERROR> 2253: aec_process_calc_current_hist_metered_luma: error: out of range, exit
10-22 13:05:24.087   544  3445 E mm-camera: <STATS_AEC ><ERROR> 2253: aec_process_calc_current_hist_metered_luma: error: out of range, exit
10-22 13:05:24.139   544  3412 E mm-camera: <STATS_AEC ><ERROR> 2253: aec_process_calc_current_hist_metered_luma: error: out of range, exit
10-22 13:05:24.157   544  3445 E mm-camera: <STATS_AEC ><ERROR> 2253: aec_process_calc_current_hist_metered_luma: error: out of range, exit
10-22 13:05:24.212   544  3412 E mm-camera: <STATS_AEC ><ERROR> 2253: aec_process_calc_current_hist_metered_luma: error: out of range, exit
10-22 13:05:24.230   544  3445 E mm-camera: <STATS_AEC ><ERROR> 2253: aec_process_calc_current_hist_metered_luma: error: out of range, exit
10-22 13:05:24.284   544  3412 E mm-camera: <STATS_AEC ><ERROR> 2253: aec_process_calc_current_hist_metered_luma: error: out of range, exit
10-22 13:05:24.303   544  3445 E mm-camera: <STATS_AEC ><ERROR> 2253: aec_process_calc_current_hist_metered_luma: error: out of range, exit
10-22 13:05:24.356   544  3412 E mm-camera: <STATS_AEC ><ERROR> 2253: aec_process_calc_current_hist_metered_luma: error: out of range, exit
10-22 13:05:24.375   544  3445 E mm-camera: <STATS_AEC ><ERROR> 2253: aec_process_calc_current_hist_metered_luma: error: out of range, exit
10-22 13:05:24.429   544  3412 E mm-camera: <STATS_AEC ><ERROR> 2253: aec_process_calc_current_hist_metered_luma: error: out of range, exit
10-22 13:05:24.448   544  3445 E mm-camera: <STATS_AEC ><ERROR> 2253: aec_process_calc_current_hist_metered_luma: error: out of range, exit
10-22 13:05:24.501   544  3412 E mm-camera: <STATS_AEC ><ERROR> 2253: aec_process_calc_current_hist_metered_luma: error: out of range, exit
10-22 13:05:24.521   544  3445 E mm-camera: <STATS_AEC ><ERROR> 2253: aec_process_calc_current_hist_metered_luma: error: out of range, exit
10-22 13:05:24.574   544  3412 E mm-camera: <STATS_AEC ><ERROR> 2253: aec_process_calc_current_hist_metered_luma: error: out of range, exit
10-22 13:05:24.593   544  3445 E mm-camera: <STATS_AEC ><ERROR> 2253: aec_process_calc_current_hist_metered_luma: error: out of range, exit
10-22 13:05:24.647   544  3412 E mm-camera: <STATS_AEC ><ERROR> 2253: aec_process_calc_current_hist_metered_luma: error: out of range, exit
10-22 13:05:24.666   544  3445 E mm-camera: <STATS_AEC ><ERROR> 2253: aec_process_calc_current_hist_metered_luma: error: out of range, exit
10-22 13:05:24.719   544  3412 E mm-camera: <STATS_AEC ><ERROR> 2253: aec_process_calc_current_hist_metered_luma: error: out of range, exit
10-22 13:05:24.738   544  3445 E mm-camera: <STATS_AEC ><ERROR> 2253: aec_process_calc_current_hist_metered_luma: error: out of range, exit
10-22 13:05:24.791   544  3412 E mm-camera: <STATS_AEC ><ERROR> 2253: aec_process_calc_current_hist_metered_luma: error: out of range, exit
10-22 13:05:24.811   544  3445 E mm-camera: <STATS_AEC ><ERROR> 2253: aec_process_calc_current_hist_metered_luma: error: out of range, exit
10-22 13:05:24.863   544  3412 E mm-camera: <STATS_AEC ><ERROR> 2253: aec_process_calc_current_hist_metered_luma: error: out of range, exit
10-22 13:05:24.884   544  3445 E mm-camera: <STATS_AEC ><ERROR> 2253: aec_process_calc_current_hist_metered_luma: error: out of range, exit
10-22 13:05:24.938   544  3412 E mm-camera: <STATS_AEC ><ERROR> 2253: aec_process_calc_current_hist_metered_luma: error: out of range, exit
10-22 13:05:24.958   544  3445 E mm-camera: <STATS_AEC ><ERROR> 2253: aec_process_calc_current_hist_metered_luma: error: out of range, exit
10-22 13:05:25.009   544  3412 E mm-camera: <STATS_AEC ><ERROR> 2253: aec_process_calc_current_hist_metered_luma: error: out of range, exit
10-22 13:05:25.029   544  3445 E mm-camera: <STATS_AEC ><ERROR> 2253: aec_process_calc_current_hist_metered_luma: error: out of range, exit
10-22 13:05:25.053   564  2154 I LocSvc_ApiV02: <--- globalEventCb line 124 QMI_LOC_EVENT_GNSS_SV_INFO_IND_V02
10-22 13:05:25.053   564  2154 I LocSvc_ApiV02: <--- globalEventCb line 124 QMI_LOC_EVENT_POSITION_REPORT_IND_V02
10-22 13:05:25.054  1520  2579 I GnssLocationProvider: WakeLock acquired by sendMessage(REPORT_SV_STATUS, 0, com.android.server.location.GnssLocationProvider$SvStatusInfo@2f4eb95)
10-22 13:05:25.054  1520  1569 I GnssLocationProvider: WakeLock released by handleMessage(REPORT_SV_STATUS, 0, com.android.server.location.GnssLocationProvider$SvStatusInfo@2f4eb95)
10-22 13:05:25.059  2694  2694 I GpsHelper: ===gpsSignalStrength===0
10-22 13:05:25.059  2694  2694 D CameraRecordFragment: onMessageEvent code =2,data = 0
10-22 13:05:25.059  2694  2694 D EventManager: checkDrivingSupportAlertSettingOnOff, eventType=109 off
10-22 13:05:25.060  2694  2694 I GPSStatusManager:  gpsStatusListener GPS_EVENT_SATELLITE_STATUS.-> mGpsUsedInFix : 0
10-22 13:05:25.081   544  3412 E mm-camera: <STATS_AEC ><ERROR> 2253: aec_process_calc_current_hist_metered_luma: error: out of range, exit
10-22 13:05:25.102   544  3445 E mm-camera: <STATS_AEC ><ERROR> 2253: aec_process_calc_current_hist_metered_luma: error: out of range, exit
10-22 13:05:25.154   544  3412 E mm-camera: <STATS_AEC ><ERROR> 2253: aec_process_calc_current_hist_metered_luma: error: out of range, exit
10-22 13:05:25.175   544  3445 E mm-camera: <STATS_AEC ><ERROR> 2253: aec_process_calc_current_hist_metered_luma: error: out of range, exit
10-22 13:05:25.227   544  3412 E mm-camera: <STATS_AEC ><ERROR> 2253: aec_process_calc_current_hist_metered_luma: error: out of range, exit
10-22 13:05:25.247   544  3445 E mm-camera: <STATS_AEC ><ERROR> 2253: aec_process_calc_current_hist_metered_luma: error: out of range, exit
10-22 13:05:25.299   544  3412 E mm-camera: <STATS_AEC ><ERROR> 2253: aec_process_calc_current_hist_metered_luma: error: out of range, exit
10-22 13:05:25.320   544  3445 E mm-camera: <STATS_AEC ><ERROR> 2253: aec_process_calc_current_hist_metered_luma: error: out of range, exit
10-22 13:05:25.371   544  3412 E mm-camera: <STATS_AEC ><ERROR> 2253: aec_process_calc_current_hist_metered_luma: error: out of range, exit
10-22 13:05:25.392   544  3445 E mm-camera: <STATS_AEC ><ERROR> 2253: aec_process_calc_current_hist_metered_luma: error: out of range, exit
10-22 13:05:25.444   544  3412 E mm-camera: <STATS_AEC ><ERROR> 2253: aec_process_calc_current_hist_metered_luma: error: out of range, exit
10-22 13:05:25.465   544  3445 E mm-camera: <STATS_AEC ><ERROR> 2253: aec_process_calc_current_hist_metered_luma: error: out of range, exit
10-22 13:05:25.516   544  3412 E mm-camera: <STATS_AEC ><ERROR> 2253: aec_process_calc_current_hist_metered_luma: error: out of range, exit
10-22 13:05:25.538   544  3445 E mm-camera: <STATS_AEC ><ERROR> 2253: aec_process_calc_current_hist_metered_luma: error: out of range, exit
10-22 13:05:25.590   544  3412 E mm-camera: <STATS_AEC ><ERROR> 2253: aec_process_calc_current_hist_metered_luma: error: out of range, exit
10-22 13:05:25.610   544  3445 E mm-camera: <STATS_AEC ><ERROR> 2253: aec_process_calc_current_hist_metered_luma: error: out of range, exit
10-22 13:05:25.662   544  3412 E mm-camera: <STATS_AEC ><ERROR> 2253: aec_process_calc_current_hist_metered_luma: error: out of range, exit
10-22 13:05:25.683   544  3445 E mm-camera: <STATS_AEC ><ERROR> 2253: aec_process_calc_current_hist_metered_luma: error: out of range, exit
10-22 13:05:25.734   544  3412 E mm-camera: <STATS_AEC ><ERROR> 2253: aec_process_calc_current_hist_metered_luma: error: out of range, exit
10-22 13:05:25.756   544  3445 E mm-camera: <STATS_AEC ><ERROR> 2253: aec_process_calc_current_hist_metered_luma: error: out of range, exit
10-22 13:05:25.770  2238  2893 D ---WebRTCService: isMQTTConnected=falsedevice_id=51286E66576DBDD952200BE5E9C1F59E07EEA94A
10-22 13:05:25.807   544  3412 E mm-camera: <STATS_AEC ><ERROR> 2253: aec_process_calc_current_hist_metered_luma: error: out of range, exit
10-22 13:05:25.829   544  3445 E mm-camera: <STATS_AEC ><ERROR> 2253: aec_process_calc_current_hist_metered_luma: error: out of range, exit
10-22 13:05:25.878   544  3412 E mm-camera: <STATS_AEC ><ERROR> 2253: aec_process_calc_current_hist_metered_luma: error: out of range, exit
10-22 13:05:25.901   544  3445 E mm-camera: <STATS_AEC ><ERROR> 2253: aec_process_calc_current_hist_metered_luma: error: out of range, exit
10-22 13:05:25.952   544  3412 E mm-camera: <STATS_AEC ><ERROR> 2253: aec_process_calc_current_hist_metered_luma: error: out of range, exit
10-22 13:05:25.974   544  3445 E mm-camera: <STATS_AEC ><ERROR> 2253: aec_process_calc_current_hist_metered_luma: error: out of range, exit
10-22 13:05:26.025   544  3412 E mm-camera: <STATS_AEC ><ERROR> 2253: aec_process_calc_current_hist_metered_luma: error: out of range, exit
10-22 13:05:26.047   544  3445 E mm-camera: <STATS_AEC ><ERROR> 2253: aec_process_calc_current_hist_metered_luma: error: out of range, exit
10-22 13:05:26.054   564  2154 I LocSvc_ApiV02: <--- globalEventCb line 124 QMI_LOC_EVENT_GNSS_SV_INFO_IND_V02
10-22 13:05:26.055   564  2154 I LocSvc_ApiV02: <--- globalEventCb line 124 QMI_LOC_EVENT_POSITION_REPORT_IND_V02
10-22 13:05:26.057  1520  2579 I GnssLocationProvider: WakeLock acquired by sendMessage(REPORT_SV_STATUS, 0, com.android.server.location.GnssLocationProvider$SvStatusInfo@c4de4aa)
10-22 13:05:26.058  1520  1569 I GnssLocationProvider: WakeLock released by handleMessage(REPORT_SV_STATUS, 0, com.android.server.location.GnssLocationProvider$SvStatusInfo@c4de4aa)
10-22 13:05:26.061  2694  2694 I GpsHelper: ===gpsSignalStrength===0
10-22 13:05:26.061  2694  2694 D CameraRecordFragment: onMessageEvent code =2,data = 0
10-22 13:05:26.062  2694  2694 D EventManager: checkDrivingSupportAlertSettingOnOff, eventType=109 off
10-22 13:05:26.063  2694  2694 I GPSStatusManager:  gpsStatusListener GPS_EVENT_SATELLITE_STATUS.-> mGpsUsedInFix : 0
10-22 13:05:26.096   544  3412 E mm-camera: <STATS_AEC ><ERROR> 2253: aec_process_calc_current_hist_metered_luma: error: out of range, exit
10-22 13:05:26.120   544  3445 E mm-camera: <STATS_AEC ><ERROR> 2253: aec_process_calc_current_hist_metered_luma: error: out of range, exit
10-22 13:05:26.169   544  3412 E mm-camera: <STATS_AEC ><ERROR> 2253: aec_process_calc_current_hist_metered_luma: error: out of range, exit
10-22 13:05:26.193   544  3445 E mm-camera: <STATS_AEC ><ERROR> 2253: aec_process_calc_current_hist_metered_luma: error: out of range, exit
10-22 13:05:26.242   544  3412 E mm-camera: <STATS_AEC ><ERROR> 2253: aec_process_calc_current_hist_metered_luma: error: out of range, exit
10-22 13:05:26.265   544  3445 E mm-camera: <STATS_AEC ><ERROR> 2253: aec_process_calc_current_hist_metered_luma: error: out of range, exit
10-22 13:05:26.314   544  3412 E mm-camera: <STATS_AEC ><ERROR> 2253: aec_process_calc_current_hist_metered_luma: error: out of range, exit
10-22 13:05:26.339   544  3445 E mm-camera: <STATS_AEC ><ERROR> 2253: aec_process_calc_current_hist_metered_luma: error: out of range, exit
10-22 13:05:26.387   544  3412 E mm-camera: <STATS_AEC ><ERROR> 2253: aec_process_calc_current_hist_metered_luma: error: out of range, exit
10-22 13:05:26.410   544  3445 E mm-camera: <STATS_AEC ><ERROR> 2253: aec_process_calc_current_hist_metered_luma: error: out of range, exit
10-22 13:05:26.459   544  3412 E mm-camera: <STATS_AEC ><ERROR> 2253: aec_process_calc_current_hist_metered_luma: error: out of range, exit
10-22 13:05:26.482   544  3445 E mm-camera: <STATS_AEC ><ERROR> 2253: aec_process_calc_current_hist_metered_luma: error: out of range, exit
10-22 13:05:26.531   544  3412 E mm-camera: <STATS_AEC ><ERROR> 2253: aec_process_calc_current_hist_metered_luma: error: out of range, exit
10-22 13:05:26.556   544  3445 E mm-camera: <STATS_AEC ><ERROR> 2253: aec_process_calc_current_hist_metered_luma: error: out of range, exit
10-22 13:05:26.603   544  3412 E mm-camera: <STATS_AEC ><ERROR> 2253: aec_process_calc_current_hist_metered_luma: error: out of range, exit
10-22 13:05:26.628   544  3445 E mm-camera: <STATS_AEC ><ERROR> 2253: aec_process_calc_current_hist_metered_luma: error: out of range, exit
10-22 13:05:26.676   544  3412 E mm-camera: <STATS_AEC ><ERROR> 2253: aec_process_calc_current_hist_metered_luma: error: out of range, exit
10-22 13:05:26.700   544  3445 E mm-camera: <STATS_AEC ><ERROR> 2253: aec_process_calc_current_hist_metered_luma: error: out of range, exit
10-22 13:05:26.748   544  3412 E mm-camera: <STATS_AEC ><ERROR> 2253: aec_process_calc_current_hist_metered_luma: error: out of range, exit
10-22 13:05:26.774   544  3445 E mm-camera: <STATS_AEC ><ERROR> 2253: aec_process_calc_current_hist_metered_luma: error: out of range, exit
10-22 13:05:26.822   544  3412 E mm-camera: <STATS_AEC ><ERROR> 2253: aec_process_calc_current_hist_metered_luma: error: out of range, exit
10-22 13:05:26.846   544  3445 E mm-camera: <STATS_AEC ><ERROR> 2253: aec_process_calc_current_hist_metered_luma: error: out of range, exit
10-22 13:05:26.894   544  3412 E mm-camera: <STATS_AEC ><ERROR> 2253: aec_process_calc_current_hist_metered_luma: error: out of range, exit
10-22 13:05:26.919   544  3445 E mm-camera: <STATS_AEC ><ERROR> 2253: aec_process_calc_current_hist_metered_luma: error: out of range, exit
10-22 13:05:26.967   544  3412 E mm-camera: <STATS_AEC ><ERROR> 2253: aec_process_calc_current_hist_metered_luma: error: out of range, exit
10-22 13:05:26.992   544  3445 E mm-camera: <STATS_AEC ><ERROR> 2253: aec_process_calc_current_hist_metered_luma: error: out of range, exit
10-22 13:05:27.039   544  3412 E mm-camera: <STATS_AEC ><ERROR> 2253: aec_process_calc_current_hist_metered_luma: error: out of range, exit
10-22 13:05:27.053   564  2154 I LocSvc_ApiV02: <--- globalEventCb line 124 QMI_LOC_EVENT_GNSS_SV_INFO_IND_V02
10-22 13:05:27.054  1520  2579 I GnssLocationProvider: WakeLock acquired by sendMessage(REPORT_SV_STATUS, 0, com.android.server.location.GnssLocationProvider$SvStatusInfo@e52589b)
10-22 13:05:27.054  1520  1569 I GnssLocationProvider: WakeLock released by handleMessage(REPORT_SV_STATUS, 0, com.android.server.location.GnssLocationProvider$SvStatusInfo@e52589b)
10-22 13:05:27.055   564  2154 I LocSvc_ApiV02: <--- globalEventCb line 124 QMI_LOC_EVENT_POSITION_REPORT_IND_V02
10-22 13:05:27.056  2694  2694 I GpsHelper: ===gpsSignalStrength===0
10-22 13:05:27.057  2694  2694 D CameraRecordFragment: onMessageEvent code =2,data = 0
10-22 13:05:27.057  2694  2694 D EventManager: checkDrivingSupportAlertSettingOnOff, eventType=109 off
10-22 13:05:27.058  2694  2694 I GPSStatusManager:  gpsStatusListener GPS_EVENT_SATELLITE_STATUS.-> mGpsUsedInFix : 0
10-22 13:05:27.065   544  3445 E mm-camera: <STATS_AEC ><ERROR> 2253: aec_process_calc_current_hist_metered_luma: error: out of range, exit
10-22 13:05:27.111   544  3412 E mm-camera: <STATS_AEC ><ERROR> 2253: aec_process_calc_current_hist_metered_luma: error: out of range, exit
10-22 13:05:27.137   544  3445 E mm-camera: <STATS_AEC ><ERROR> 2253: aec_process_calc_current_hist_metered_luma: error: out of range, exit
10-22 13:05:27.184   544  3412 E mm-camera: <STATS_AEC ><ERROR> 2253: aec_process_calc_current_hist_metered_luma: error: out of range, exit
10-22 13:05:27.211   544  3445 E mm-camera: <STATS_AEC ><ERROR> 2253: aec_process_calc_current_hist_metered_luma: error: out of range, exit
10-22 13:05:27.256   544  3412 E mm-camera: <STATS_AEC ><ERROR> 2253: aec_process_calc_current_hist_metered_luma: error: out of range, exit
10-22 13:05:27.282   544  3445 E mm-camera: <STATS_AEC ><ERROR> 2253: aec_process_calc_current_hist_metered_luma: error: out of range, exit
10-22 13:05:27.329   544  3412 E mm-camera: <STATS_AEC ><ERROR> 2253: aec_process_calc_current_hist_metered_luma: error: out of range, exit
10-22 13:05:27.355   544  3445 E mm-camera: <STATS_AEC ><ERROR> 2253: aec_process_calc_current_hist_metered_luma: error: out of range, exit
10-22 13:05:27.401   544  3412 E mm-camera: <STATS_AEC ><ERROR> 2253: aec_process_calc_current_hist_metered_luma: error: out of range, exit
10-22 13:05:27.428   544  3445 E mm-camera: <STATS_AEC ><ERROR> 2253: aec_process_calc_current_hist_metered_luma: error: out of range, exit
10-22 13:05:27.474   544  3412 E mm-camera: <STATS_AEC ><ERROR> 2253: aec_process_calc_current_hist_metered_luma: error: out of range, exit
10-22 13:05:27.500   544  3445 E mm-camera: <STATS_AEC ><ERROR> 2253: aec_process_calc_current_hist_metered_luma: error: out of range, exit
10-22 13:05:27.546   544  3412 E mm-camera: <STATS_AEC ><ERROR> 2253: aec_process_calc_current_hist_metered_luma: error: out of range, exit
10-22 13:05:27.574   544  3445 E mm-camera: <STATS_AEC ><ERROR> 2253: aec_process_calc_current_hist_metered_luma: error: out of range, exit
10-22 13:05:27.620   544  3412 E mm-camera: <STATS_AEC ><ERROR> 2253: aec_process_calc_current_hist_metered_luma: error: out of range, exit
10-22 13:05:27.645   544  3445 E mm-camera: <STATS_AEC ><ERROR> 2253: aec_process_calc_current_hist_metered_luma: error: out of range, exit
10-22 13:05:27.659  2814  3657 D Communication:CloudAidlService$MyBinder.getData(Line:303): type==SummaryForDevice,userId==test
10-22 13:05:27.660  2814  3657 D Communication:LTEManager.getSummaryForDevice(Line:35): getSummaryForDevice
10-22 13:05:27.660  2814  3657 D Communication:TrafficStatisticManager.getSummaryForDevice(Line:47): getSummaryForDevice...
10-22 13:05:27.661  2814  3657 D Communication:TrafficStatisticManager.getSummaryForDevice(Line:49): resetTime==0
10-22 13:05:27.661  2814  3657 D Communication:TrafficStatisticManager.getUsageSummary(Line:58): getUsageSummary: startTime: 0, endTime: 1571749527661
10-22 13:05:27.670  1520  1800 W BestClock: java.time.DateTimeException: Missing NTP fix
10-22 13:05:27.683  1520  1800 W BestClock: java.time.DateTimeException: Missing NTP fix
10-22 13:05:27.687  1520  1765 W BestClock: java.time.DateTimeException: Missing NTP fix
10-22 13:05:27.688  2184  2210 E PhoneInterfaceManager: [PhoneIntfMgr] checkCarrierPrivilegesForPackage: No UICC
10-22 13:05:27.693  2814  3657 D Communication:TrafficStatisticManager.getUsageSummary(Line:74): getUsageSummary: totalBytes: 0, summary: 0.00B
10-22 13:05:27.693  2814  3657 D Communication:TrafficStatisticManager.getUsageSummary(Line:81): getSummaryForDevice: summary=0.00B
10-22 13:05:27.693   544  3412 E mm-camera: <STATS_AEC ><ERROR> 2253: aec_process_calc_current_hist_metered_luma: error: out of range, exit
10-22 13:05:27.694  2814  3657 D Communication:TrafficStatisticManager.getSummaryForDevice(Line:52): summaryTotal==0.00B
10-22 13:05:27.695  2814  2867 D Communication:CloudAidlService$MyBinder.getData(Line:303): type==CpuTemp,userId==test
