10-22 13:05:27.696  2814  2867 D Communication:CloudAidlService$MyBinder.getCpuTemp(Line:470): getCpuTemp
10-22 13:05:27.701  2814  2867 D Communication:CloudAidlService$MyBinder.getCpuTemp(Line:474): CpuTemp==51200
10-22 13:05:27.703  2814  3657 D Communication:CloudAidlService$MyBinder.getData(Line:303): type==Latitude,userId==test
10-22 13:05:27.703  2814  3657 D Communication:CloudAidlService$MyBinder.getLatitude(Line:430): getLatitude
10-22 13:05:27.704  2814  3657 D Communication:DeviceReportManager.getInstance(Line:26): getInstance...
10-22 13:05:27.704  2814  3657 D Communication:DeviceReportManager.getLatitude(Line:96): getLatitude
10-22 13:05:27.705  2694  3867 D DeviceReportService: getGpsLatitude...
10-22 13:05:27.705  2694  3867 D DeviceReportService: loc==null
10-22 13:05:27.705  2694  3867 E DeviceReportService: location is null and 0 will be return
10-22 13:05:27.707  2814  2867 D Communication:CloudAidlService$MyBinder.getData(Line:303): type==Altitude,userId==test
10-22 13:05:27.707  2814  2867 D Communication:CloudAidlService$MyBinder.getAltitude(Line:440): getAltitude
10-22 13:05:27.707  2814  2867 D Communication:DeviceReportManager.getInstance(Line:26): getInstance...
10-22 13:05:27.707  2814  2867 D Communication:DeviceReportManager.getAltitude(Line:115): getAltitude
10-22 13:05:27.708  2694  3867 D DeviceReportService: getGpsAltitude...
10-22 13:05:27.708  2694  3867 D DeviceReportService: loc==null
10-22 13:05:27.708  2694  3867 E DeviceReportService: location is null and 0 will be return
10-22 13:05:27.710  2814  2867 D Communication:CloudAidlService$MyBinder.getData(Line:303): type==Longitude,userId==test
10-22 13:05:27.710  2814  2867 D Communication:CloudAidlService$MyBinder.getLongitude(Line:420): getLongitude
10-22 13:05:27.711  2814  2867 D Communication:DeviceReportManager.getInstance(Line:26): getInstance...
10-22 13:05:27.711  2814  2867 D Communication:DeviceReportManager.getLongitude(Line:77): getLongitude
10-22 13:05:27.711  2694  3867 D DeviceReportService: getGpsLongitude...
10-22 13:05:27.711  2694  3867 D DeviceReportService: loc==null
10-22 13:05:27.712  2694  3867 E DeviceReportService: location is null and 0 will be return
10-22 13:05:27.713  2814  3657 D Communication:CloudAidlService$MyBinder.getData(Line:303): type==Speed,userId==test
10-22 13:05:27.713  2814  3657 D Communication:CloudAidlService$MyBinder.getSpeed(Line:450): getSpeed
10-22 13:05:27.713  2814  3657 D Communication:DeviceReportManager.getInstance(Line:26): getInstance...
10-22 13:05:27.713  2814  3657 D Communication:DeviceReportManager.getSpeed(Line:134): getSpeed
10-22 13:05:27.716  2814  2867 D Communication:CloudAidlService$MyBinder.getData(Line:303): type==GpsUsedInFix,userId==test
10-22 13:05:27.716  2814  2867 D Communication:CloudAidlService$MyBinder.getGpsUsedInFix(Line:460): getGpsUsedInFix
10-22 13:05:27.717  2814  2867 D Communication:DeviceReportManager.getInstance(Line:26): getInstance...
10-22 13:05:27.717  2814  2867 D Communication:DeviceReportManager.getGpsSatellites(Line:153): getGpsSatellites
10-22 13:05:27.718  2694  3867 D DeviceReportService: getGpsSatellites...
10-22 13:05:27.718  2694  3867 D DeviceReportService: gpsStatusList.size ==17
10-22 13:05:27.719   544  3445 E mm-camera: <STATS_AEC ><ERROR> 2253: aec_process_calc_current_hist_metered_luma: error: out of range, exit
10-22 13:05:27.722  2814  3657 D Communication:CloudAidlService$MyBinder.getData(Line:303): type==WifiSw,userId==test
10-22 13:05:27.725  2814  3657 D Communication:WifiStatusManager.getWifiSw(Line:140): userId==test
10-22 13:05:27.727  2814  2867 D Communication:CloudAidlService$MyBinder.getData(Line:303): type==HotsoptSw,userId==test
10-22 13:05:27.727  2814  2867 D Communication:CloudAidlService$MyBinder.getHotspotSw(Line:666): userId==test
10-22 13:05:27.730  2814  3657 D Communication:CloudAidlService$MyBinder.getData(Line:303): type==HotsoptINFO,userId==test
10-22 13:05:27.730  2814  3657 D Communication:CloudAidlService$MyBinder.getHotspotInfo(Line:621): userId==test
10-22 13:05:27.731  1520  1800 I WifiService: getWifiApConfiguration uid=1000
10-22 13:05:27.734  2814  3657 D Communication:CloudAidlService$MyBinder.getHotspotInfo(Line:634): encrypted ,result is {"ssid":"NTTBP_DVR","hiddenSSID":"0","password":"b715effb7b6a","encrypt":"WPA2_PSK"}
10-22 13:05:27.764   544  3412 E mm-camera: <STATS_AEC ><ERROR> 2253: aec_process_calc_current_hist_metered_luma: error: out of range, exit
10-22 13:05:27.791   544  3445 E mm-camera: <STATS_AEC ><ERROR> 2253: aec_process_calc_current_hist_metered_luma: error: out of range, exit
10-22 13:05:27.836   544  3412 E mm-camera: <STATS_AEC ><ERROR> 2253: aec_process_calc_current_hist_metered_luma: error: out of range, exit
10-22 13:05:27.864   544  3445 E mm-camera: <STATS_AEC ><ERROR> 2253: aec_process_calc_current_hist_metered_luma: error: out of range, exit
10-22 13:05:27.909   544  3412 E mm-camera: <STATS_AEC ><ERROR> 2253: aec_process_calc_current_hist_metered_luma: error: out of range, exit
10-22 13:05:27.937   544  3445 E mm-camera: <STATS_AEC ><ERROR> 2253: aec_process_calc_current_hist_metered_luma: error: out of range, exit
10-22 13:05:27.981   544  3412 E mm-camera: <STATS_AEC ><ERROR> 2253: aec_process_calc_current_hist_metered_luma: error: out of range, exit
10-22 13:05:28.009   544  3445 E mm-camera: <STATS_AEC ><ERROR> 2253: aec_process_calc_current_hist_metered_luma: error: out of range, exit
10-22 13:05:28.054   544  3412 E mm-camera: <STATS_AEC ><ERROR> 2253: aec_process_calc_current_hist_metered_luma: error: out of range, exit
10-22 13:05:28.055   564  2154 I LocSvc_ApiV02: <--- globalEventCb line 124 QMI_LOC_EVENT_GNSS_SV_INFO_IND_V02
10-22 13:05:28.055   564  2154 I LocSvc_ApiV02: <--- globalEventCb line 124 QMI_LOC_EVENT_POSITION_REPORT_IND_V02
10-22 13:05:28.057  1520  2579 I GnssLocationProvider: WakeLock acquired by sendMessage(REPORT_SV_STATUS, 0, com.android.server.location.GnssLocationProvider$SvStatusInfo@2f12438)
10-22 13:05:28.058  1520  1569 I GnssLocationProvider: WakeLock released by handleMessage(REPORT_SV_STATUS, 0, com.android.server.location.GnssLocationProvider$SvStatusInfo@2f12438)
10-22 13:05:28.061  2694  2694 I GpsHelper: ===gpsSignalStrength===0
10-22 13:05:28.061  2694  2694 D CameraRecordFragment: onMessageEvent code =2,data = 0
10-22 13:05:28.062  2694  2694 D EventManager: checkDrivingSupportAlertSettingOnOff, eventType=109 off
10-22 13:05:28.063  2694  2694 I GPSStatusManager:  gpsStatusListener GPS_EVENT_SATELLITE_STATUS.-> mGpsUsedInFix : 0
10-22 13:05:28.082   544  3445 E mm-camera: <STATS_AEC ><ERROR> 2253: aec_process_calc_current_hist_metered_luma: error: out of range, exit
10-22 13:05:28.129   544  3412 E mm-camera: <STATS_AEC ><ERROR> 2253: aec_process_calc_current_hist_metered_luma: error: out of range, exit
10-22 13:05:28.154   544  3445 E mm-camera: <STATS_AEC ><ERROR> 2253: aec_process_calc_current_hist_metered_luma: error: out of range, exit
10-22 13:05:28.199   544  3412 E mm-camera: <STATS_AEC ><ERROR> 2253: aec_process_calc_current_hist_metered_luma: error: out of range, exit
10-22 13:05:28.229   544  3445 E mm-camera: <STATS_AEC ><ERROR> 2253: aec_process_calc_current_hist_metered_luma: error: out of range, exit
10-22 13:05:28.271   544  3412 E mm-camera: <STATS_AEC ><ERROR> 2253: aec_process_calc_current_hist_metered_luma: error: out of range, exit
10-22 13:05:28.299   544  3445 E mm-camera: <STATS_AEC ><ERROR> 2253: aec_process_calc_current_hist_metered_luma: error: out of range, exit
10-22 13:05:28.346   544  3412 E mm-camera: <STATS_AEC ><ERROR> 2253: aec_process_calc_current_hist_metered_luma: error: out of range, exit
10-22 13:05:28.372   544  3445 E mm-camera: <STATS_AEC ><ERROR> 2253: aec_process_calc_current_hist_metered_luma: error: out of range, exit
10-22 13:05:28.416   544  3412 E mm-camera: <STATS_AEC ><ERROR> 2253: aec_process_calc_current_hist_metered_luma: error: out of range, exit
10-22 13:05:28.444   544  3445 E mm-camera: <STATS_AEC ><ERROR> 2253: aec_process_calc_current_hist_metered_luma: error: out of range, exit
10-22 13:05:28.489   544  3412 E mm-camera: <STATS_AEC ><ERROR> 2253: aec_process_calc_current_hist_metered_luma: error: out of range, exit
10-22 13:05:28.517   544  3445 E mm-camera: <STATS_AEC ><ERROR> 2253: aec_process_calc_current_hist_metered_luma: error: out of range, exit
10-22 13:05:28.561   544  3412 E mm-camera: <STATS_AEC ><ERROR> 2253: aec_process_calc_current_hist_metered_luma: error: out of range, exit
10-22 13:05:28.590   544  3445 E mm-camera: <STATS_AEC ><ERROR> 2253: aec_process_calc_current_hist_metered_luma: error: out of range, exit
10-22 13:05:28.634   544  3412 E mm-camera: <STATS_AEC ><ERROR> 2253: aec_process_calc_current_hist_metered_luma: error: out of range, exit
10-22 13:05:28.663   544  3445 E mm-camera: <STATS_AEC ><ERROR> 2253: aec_process_calc_current_hist_metered_luma: error: out of range, exit
10-22 13:05:28.706   544  3412 E mm-camera: <STATS_AEC ><ERROR> 2253: aec_process_calc_current_hist_metered_luma: error: out of range, exit
10-22 13:05:28.735   544  3445 E mm-camera: <STATS_AEC ><ERROR> 2253: aec_process_calc_current_hist_metered_luma: error: out of range, exit
10-22 13:05:28.778   544  3412 E mm-camera: <STATS_AEC ><ERROR> 2253: aec_process_calc_current_hist_metered_luma: error: out of range, exit
10-22 13:05:28.807   544  3445 E mm-camera: <STATS_AEC ><ERROR> 2253: aec_process_calc_current_hist_metered_luma: error: out of range, exit
10-22 13:05:28.853   544  3412 E mm-camera: <STATS_AEC ><ERROR> 2253: aec_process_calc_current_hist_metered_luma: error: out of range, exit
10-22 13:05:28.881   544  3445 E mm-camera: <STATS_AEC ><ERROR> 2253: aec_process_calc_current_hist_metered_luma: error: out of range, exit
10-22 13:05:28.925   544  3412 E mm-camera: <STATS_AEC ><ERROR> 2253: aec_process_calc_current_hist_metered_luma: error: out of range, exit
10-22 13:05:28.953   544  3445 E mm-camera: <STATS_AEC ><ERROR> 2253: aec_process_calc_current_hist_metered_luma: error: out of range, exit
10-22 13:05:28.996   544  3412 E mm-camera: <STATS_AEC ><ERROR> 2253: aec_process_calc_current_hist_metered_luma: error: out of range, exit
10-22 13:05:29.026   544  3445 E mm-camera: <STATS_AEC ><ERROR> 2253: aec_process_calc_current_hist_metered_luma: error: out of range, exit
10-22 13:05:29.053   564  2154 I LocSvc_ApiV02: <--- globalEventCb line 124 QMI_LOC_EVENT_GNSS_SV_INFO_IND_V02
10-22 13:05:29.053   564  2154 I LocSvc_ApiV02: <--- globalEventCb line 124 QMI_LOC_EVENT_POSITION_REPORT_IND_V02
10-22 13:05:29.054  1520  2579 I GnssLocationProvider: WakeLock acquired by sendMessage(REPORT_SV_STATUS, 0, com.android.server.location.GnssLocationProvider$SvStatusInfo@505ac11)
10-22 13:05:29.054  1520  1569 I GnssLocationProvider: WakeLock released by handleMessage(REPORT_SV_STATUS, 0, com.android.server.location.GnssLocationProvider$SvStatusInfo@505ac11)
10-22 13:05:29.057  2694  2694 I GpsHelper: ===gpsSignalStrength===0
10-22 13:05:29.057  2694  2694 D CameraRecordFragment: onMessageEvent code =2,data = 0
10-22 13:05:29.057  2694  2694 D EventManager: checkDrivingSupportAlertSettingOnOff, eventType=109 off
10-22 13:05:29.058  2694  2694 I GPSStatusManager:  gpsStatusListener GPS_EVENT_SATELLITE_STATUS.-> mGpsUsedInFix : 0
10-22 13:05:29.069   544  3412 E mm-camera: <STATS_AEC ><ERROR> 2253: aec_process_calc_current_hist_metered_luma: error: out of range, exit
10-22 13:05:29.098   544  3445 E mm-camera: <STATS_AEC ><ERROR> 2253: aec_process_calc_current_hist_metered_luma: error: out of range, exit
10-22 13:05:29.126  2490  3194 D DpsActivating: activateToDps Network Connected
10-22 13:05:29.133  2490  3194 D ManageSharedData:: isExistDir:   savePath:  /storage/emulated/0/AzureDMC
10-22 13:05:29.136  2490  3194 W System.err: java.io.FileNotFoundException: /system/etc/Azure/Config/scopeConfig (No such file or directory)
10-22 13:05:29.136  2490  3194 W System.err: 	at java.io.FileInputStream.open0(Native Method)
10-22 13:05:29.136  2490  3194 W System.err: 	at java.io.FileInputStream.open(FileInputStream.java:231)
10-22 13:05:29.137  2490  3194 W System.err: 	at java.io.FileInputStream.<init>(FileInputStream.java:165)
10-22 13:05:29.137  2490  3194 W System.err: 	at java.io.FileInputStream.<init>(FileInputStream.java:112)
10-22 13:05:29.137  2490  3194 W System.err: 	at java.io.FileReader.<init>(FileReader.java:58)
10-22 13:05:29.137  2490  3194 W System.err: 	at com.askey.AzureDeviceManager.Common.ManageSystemFile.getConfigData(ManageSystemFile.java:55)
10-22 13:05:29.137  2490  3194 W System.err: 	at com.askey.AzureDeviceManager.DPSClient.DpsActivating.getScopeConfig(DpsActivating.java:96)
10-22 13:05:29.137  2490  3194 W System.err: 	at com.askey.AzureDeviceManager.DPSClient.DpsActivating.getToken(DpsActivating.java:120)
10-22 13:05:29.137  2490  3194 W System.err: 	at com.askey.AzureDeviceManager.DPSClient.DpsActivating.activateToDps(DpsActivating.java:250)
10-22 13:05:29.137  2490  3194 W System.err: 	at com.askey.AzureDeviceManager.DPSClient.DpsActivating.run(DpsActivating.java:77)
10-22 13:05:29.137  2490  3194 W System.err: 	at java.lang.Thread.run(Thread.java:764)
10-22 13:05:29.142   544  3412 E mm-camera: <STATS_AEC ><ERROR> 2253: aec_process_calc_current_hist_metered_luma: error: out of range, exit
10-22 13:05:29.147  2490  3194 D ManageSharedData:: isExistDir:   savePath:  /storage/emulated/0/AzureDMC
10-22 13:05:29.148  2490  3194 W System.err: org.json.JSONException: End of input at character 0 of 
10-22 13:05:29.149  2490  3194 W System.err: 	at org.json.JSONTokener.syntaxError(JSONTokener.java:449)
10-22 13:05:29.149  2490  3194 W System.err: 	at org.json.JSONTokener.nextValue(JSONTokener.java:97)
10-22 13:05:29.149  2490  3194 W System.err: 	at org.json.JSONObject.<init>(JSONObject.java:159)
10-22 13:05:29.149  2490  3194 W System.err: 	at org.json.JSONObject.<init>(JSONObject.java:176)
10-22 13:05:29.149  2490  3194 W System.err: 	at com.askey.AzureDeviceManager.DPSClient.DpsActivating.getScopeConfig(DpsActivating.java:98)
10-22 13:05:29.149  2490  3194 W System.err: 	at com.askey.AzureDeviceManager.DPSClient.DpsActivating.getToken(DpsActivating.java:120)
10-22 13:05:29.149  2490  3194 W System.err: 	at com.askey.AzureDeviceManager.DPSClient.DpsActivating.activateToDps(DpsActivating.java:250)
10-22 13:05:29.149  2490  3194 W System.err: 	at com.askey.AzureDeviceManager.DPSClient.DpsActivating.run(DpsActivating.java:77)
10-22 13:05:29.150  2490  3194 W System.err: 	at java.lang.Thread.run(Thread.java:764)
10-22 13:05:29.150  2490  3194 E DpsActivating: activateToDps: failed :
10-22 13:05:29.150  2490  3194 E DpsActivating: Attempt to invoke virtual method 'int java.lang.String.length()' on a null object reference
10-22 13:05:29.150  2490  3194 W System.err: java.lang.NullPointerException: Attempt to invoke virtual method 'int java.lang.String.length()' on a null object reference
10-22 13:05:29.151  2490  3194 W System.err: 	at okhttp3.HttpUrl.canonicalize(HttpUrl.java:1868)
10-22 13:05:29.151  2490  3194 W System.err: 	at okhttp3.FormBody$Builder.add(FormBody.java:110)
10-22 13:05:29.151  2490  3194 W System.err: 	at com.askey.AzureDeviceManager.DPSClient.DpsActivating.getToken(DpsActivating.java:124)
10-22 13:05:29.151  2490  3194 W System.err: 	at com.askey.AzureDeviceManager.DPSClient.DpsActivating.activateToDps(DpsActivating.java:250)
10-22 13:05:29.151  2490  3194 W System.err: 	at com.askey.AzureDeviceManager.DPSClient.DpsActivating.run(DpsActivating.java:77)
10-22 13:05:29.151  2490  3194 W System.err: 	at java.lang.Thread.run(Thread.java:764)
10-22 13:05:29.151  2490  3194 D DpsActivating: activateToDps reconnect3
10-22 13:05:29.160  2490  3194 D ManageSharedData:: isExistDir:   savePath:  /storage/emulated/0/AzureDMC
10-22 13:05:29.171   544  3445 E mm-camera: <STATS_AEC ><ERROR> 2253: aec_process_calc_current_hist_metered_luma: error: out of range, exit
10-22 13:05:29.214   544  3412 E mm-camera: <STATS_AEC ><ERROR> 2253: aec_process_calc_current_hist_metered_luma: error: out of range, exit
10-22 13:05:29.244   544  3445 E mm-camera: <STATS_AEC ><ERROR> 2253: aec_process_calc_current_hist_metered_luma: error: out of range, exit
10-22 13:05:29.287   544  3412 E mm-camera: <STATS_AEC ><ERROR> 2253: aec_process_calc_current_hist_metered_luma: error: out of range, exit
10-22 13:05:29.317   544  3445 E mm-camera: <STATS_AEC ><ERROR> 2253: aec_process_calc_current_hist_metered_luma: error: out of range, exit
10-22 13:05:29.359   544  3412 E mm-camera: <STATS_AEC ><ERROR> 2253: aec_process_calc_current_hist_metered_luma: error: out of range, exit
10-22 13:05:29.389   544  3445 E mm-camera: <STATS_AEC ><ERROR> 2253: aec_process_calc_current_hist_metered_luma: error: out of range, exit
10-22 13:05:29.432   544  3412 E mm-camera: <STATS_AEC ><ERROR> 2253: aec_process_calc_current_hist_metered_luma: error: out of range, exit
10-22 13:05:29.462   544  3445 E mm-camera: <STATS_AEC ><ERROR> 2253: aec_process_calc_current_hist_metered_luma: error: out of range, exit
10-22 13:05:29.504   544  3412 E mm-camera: <STATS_AEC ><ERROR> 2253: aec_process_calc_current_hist_metered_luma: error: out of range, exit
10-22 13:05:29.535   544  3445 E mm-camera: <STATS_AEC ><ERROR> 2253: aec_process_calc_current_hist_metered_luma: error: out of range, exit
10-22 13:05:29.577   544  3412 E mm-camera: <STATS_AEC ><ERROR> 2253: aec_process_calc_current_hist_metered_luma: error: out of range, exit
10-22 13:05:29.607   544  3445 E mm-camera: <STATS_AEC ><ERROR> 2253: aec_process_calc_current_hist_metered_luma: error: out of range, exit
10-22 13:05:29.649   544  3412 E mm-camera: <STATS_AEC ><ERROR> 2253: aec_process_calc_current_hist_metered_luma: error: out of range, exit
10-22 13:05:29.681   544  3445 E mm-camera: <STATS_AEC ><ERROR> 2253: aec_process_calc_current_hist_metered_luma: error: out of range, exit
10-22 13:05:29.721   544  3412 E mm-camera: <STATS_AEC ><ERROR> 2253: aec_process_calc_current_hist_metered_luma: error: out of range, exit
10-22 13:05:29.753   544  3445 E mm-camera: <STATS_AEC ><ERROR> 2253: aec_process_calc_current_hist_metered_luma: error: out of range, exit
10-22 13:05:29.795   544  3412 E mm-camera: <STATS_AEC ><ERROR> 2253: aec_process_calc_current_hist_metered_luma: error: out of range, exit
10-22 13:05:29.826   544  3445 E mm-camera: <STATS_AEC ><ERROR> 2253: aec_process_calc_current_hist_metered_luma: error: out of range, exit
10-22 13:05:29.868   544  3412 E mm-camera: <STATS_AEC ><ERROR> 2253: aec_process_calc_current_hist_metered_luma: error: out of range, exit
10-22 13:05:29.898   544  3445 E mm-camera: <STATS_AEC ><ERROR> 2253: aec_process_calc_current_hist_metered_luma: error: out of range, exit
10-22 13:05:29.941   544  3412 E mm-camera: <STATS_AEC ><ERROR> 2253: aec_process_calc_current_hist_metered_luma: error: out of range, exit
10-22 13:05:29.971   544  3445 E mm-camera: <STATS_AEC ><ERROR> 2253: aec_process_calc_current_hist_metered_luma: error: out of range, exit
10-22 13:05:30.012   544  3412 E mm-camera: <STATS_AEC ><ERROR> 2253: aec_process_calc_current_hist_metered_luma: error: out of range, exit
10-22 13:05:30.043   544  3445 E mm-camera: <STATS_AEC ><ERROR> 2253: aec_process_calc_current_hist_metered_luma: error: out of range, exit
10-22 13:05:30.055   564  2154 I LocSvc_ApiV02: <--- globalEventCb line 124 QMI_LOC_EVENT_GNSS_SV_INFO_IND_V02
10-22 13:05:30.055   564  2154 I LocSvc_ApiV02: <--- globalEventCb line 124 QMI_LOC_EVENT_POSITION_REPORT_IND_V02
10-22 13:05:30.056  1520  2579 I GnssLocationProvider: WakeLock acquired by sendMessage(REPORT_SV_STATUS, 0, com.android.server.location.GnssLocationProvider$SvStatusInfo@3fda176)
10-22 13:05:30.057  1520  1569 I GnssLocationProvider: WakeLock released by handleMessage(REPORT_SV_STATUS, 0, com.android.server.location.GnssLocationProvider$SvStatusInfo@3fda176)
10-22 13:05:30.058  2694  2694 I GpsHelper: ===gpsSignalStrength===0
10-22 13:05:30.058  2694  2694 D CameraRecordFragment: onMessageEvent code =2,data = 0
10-22 13:05:30.059  2694  2694 D EventManager: checkDrivingSupportAlertSettingOnOff, eventType=109 off
10-22 13:05:30.059  2694  2694 I GPSStatusManager:  gpsStatusListener GPS_EVENT_SATELLITE_STATUS.-> mGpsUsedInFix : 0
10-22 13:05:30.084   544  3412 E mm-camera: <STATS_AEC ><ERROR> 2253: aec_process_calc_current_hist_metered_luma: error: out of range, exit
10-22 13:05:30.116   544  3445 E mm-camera: <STATS_AEC ><ERROR> 2253: aec_process_calc_current_hist_metered_luma: error: out of range, exit
10-22 13:05:30.157   544  3412 E mm-camera: <STATS_AEC ><ERROR> 2253: aec_process_calc_current_hist_metered_luma: error: out of range, exit
10-22 13:05:30.189   544  3445 E mm-camera: <STATS_AEC ><ERROR> 2253: aec_process_calc_current_hist_metered_luma: error: out of range, exit
10-22 13:05:30.229   544  3412 E mm-camera: <STATS_AEC ><ERROR> 2253: aec_process_calc_current_hist_metered_luma: error: out of range, exit
10-22 13:05:30.262   544  3445 E mm-camera: <STATS_AEC ><ERROR> 2253: aec_process_calc_current_hist_metered_luma: error: out of range, exit
10-22 13:05:30.302   544  3412 E mm-camera: <STATS_AEC ><ERROR> 2253: aec_process_calc_current_hist_metered_luma: error: out of range, exit
10-22 13:05:30.334   544  3445 E mm-camera: <STATS_AEC ><ERROR> 2253: aec_process_calc_current_hist_metered_luma: error: out of range, exit
10-22 13:05:30.375   544  3412 E mm-camera: <STATS_AEC ><ERROR> 2253: aec_process_calc_current_hist_metered_luma: error: out of range, exit
10-22 13:05:30.407   544  3445 E mm-camera: <STATS_AEC ><ERROR> 2253: aec_process_calc_current_hist_metered_luma: error: out of range, exit
10-22 13:05:30.449   544  3412 E mm-camera: <STATS_AEC ><ERROR> 2253: aec_process_calc_current_hist_metered_luma: error: out of range, exit
10-22 13:05:30.479   544  3445 E mm-camera: <STATS_AEC ><ERROR> 2253: aec_process_calc_current_hist_metered_luma: error: out of range, exit
10-22 13:05:30.520   544  3412 E mm-camera: <STATS_AEC ><ERROR> 2253: aec_process_calc_current_hist_metered_luma: error: out of range, exit
10-22 13:05:30.552   544  3445 E mm-camera: <STATS_AEC ><ERROR> 2253: aec_process_calc_current_hist_metered_luma: error: out of range, exit
10-22 13:05:30.593   544  3412 E mm-camera: <STATS_AEC ><ERROR> 2253: aec_process_calc_current_hist_metered_luma: error: out of range, exit
10-22 13:05:30.624   544  3445 E mm-camera: <STATS_AEC ><ERROR> 2253: aec_process_calc_current_hist_metered_luma: error: out of range, exit
10-22 13:05:30.665   544  3412 E mm-camera: <STATS_AEC ><ERROR> 2253: aec_process_calc_current_hist_metered_luma: error: out of range, exit
10-22 13:05:30.697   544  3445 E mm-camera: <STATS_AEC ><ERROR> 2253: aec_process_calc_current_hist_metered_luma: error: out of range, exit
10-22 13:05:30.736   544  3412 E mm-camera: <STATS_AEC ><ERROR> 2253: aec_process_calc_current_hist_metered_luma: error: out of range, exit
10-22 13:05:30.770   544  3445 E mm-camera: <STATS_AEC ><ERROR> 2253: aec_process_calc_current_hist_metered_luma: error: out of range, exit
10-22 13:05:30.809   544  3412 E mm-camera: <STATS_AEC ><ERROR> 2253: aec_process_calc_current_hist_metered_luma: error: out of range, exit
10-22 13:05:30.819  2238  2893 D ---WebRTCService: isMQTTConnected=falsedevice_id=51286E66576DBDD952200BE5E9C1F59E07EEA94A
10-22 13:05:30.843   544  3445 E mm-camera: <STATS_AEC ><ERROR> 2253: aec_process_calc_current_hist_metered_luma: error: out of range, exit
10-22 13:05:30.881   544  3412 E mm-camera: <STATS_AEC ><ERROR> 2253: aec_process_calc_current_hist_metered_luma: error: out of range, exit
10-22 13:05:30.916   544  3445 E mm-camera: <STATS_AEC ><ERROR> 2253: aec_process_calc_current_hist_metered_luma: error: out of range, exit
10-22 13:05:30.954   544  3412 E mm-camera: <STATS_AEC ><ERROR> 2253: aec_process_calc_current_hist_metered_luma: error: out of range, exit
10-22 13:05:30.989   544  3445 E mm-camera: <STATS_AEC ><ERROR> 2253: aec_process_calc_current_hist_metered_luma: error: out of range, exit
10-22 13:05:31.026   544  3412 E mm-camera: <STATS_AEC ><ERROR> 2253: aec_process_calc_current_hist_metered_luma: error: out of range, exit
10-22 13:05:31.053   564  2154 I LocSvc_ApiV02: <--- globalEventCb line 124 QMI_LOC_EVENT_GNSS_SV_INFO_IND_V02
10-22 13:05:31.053   564  2154 I LocSvc_ApiV02: <--- globalEventCb line 124 QMI_LOC_EVENT_POSITION_REPORT_IND_V02
10-22 13:05:31.054  1520  1742 I GnssLocationProvider: WakeLock acquired by sendMessage(REPORT_SV_STATUS, 0, com.android.server.location.GnssLocationProvider$SvStatusInfo@173e377)
10-22 13:05:31.054  1520  1569 I GnssLocationProvider: WakeLock released by handleMessage(REPORT_SV_STATUS, 0, com.android.server.location.GnssLocationProvider$SvStatusInfo@173e377)
10-22 13:05:31.055  2694  2694 I GpsHelper: ===gpsSignalStrength===0
10-22 13:05:31.056  2694  2694 D CameraRecordFragment: onMessageEvent code =2,data = 0
10-22 13:05:31.056  2694  2694 D EventManager: checkDrivingSupportAlertSettingOnOff, eventType=109 off
10-22 13:05:31.057  2694  2694 I GPSStatusManager:  gpsStatusListener GPS_EVENT_SATELLITE_STATUS.-> mGpsUsedInFix : 0
10-22 13:05:31.061   544  3445 E mm-camera: <STATS_AEC ><ERROR> 2253: aec_process_calc_current_hist_metered_luma: error: out of range, exit
10-22 13:05:31.098   544  3412 E mm-camera: <STATS_AEC ><ERROR> 2253: aec_process_calc_current_hist_metered_luma: error: out of range, exit
10-22 13:05:31.134   544  3445 E mm-camera: <STATS_AEC ><ERROR> 2253: aec_process_calc_current_hist_metered_luma: error: out of range, exit
10-22 13:05:31.171   544  3412 E mm-camera: <STATS_AEC ><ERROR> 2253: aec_process_calc_current_hist_metered_luma: error: out of range, exit
10-22 13:05:31.206   544  3445 E mm-camera: <STATS_AEC ><ERROR> 2253: aec_process_calc_current_hist_metered_luma: error: out of range, exit
10-22 13:05:31.244   544  3412 E mm-camera: <STATS_AEC ><ERROR> 2253: aec_process_calc_current_hist_metered_luma: error: out of range, exit
10-22 13:05:31.279   544  3445 E mm-camera: <STATS_AEC ><ERROR> 2253: aec_process_calc_current_hist_metered_luma: error: out of range, exit
10-22 13:05:31.316   544  3412 E mm-camera: <STATS_AEC ><ERROR> 2253: aec_process_calc_current_hist_metered_luma: error: out of range, exit
10-22 13:05:31.352   544  3445 E mm-camera: <STATS_AEC ><ERROR> 2253: aec_process_calc_current_hist_metered_luma: error: out of range, exit
10-22 13:05:31.389   544  3412 E mm-camera: <STATS_AEC ><ERROR> 2253: aec_process_calc_current_hist_metered_luma: error: out of range, exit
10-22 13:05:31.424   544  3445 E mm-camera: <STATS_AEC ><ERROR> 2253: aec_process_calc_current_hist_metered_luma: error: out of range, exit
10-22 13:05:31.461   544  3412 E mm-camera: <STATS_AEC ><ERROR> 2253: aec_process_calc_current_hist_metered_luma: error: out of range, exit
10-22 13:05:31.498   544  3445 E mm-camera: <STATS_AEC ><ERROR> 2253: aec_process_calc_current_hist_metered_luma: error: out of range, exit
10-22 13:05:31.534   544  3412 E mm-camera: <STATS_AEC ><ERROR> 2253: aec_process_calc_current_hist_metered_luma: error: out of range, exit
10-22 13:05:31.571   544  3445 E mm-camera: <STATS_AEC ><ERROR> 2253: aec_process_calc_current_hist_metered_luma: error: out of range, exit
10-22 13:05:31.606   544  3412 E mm-camera: <STATS_AEC ><ERROR> 2253: aec_process_calc_current_hist_metered_luma: error: out of range, exit
10-22 13:05:31.642   544  3445 E mm-camera: <STATS_AEC ><ERROR> 2253: aec_process_calc_current_hist_metered_luma: error: out of range, exit
10-22 13:05:31.679   544  3412 E mm-camera: <STATS_AEC ><ERROR> 2253: aec_process_calc_current_hist_metered_luma: error: out of range, exit
10-22 13:05:31.714   544  3445 E mm-camera: <STATS_AEC ><ERROR> 2253: aec_process_calc_current_hist_metered_luma: error: out of range, exit
10-22 13:05:31.751   544  3412 E mm-camera: <STATS_AEC ><ERROR> 2253: aec_process_calc_current_hist_metered_luma: error: out of range, exit
10-22 13:05:31.787   544  3445 E mm-camera: <STATS_AEC ><ERROR> 2253: aec_process_calc_current_hist_metered_luma: error: out of range, exit
10-22 13:05:31.824   544  3412 E mm-camera: <STATS_AEC ><ERROR> 2253: aec_process_calc_current_hist_metered_luma: error: out of range, exit
10-22 13:05:31.860   544  3445 E mm-camera: <STATS_AEC ><ERROR> 2253: aec_process_calc_current_hist_metered_luma: error: out of range, exit
10-22 13:05:31.898   544  3412 E mm-camera: <STATS_AEC ><ERROR> 2253: aec_process_calc_current_hist_metered_luma: error: out of range, exit
10-22 13:05:31.933   544  3445 E mm-camera: <STATS_AEC ><ERROR> 2253: aec_process_calc_current_hist_metered_luma: error: out of range, exit
10-22 13:05:31.970   544  3412 E mm-camera: <STATS_AEC ><ERROR> 2253: aec_process_calc_current_hist_metered_luma: error: out of range, exit
10-22 13:05:32.005   544  3445 E mm-camera: <STATS_AEC ><ERROR> 2253: aec_process_calc_current_hist_metered_luma: error: out of range, exit
10-22 13:05:32.041   544  3412 E mm-camera: <STATS_AEC ><ERROR> 2253: aec_process_calc_current_hist_metered_luma: error: out of range, exit
10-22 13:05:32.053   564  2154 I LocSvc_ApiV02: <--- globalEventCb line 124 QMI_LOC_EVENT_GNSS_SV_INFO_IND_V02
10-22 13:05:32.054   564  2154 I LocSvc_ApiV02: <--- globalEventCb line 124 QMI_LOC_EVENT_POSITION_REPORT_IND_V02
10-22 13:05:32.054  1520  1742 I GnssLocationProvider: WakeLock acquired by sendMessage(REPORT_SV_STATUS, 0, com.android.server.location.GnssLocationProvider$SvStatusInfo@2b04be4)
10-22 13:05:32.055  1520  1569 I GnssLocationProvider: WakeLock released by handleMessage(REPORT_SV_STATUS, 0, com.android.server.location.GnssLocationProvider$SvStatusInfo@2b04be4)
10-22 13:05:32.057  2694  2694 I GpsHelper: ===gpsSignalStrength===0
10-22 13:05:32.057  2694  2694 D CameraRecordFragment: onMessageEvent code =2,data = 0
10-22 13:05:32.058  2694  2694 D EventManager: checkDrivingSupportAlertSettingOnOff, eventType=109 off
10-22 13:05:32.060  2694  2694 I GPSStatusManager:  gpsStatusListener GPS_EVENT_SATELLITE_STATUS.-> mGpsUsedInFix : 0
10-22 13:05:32.078   544  3445 E mm-camera: <STATS_AEC ><ERROR> 2253: aec_process_calc_current_hist_metered_luma: error: out of range, exit
10-22 13:05:32.113   544  3412 E mm-camera: <STATS_AEC ><ERROR> 2253: aec_process_calc_current_hist_metered_luma: error: out of range, exit
10-22 13:05:32.151   544  3445 E mm-camera: <STATS_AEC ><ERROR> 2253: aec_process_calc_current_hist_metered_luma: error: out of range, exit
10-22 13:05:32.186   544  3412 E mm-camera: <STATS_AEC ><ERROR> 2253: aec_process_calc_current_hist_metered_luma: error: out of range, exit
10-22 13:05:32.224   544  3445 E mm-camera: <STATS_AEC ><ERROR> 2253: aec_process_calc_current_hist_metered_luma: error: out of range, exit
10-22 13:05:32.259   544  3412 E mm-camera: <STATS_AEC ><ERROR> 2253: aec_process_calc_current_hist_metered_luma: error: out of range, exit
10-22 13:05:32.297   544  3445 E mm-camera: <STATS_AEC ><ERROR> 2253: aec_process_calc_current_hist_metered_luma: error: out of range, exit
10-22 13:05:32.331   544  3412 E mm-camera: <STATS_AEC ><ERROR> 2253: aec_process_calc_current_hist_metered_luma: error: out of range, exit
10-22 13:05:32.369   544  3445 E mm-camera: <STATS_AEC ><ERROR> 2253: aec_process_calc_current_hist_metered_luma: error: out of range, exit
10-22 13:05:32.404   544  3412 E mm-camera: <STATS_AEC ><ERROR> 2253: aec_process_calc_current_hist_metered_luma: error: out of range, exit
10-22 13:05:32.442   544  3445 E mm-camera: <STATS_AEC ><ERROR> 2253: aec_process_calc_current_hist_metered_luma: error: out of range, exit
10-22 13:05:32.476   544  3412 E mm-camera: <STATS_AEC ><ERROR> 2253: aec_process_calc_current_hist_metered_luma: error: out of range, exit
10-22 13:05:32.514   544  3445 E mm-camera: <STATS_AEC ><ERROR> 2253: aec_process_calc_current_hist_metered_luma: error: out of range, exit
10-22 13:05:32.549   544  3412 E mm-camera: <STATS_AEC ><ERROR> 2253: aec_process_calc_current_hist_metered_luma: error: out of range, exit
10-22 13:05:32.588   544  3445 E mm-camera: <STATS_AEC ><ERROR> 2253: aec_process_calc_current_hist_metered_luma: error: out of range, exit
10-22 13:05:32.622   544  3412 E mm-camera: <STATS_AEC ><ERROR> 2253: aec_process_calc_current_hist_metered_luma: error: out of range, exit
10-22 13:05:32.660   544  3445 E mm-camera: <STATS_AEC ><ERROR> 2253: aec_process_calc_current_hist_metered_luma: error: out of range, exit
10-22 13:05:32.694   544  3412 E mm-camera: <STATS_AEC ><ERROR> 2253: aec_process_calc_current_hist_metered_luma: error: out of range, exit
10-22 13:05:32.726  2814  3657 D Communication:CloudAidlService$MyBinder.getData(Line:303): type==SummaryForDevice,userId==test
10-22 13:05:32.726  2814  3657 D Communication:LTEManager.getSummaryForDevice(Line:35): getSummaryForDevice
10-22 13:05:32.726  2814  3657 D Communication:TrafficStatisticManager.getSummaryForDevice(Line:47): getSummaryForDevice...
10-22 13:05:32.727  2814  3657 D Communication:TrafficStatisticManager.getSummaryForDevice(Line:49): resetTime==0
10-22 13:05:32.727  2814  3657 D Communication:TrafficStatisticManager.getUsageSummary(Line:58): getUsageSummary: startTime: 0, endTime: 1571749532727
10-22 13:05:32.733   544  3445 E mm-camera: <STATS_AEC ><ERROR> 2253: aec_process_calc_current_hist_metered_luma: error: out of range, exit
10-22 13:05:32.735  1520  1800 W BestClock: java.time.DateTimeException: Missing NTP fix
10-22 13:05:32.752  1520  1800 W BestClock: java.time.DateTimeException: Missing NTP fix
10-22 13:05:32.755  1520  1765 W BestClock: java.time.DateTimeException: Missing NTP fix
10-22 13:05:32.755  2184  2210 E PhoneInterfaceManager: [PhoneIntfMgr] checkCarrierPrivilegesForPackage: No UICC
10-22 13:05:32.759  2814  3657 D Communication:TrafficStatisticManager.getUsageSummary(Line:74): getUsageSummary: totalBytes: 0, summary: 0.00B
10-22 13:05:32.759  2814  3657 D Communication:TrafficStatisticManager.getUsageSummary(Line:81): getSummaryForDevice: summary=0.00B
10-22 13:05:32.759  2814  3657 D Communication:TrafficStatisticManager.getSummaryForDevice(Line:52): summaryTotal==0.00B
10-22 13:05:32.760  2814  2867 D Communication:CloudAidlService$MyBinder.getData(Line:303): type==CpuTemp,userId==test
10-22 13:05:32.760  2814  2867 D Communication:CloudAidlService$MyBinder.getCpuTemp(Line:470): getCpuTemp
10-22 13:05:32.763  2814  2867 D Communication:CloudAidlService$MyBinder.getCpuTemp(Line:474): CpuTemp==52500
10-22 13:05:32.764  2814  3657 D Communication:CloudAidlService$MyBinder.getData(Line:303): type==Latitude,userId==test
10-22 13:05:32.764  2814  3657 D Communication:CloudAidlService$MyBinder.getLatitude(Line:430): getLatitude
10-22 13:05:32.765  2814  3657 D Communication:DeviceReportManager.getInstance(Line:26): getInstance...
10-22 13:05:32.765  2814  3657 D Communication:DeviceReportManager.getLatitude(Line:96): getLatitude
10-22 13:05:32.765  2694  3867 D DeviceReportService: getGpsLatitude...
10-22 13:05:32.766  2694  3867 D DeviceReportService: loc==null
10-22 13:05:32.766  2694  3867 E DeviceReportService: location is null and 0 will be return
10-22 13:05:32.767   544  3412 E mm-camera: <STATS_AEC ><ERROR> 2253: aec_process_calc_current_hist_metered_luma: error: out of range, exit
10-22 13:05:32.768  2814  2867 D Communication:CloudAidlService$MyBinder.getData(Line:303): type==Altitude,userId==test
10-22 13:05:32.768  2814  2867 D Communication:CloudAidlService$MyBinder.getAltitude(Line:440): getAltitude
10-22 13:05:32.768  2814  2867 D Communication:DeviceReportManager.getInstance(Line:26): getInstance...
10-22 13:05:32.769  2814  2867 D Communication:DeviceReportManager.getAltitude(Line:115): getAltitude
10-22 13:05:32.770  2694  2887 D DeviceReportService: getGpsAltitude...
10-22 13:05:32.770  2694  2887 D DeviceReportService: loc==null
10-22 13:05:32.770  2694  2887 E DeviceReportService: location is null and 0 will be return
10-22 13:05:32.772  2814  3657 D Communication:CloudAidlService$MyBinder.getData(Line:303): type==Longitude,userId==test
10-22 13:05:32.772  2814  3657 D Communication:CloudAidlService$MyBinder.getLongitude(Line:420): getLongitude
10-22 13:05:32.772  2814  3657 D Communication:DeviceReportManager.getInstance(Line:26): getInstance...
10-22 13:05:32.773  2814  3657 D Communication:DeviceReportManager.getLongitude(Line:77): getLongitude
10-22 13:05:32.773  2694  2887 D DeviceReportService: getGpsLongitude...
10-22 13:05:32.773  2694  2887 D DeviceReportService: loc==null
10-22 13:05:32.773  2694  2887 E DeviceReportService: location is null and 0 will be return
10-22 13:05:32.775  2814  2867 D Communication:CloudAidlService$MyBinder.getData(Line:303): type==Speed,userId==test
10-22 13:05:32.775  2814  2867 D Communication:CloudAidlService$MyBinder.getSpeed(Line:450): getSpeed
10-22 13:05:32.776  2814  2867 D Communication:DeviceReportManager.getInstance(Line:26): getInstance...
10-22 13:05:32.776  2814  2867 D Communication:DeviceReportManager.getSpeed(Line:134): getSpeed
10-22 13:05:32.778  2814  2867 D Communication:CloudAidlService$MyBinder.getData(Line:303): type==GpsUsedInFix,userId==test
10-22 13:05:32.778  2814  2867 D Communication:CloudAidlService$MyBinder.getGpsUsedInFix(Line:460): getGpsUsedInFix
10-22 13:05:32.778  2814  2867 D Communication:DeviceReportManager.getInstance(Line:26): getInstance...
10-22 13:05:32.779  2814  2867 D Communication:DeviceReportManager.getGpsSatellites(Line:153): getGpsSatellites
10-22 13:05:32.779  2694  3699 D DeviceReportService: getGpsSatellites...
10-22 13:05:32.779  2694  3699 D DeviceReportService: gpsStatusList.size ==17
10-22 13:05:32.780  2814  3657 D Communication:CloudAidlService$MyBinder.getData(Line:303): type==WifiSw,userId==test
10-22 13:05:32.781  2814  3657 D Communication:WifiStatusManager.getWifiSw(Line:140): userId==test
10-22 13:05:32.782  2814  2847 D Communication:CloudAidlService$MyBinder.getData(Line:303): type==HotsoptSw,userId==test
10-22 13:05:32.782  2814  2847 D Communication:CloudAidlService$MyBinder.getHotspotSw(Line:666): userId==test
10-22 13:05:32.785  2814  2847 D Communication:CloudAidlService$MyBinder.getData(Line:303): type==HotsoptINFO,userId==test
10-22 13:05:32.785  2814  2847 D Communication:CloudAidlService$MyBinder.getHotspotInfo(Line:621): userId==test
10-22 13:05:32.786  1520  3669 I WifiService: getWifiApConfiguration uid=1000
10-22 13:05:32.788  2814  2847 D Communication:CloudAidlService$MyBinder.getHotspotInfo(Line:634): encrypted ,result is {"ssid":"NTTBP_DVR","hiddenSSID":"0","password":"b715effb7b6a","encrypt":"WPA2_PSK"}
10-22 13:05:32.806   544  3445 E mm-camera: <STATS_AEC ><ERROR> 2253: aec_process_calc_current_hist_metered_luma: error: out of range, exit
10-22 13:05:32.840   544  3412 E mm-camera: <STATS_AEC ><ERROR> 2253: aec_process_calc_current_hist_metered_luma: error: out of range, exit
10-22 13:05:32.880   544  3445 E mm-camera: <STATS_AEC ><ERROR> 2253: aec_process_calc_current_hist_metered_luma: error: out of range, exit
10-22 13:05:32.911   544  3412 E mm-camera: <STATS_AEC ><ERROR> 2253: aec_process_calc_current_hist_metered_luma: error: out of range, exit
10-22 13:05:32.950   544  3445 E mm-camera: <STATS_AEC ><ERROR> 2253: aec_process_calc_current_hist_metered_luma: error: out of range, exit
10-22 13:05:32.984   544  3412 E mm-camera: <STATS_AEC ><ERROR> 2253: aec_process_calc_current_hist_metered_luma: error: out of range, exit
10-22 13:05:33.023   544  3445 E mm-camera: <STATS_AEC ><ERROR> 2253: aec_process_calc_current_hist_metered_luma: error: out of range, exit
10-22 13:05:33.053   564  2154 I LocSvc_ApiV02: <--- globalEventCb line 124 QMI_LOC_EVENT_GNSS_SV_INFO_IND_V02
10-22 13:05:33.053   564  2154 I LocSvc_ApiV02: <--- globalEventCb line 124 QMI_LOC_EVENT_POSITION_REPORT_IND_V02
10-22 13:05:33.054  1520  1742 I GnssLocationProvider: WakeLock acquired by sendMessage(REPORT_SV_STATUS, 0, com.android.server.location.GnssLocationProvider$SvStatusInfo@287f84d)
10-22 13:05:33.055  1520  1569 I GnssLocationProvider: WakeLock released by handleMessage(REPORT_SV_STATUS, 0, com.android.server.location.GnssLocationProvider$SvStatusInfo@287f84d)
10-22 13:05:33.057   544  3412 E mm-camera: <STATS_AEC ><ERROR> 2253: aec_process_calc_current_hist_metered_luma: error: out of range, exit
10-22 13:05:33.057  2694  2694 I GpsHelper: ===gpsSignalStrength===0
10-22 13:05:33.058  2694  2694 D CameraRecordFragment: onMessageEvent code =2,data = 0
10-22 13:05:33.058  2694  2694 D EventManager: checkDrivingSupportAlertSettingOnOff, eventType=109 off
10-22 13:05:33.059  2694  2694 I GPSStatusManager:  gpsStatusListener GPS_EVENT_SATELLITE_STATUS.-> mGpsUsedInFix : 0
10-22 13:05:33.092  2814  2847 D Communication:CloudAidlService$MyBinder.getData(Line:303): type==DefaultVideoDuration,userId==test123
10-22 13:05:33.092  2814  2847 D Communication:CloudAidlService$MyBinder.getDefaultVideoDuration(Line:532): userId==test123
10-22 13:05:33.093  2814  2847 D Communication:CloudAidlService$MyBinder.getDefaultVideoDuration(Line:534): defaultVideoDuration==60
10-22 13:05:33.094  2814  2847 D Communication:CloudAidlService$MyBinder.getData(Line:303): type==EventDuration,userId==test
10-22 13:05:33.095  2814  2847 D Communication:CloudAidlService$MyBinder.getEventDuration(Line:681): userId==test
10-22 13:05:33.095  2814  2847 D Communication:CloudAidlService$MyBinder.getEventDuration(Line:683): eventDuration==10/5
10-22 13:05:33.095   544  3445 E mm-camera: <STATS_AEC ><ERROR> 2253: aec_process_calc_current_hist_metered_luma: error: out of range, exit
10-22 13:05:33.097  2814  2867 D Communication:CloudAidlService$MyBinder.getData(Line:303): type==EventPictureNumber,userId==test
10-22 13:05:33.097  2814  2867 D Communication:CloudAidlService$MyBinder.getEventPictureNum(Line:696): userId==test
10-22 13:05:33.098  2814  2867 D Communication:CloudAidlService$MyBinder.getEventPictureNum(Line:698): eventPictureNum==4
10-22 13:05:33.099  2814  2867 D Communication:CloudAidlService$MyBinder.getData(Line:303): type==EventPictureSeconds,userId==test
10-22 13:05:33.100  2814  2867 D Communication:CloudAidlService$MyBinder.getEventPictureSeconds(Line:711): userId==test
10-22 13:05:33.100  2814  2867 D Communication:CloudAidlService$MyBinder.getEventPictureSeconds(Line:713): eventPictureSeconds==0,5,10,15
10-22 13:05:33.101  2814  2847 D Communication:CloudAidlService$MyBinder.getData(Line:303): type==AccelerationData,userId==test123
10-22 13:05:33.102  2814  2847 D Communication:EventManager.getAccelerationData(Line:170): userId==test123
10-22 13:05:33.103  2814  2847 D Communication:EventManager.getAccelerationData(Line:172): accelerationData==-0.2
10-22 13:05:33.104  2814  2847 D Communication:CloudAidlService$MyBinder.getData(Line:303): type==DecelerationData,userId==test123
10-22 13:05:33.105  2814  2847 D Communication:EventManager.getDecelerationData(Line:185): userId==test123
10-22 13:05:33.105  2814  2847 D Communication:EventManager.getDecelerationData(Line:187): decelerationData==0.2
10-22 13:05:33.108  2814  2847 D Communication:CloudAidlService$MyBinder.getData(Line:303): type==AcceleratedEventInfo,userId==test123
10-22 13:05:33.108  2814  2847 D Communication:EventManager.getAcceleratedEventInfo(Line:235): userid==test123
10-22 13:05:33.108  2814  2847 D Communication:EventManager.getAcceleratedEventInfo(Line:251): result is {"dataLimit":-0.3050000071525574,"switchStatus":0,"recoderStatus":0,"alertStatus":1,"uploadStatus":0}
10-22 13:05:33.111  2814  2867 D Communication:CloudAidlService$MyBinder.getData(Line:303): type==EmergencyStopInfo,userId==test123
10-22 13:05:33.111  2814  2867 D Communication:EventManager.getEmergencyStopInfo(Line:312): userid==test123
10-22 13:05:33.112  2814  2867 D Communication:EventManager.getEmergencyStopInfo(Line:328): result is {"dataLimit":1,"switchStatus":0,"recoderStatus":0,"alertStatus":1,"uploadStatus":0}
10-22 13:05:33.114  2814  2847 D Communication:CloudAidlService$MyBinder.getData(Line:303): type==SmallCrashInfo,userId==test123
10-22 13:05:33.114  2814  2847 D Communication:EventManager.getSmallCrashInfo(Line:348): userid==test123
10-22 13:05:33.115  2814  2847 D Communication:EventManager.getSmallCrashInfo(Line:364): result is {"dataLimit":2,"switchStatus":0,"recoderStatus":0,"alertStatus":1,"uploadStatus":0}
10-22 13:05:33.116  2814  2847 D Communication:CloudAidlService$MyBinder.getData(Line:303): type==MiddleCrashInfo,userId==test123
10-22 13:05:33.117  2814  2847 D Communication:EventManager.getMiddleCrashInfo(Line:425): userid==test123
10-22 13:05:33.117  2814  2847 D Communication:EventManager.getMiddleCrashInfo(Line:441): result is {"dataLimit":3,"switchStatus":1,"recoderStatus":1,"alertStatus":1,"uploadStatus":1}
10-22 13:05:33.119  2814  2847 D Communication:CloudAidlService$MyBinder.getData(Line:303): type==BigCrashInfo,userId==test123
10-22 13:05:33.119  2814  2847 D Communication:EventManager.getBigCrashInfo(Line:513): userid==test123
10-22 13:05:33.119  2814  2847 D Communication:EventManager.getBigCrashInfo(Line:529): result is {"dataLimit":5,"switchStatus":1,"recoderStatus":1,"alertStatus":1,"uploadStatus":1}
10-22 13:05:33.120  2814  2847 D Communication:CloudAidlService$MyBinder.getData(Line:303): type==LowSpeedTurnInfo,userId==test123
10-22 13:05:33.121  2814  2847 D Communication:EventManager.getLowSpeedTurnInfo(Line:534): userid==test123
10-22 13:05:33.121  2814  2847 D Communication:EventManager.getLowSpeedTurnInfo(Line:550): result is {"dataLimit":1.25,"switchStatus":0,"recoderStatus":0,"alertStatus":1,"uploadStatus":0}
10-22 13:05:33.129   544  3412 E mm-camera: <STATS_AEC ><ERROR> 2253: aec_process_calc_current_hist_metered_luma: error: out of range, exit
10-22 13:05:33.169   544  3445 E mm-camera: <STATS_AEC ><ERROR> 2253: aec_process_calc_current_hist_metered_luma: error: out of range, exit
10-22 13:05:33.201   544  3412 E mm-camera: <STATS_AEC ><ERROR> 2253: aec_process_calc_current_hist_metered_luma: error: out of range, exit
10-22 13:05:33.242   544  3445 E mm-camera: <STATS_AEC ><ERROR> 2253: aec_process_calc_current_hist_metered_luma: error: out of range, exit
10-22 13:05:33.273   544  3412 E mm-camera: <STATS_AEC ><ERROR> 2253: aec_process_calc_current_hist_metered_luma: error: out of range, exit
10-22 13:05:33.313   544  3445 E mm-camera: <STATS_AEC ><ERROR> 2253: aec_process_calc_current_hist_metered_luma: error: out of range, exit
10-22 13:05:33.346   544  3412 E mm-camera: <STATS_AEC ><ERROR> 2253: aec_process_calc_current_hist_metered_luma: error: out of range, exit
10-22 13:05:33.387   544  3445 E mm-camera: <STATS_AEC ><ERROR> 2253: aec_process_calc_current_hist_metered_luma: error: out of range, exit
10-22 13:05:33.419   544  3412 E mm-camera: <STATS_AEC ><ERROR> 2253: aec_process_calc_current_hist_metered_luma: error: out of range, exit
10-22 13:05:33.460   544  3445 E mm-camera: <STATS_AEC ><ERROR> 2253: aec_process_calc_current_hist_metered_luma: error: out of range, exit
10-22 13:05:33.491   544  3412 E mm-camera: <STATS_AEC ><ERROR> 2253: aec_process_calc_current_hist_metered_luma: error: out of range, exit
10-22 13:05:33.533   544  3445 E mm-camera: <STATS_AEC ><ERROR> 2253: aec_process_calc_current_hist_metered_luma: error: out of range, exit
10-22 13:05:33.564   544  3412 E mm-camera: <STATS_AEC ><ERROR> 2253: aec_process_calc_current_hist_metered_luma: error: out of range, exit
10-22 13:05:33.604   544  3445 E mm-camera: <STATS_AEC ><ERROR> 2253: aec_process_calc_current_hist_metered_luma: error: out of range, exit
10-22 13:05:33.636   544  3412 E mm-camera: <STATS_AEC ><ERROR> 2253: aec_process_calc_current_hist_metered_luma: error: out of range, exit
10-22 13:05:33.678   544  3445 E mm-camera: <STATS_AEC ><ERROR> 2253: aec_process_calc_current_hist_metered_luma: error: out of range, exit
10-22 13:05:33.709   544  3412 E mm-camera: <STATS_AEC ><ERROR> 2253: aec_process_calc_current_hist_metered_luma: error: out of range, exit
10-22 13:05:33.750   544  3445 E mm-camera: <STATS_AEC ><ERROR> 2253: aec_process_calc_current_hist_metered_luma: error: out of range, exit
10-22 13:05:33.781   544  3412 E mm-camera: <STATS_AEC ><ERROR> 2253: aec_process_calc_current_hist_metered_luma: error: out of range, exit
10-22 13:05:33.822   544  3445 E mm-camera: <STATS_AEC ><ERROR> 2253: aec_process_calc_current_hist_metered_luma: error: out of range, exit
10-22 13:05:33.854   544  3412 E mm-camera: <STATS_AEC ><ERROR> 2253: aec_process_calc_current_hist_metered_luma: error: out of range, exit
10-22 13:05:33.896   544  3445 E mm-camera: <STATS_AEC ><ERROR> 2253: aec_process_calc_current_hist_metered_luma: error: out of range, exit
10-22 13:05:33.926   544  3412 E mm-camera: <STATS_AEC ><ERROR> 2253: aec_process_calc_current_hist_metered_luma: error: out of range, exit
10-22 13:05:33.968   544  3445 E mm-camera: <STATS_AEC ><ERROR> 2253: aec_process_calc_current_hist_metered_luma: error: out of range, exit
10-22 13:05:33.998   544  3412 E mm-camera: <STATS_AEC ><ERROR> 2253: aec_process_calc_current_hist_metered_luma: error: out of range, exit
10-22 13:05:34.042   544  3445 E mm-camera: <STATS_AEC ><ERROR> 2253: aec_process_calc_current_hist_metered_luma: error: out of range, exit
10-22 13:05:34.054   564  2154 I LocSvc_ApiV02: <--- globalEventCb line 124 QMI_LOC_EVENT_GNSS_SV_INFO_IND_V02
10-22 13:05:34.054   564  2154 I LocSvc_ApiV02: <--- globalEventCb line 124 QMI_LOC_EVENT_POSITION_REPORT_IND_V02
10-22 13:05:34.055  1520  1742 I GnssLocationProvider: WakeLock acquired by sendMessage(REPORT_SV_STATUS, 0, com.android.server.location.GnssLocationProvider$SvStatusInfo@a1a5f02)
10-22 13:05:34.056  1520  1569 I GnssLocationProvider: WakeLock released by handleMessage(REPORT_SV_STATUS, 0, com.android.server.location.GnssLocationProvider$SvStatusInfo@a1a5f02)
10-22 13:05:34.058  2694  2694 I GpsHelper: ===gpsSignalStrength===0
10-22 13:05:34.058  2694  2694 D CameraRecordFragment: onMessageEvent code =2,data = 0
